Archive member included to satisfy reference by file (symbol)

.\ARM_GCC_541\Debug\NotePerfect.a(ADC.o)
                              .\ARM_GCC_541\Debug\main.o (ADC_Start)
.\ARM_GCC_541\Debug\NotePerfect.a(ADC_INT.o)
                              .\ARM_GCC_541\Debug\NotePerfect.a(ADC.o) (ADC_ISR1)
.\ARM_GCC_541\Debug\NotePerfect.a(LCD.o)
                              .\ARM_GCC_541\Debug\main.o (LCD_Start)
.\ARM_GCC_541\Debug\NotePerfect.a(ADC_AMux.o)
                              .\ARM_GCC_541\Debug\NotePerfect.a(ADC.o) (ADC_AMux_Select)
.\ARM_GCC_541\Debug\NotePerfect.a(ADC_Ext_CP_Clk.o)
                              .\ARM_GCC_541\Debug\NotePerfect.a(ADC.o) (ADC_Ext_CP_Clk_SetDividerRegister)
.\ARM_GCC_541\Debug\NotePerfect.a(ADC_theACLK.o)
                              .\ARM_GCC_541\Debug\NotePerfect.a(ADC.o) (ADC_theACLK_SetDividerRegister)
.\ARM_GCC_541\Debug\NotePerfect.a(CyLib.o)
                              .\ARM_GCC_541\Debug\Cm3Start.o (CyResetStatus)
.\ARM_GCC_541\Debug\NotePerfect.a(cyPm.o)
                              .\ARM_GCC_541\Debug\NotePerfect.a(CyLib.o) (CyPmReadStatus)
.\ARM_GCC_541\Debug\NotePerfect.a(VDAC.o)
                              .\ARM_GCC_541\Debug\main.o (VDAC_Start)
.\ARM_GCC_541\Debug\NotePerfect.a(Opamp.o)
                              .\ARM_GCC_541\Debug\main.o (Opamp_Start)
.\ARM_GCC_541\Debug\NotePerfect.a(PWM.o)
                              .\ARM_GCC_541\Debug\main.o (PWM_Start)
.\ARM_GCC_541\Debug\NotePerfect.a(CyBootAsmGnu.o)
                              .\ARM_GCC_541\Debug\cyfitter_cfg.o (CyDelayCycles)
.\ARM_GCC_541\Debug\NotePerfect.a(CyFlash.o)
                              .\ARM_GCC_541\Debug\NotePerfect.a(cyPm.o) (CyFlash_SetWaitCycles)
.\ARM_GCC_541\Debug\NotePerfect.a(CySpc.o)
                              .\ARM_GCC_541\Debug\NotePerfect.a(CyFlash.o) (CySpcStart)
c:/program files (x86)/cypress/psoc creator/4.2/psoc creator/import/gnu/arm/5.4.1/bin/../lib/gcc/arm-none-eabi/5.4.1/armv7-m\libgcc.a(_arm_addsubdf3.o)
                              .\ARM_GCC_541\Debug\NotePerfect.a(ADC.o) (__aeabi_f2d)
c:/program files (x86)/cypress/psoc creator/4.2/psoc creator/import/gnu/arm/5.4.1/bin/../lib/gcc/arm-none-eabi/5.4.1/armv7-m\libgcc.a(_arm_cmpdf2.o)
                              .\ARM_GCC_541\Debug\NotePerfect.a(ADC.o) (__aeabi_dcmpgt)
c:/program files (x86)/cypress/psoc creator/4.2/psoc creator/import/gnu/arm/5.4.1/bin/../lib/gcc/arm-none-eabi/5.4.1/armv7-m\libgcc.a(_arm_addsubsf3.o)
                              .\ARM_GCC_541\Debug\NotePerfect.a(ADC.o) (__aeabi_ui2f)
c:/program files (x86)/cypress/psoc creator/4.2/psoc creator/import/gnu/arm/5.4.1/bin/../lib/gcc/arm-none-eabi/5.4.1/armv7-m\libgcc.a(_arm_muldivsf3.o)
                              .\ARM_GCC_541\Debug\NotePerfect.a(ADC.o) (__aeabi_fmul)
c:/program files (x86)/cypress/psoc creator/4.2/psoc creator/import/gnu/arm/5.4.1/bin/../lib/gcc/arm-none-eabi/5.4.1/armv7-m\libgcc.a(_arm_fixunssfsi.o)
                              .\ARM_GCC_541\Debug\NotePerfect.a(ADC.o) (__aeabi_f2uiz)
c:/program files (x86)/cypress/psoc creator/4.2/psoc creator/import/gnu/arm/5.4.1/bin/../lib/gcc/arm-none-eabi/5.4.1/../../../../arm-none-eabi/lib/armv7-m\libg_nano.a(lib_a-errno.o)
                              .\ARM_GCC_541\Debug\Cm3Start.o (__errno)
c:/program files (x86)/cypress/psoc creator/4.2/psoc creator/import/gnu/arm/5.4.1/bin/../lib/gcc/arm-none-eabi/5.4.1/../../../../arm-none-eabi/lib/armv7-m\libg_nano.a(lib_a-exit.o)
                              c:/program files (x86)/cypress/psoc creator/4.2/psoc creator/import/gnu/arm/5.4.1/bin/../lib/gcc/arm-none-eabi/5.4.1/../../../../arm-none-eabi/lib/armv7-m/crt0.o (exit)
c:/program files (x86)/cypress/psoc creator/4.2/psoc creator/import/gnu/arm/5.4.1/bin/../lib/gcc/arm-none-eabi/5.4.1/../../../../arm-none-eabi/lib/armv7-m\libg_nano.a(lib_a-impure.o)
                              c:/program files (x86)/cypress/psoc creator/4.2/psoc creator/import/gnu/arm/5.4.1/bin/../lib/gcc/arm-none-eabi/5.4.1/../../../../arm-none-eabi/lib/armv7-m\libg_nano.a(lib_a-exit.o) (_global_impure_ptr)
c:/program files (x86)/cypress/psoc creator/4.2/psoc creator/import/gnu/arm/5.4.1/bin/../lib/gcc/arm-none-eabi/5.4.1/../../../../arm-none-eabi/lib/armv7-m\libg_nano.a(lib_a-init.o)
                              c:/program files (x86)/cypress/psoc creator/4.2/psoc creator/import/gnu/arm/5.4.1/bin/../lib/gcc/arm-none-eabi/5.4.1/../../../../arm-none-eabi/lib/armv7-m/crt0.o (__libc_init_array)
c:/program files (x86)/cypress/psoc creator/4.2/psoc creator/import/gnu/arm/5.4.1/bin/../lib/gcc/arm-none-eabi/5.4.1/../../../../arm-none-eabi/lib/armv7-m\libg_nano.a(lib_a-memcpy-stub.o)
                              .\ARM_GCC_541\Debug\cyfitter_cfg.o (memcpy)
c:/program files (x86)/cypress/psoc creator/4.2/psoc creator/import/gnu/arm/5.4.1/bin/../lib/gcc/arm-none-eabi/5.4.1/../../../../arm-none-eabi/lib/armv7-m\libg_nano.a(lib_a-memset.o)
[...]
Memory Configuration

Name             Origin             Length             Attributes
rom              0x00000000         0x00040000         xr
ram              0x1fff8000         0x00010000         xrw
*default*        0x00000000         0xffffffff

Linker script and memory map

LOAD c:/program files (x86)/cypress/psoc creator/4.2/psoc creator/import/gnu/arm/5.4.1/bin/../lib/gcc/arm-none-eabi/5.4.1/armv7-m/crti.o
LOAD c:/program files (x86)/cypress/psoc creator/4.2/psoc creator/import/gnu/arm/5.4.1/bin/../lib/gcc/arm-none-eabi/5.4.1/armv7-m/crtbegin.o
LOAD c:/program files (x86)/cypress/psoc creator/4.2/psoc creator/import/gnu/arm/5.4.1/bin/../lib/gcc/arm-none-eabi/5.4.1/../../../../arm-none-eabi/lib/armv7-m/crt0.o
START GROUP
LOAD .\ARM_GCC_541\Debug\main.o
LOAD .\ARM_GCC_541\Debug\cyfitter_cfg.o
LOAD .\ARM_GCC_541\Debug\cymetadata.o
LOAD .\ARM_GCC_541\Debug\Cm3Start.o
LOAD .\ARM_GCC_541\Debug\NotePerfect.a
LOAD C:\Program Files (x86)\Cypress\PSoC Creator\4.2\PSoC Creator\psoc\content\cycomponentlibrary\CyComponentLibrary.cylib\CortexM3\ARM_GCC_541\Debug\CyComponentLibrary.a
END GROUP
START GROUP
LOAD c:/program files (x86)/cypress/psoc creator/4.2/psoc creator/import/gnu/arm/5.4.1/bin/../lib/gcc/arm-none-eabi/5.4.1/armv7-m\libgcc.a
LOAD c:/program files (x86)/cypress/psoc creator/4.2/psoc creator/import/gnu/arm/5.4.1/bin/../lib/gcc/arm-none-eabi/5.4.1/../../../../arm-none-eabi/lib/armv7-m\libg_nano.a
LOAD c:/program files (x86)/cypress/psoc creator/4.2/psoc creator/import/gnu/arm/5.4.1/bin/../lib/gcc/arm-none-eabi/5.4.1/../../../../arm-none-eabi/lib/armv7-m\libc_nano.a
END GROUP
START GROUP
LOAD c:/program files (x86)/cypress/psoc creator/4.2/psoc creator/import/gnu/arm/5.4.1/bin/../lib/gcc/arm-none-eabi/5.4.1/armv7-m\libgcc.a
LOAD c:/program files (x86)/cypress/psoc creator/4.2/psoc creator/import/gnu/arm/5.4.1/bin/../lib/gcc/arm-none-eabi/5.4.1/../../../../arm-none-eabi/lib/armv7-m\libc_nano.a
END GROUP
LOAD c:/program files (x86)/cypress/psoc creator/4.2/psoc creator/import/gnu/arm/5.4.1/bin/../lib/gcc/arm-none-eabi/5.4.1/armv7-m/crtend.o
LOAD c:/program files (x86)/cypress/psoc creator/4.2/psoc creator/import/gnu/arm/5.4.1/bin/../lib/gcc/arm-none-eabi/5.4.1/armv7-m/crtn.o
START GROUP
LOAD c:/program files (x86)/cypress/psoc creator/4.2/psoc creator/import/gnu/arm/5.4.1/bin/../lib/gcc/arm-none-eabi/5.4.1/armv7-m\libgcc.a
LOAD c:/program files (x86)/cypress/psoc creator/4.2/psoc creator/import/gnu/arm/5.4.1/bin/../lib/gcc/arm-none-eabi/5.4.1/../../../../arm-none-eabi/lib/armv7-m\libc.a
LOAD c:/program files (x86)/cypress/psoc creator/4.2/psoc creator/import/gnu/arm/5.4.1/bin/../lib/gcc/arm-none-eabi/5.4.1/../../../../arm-none-eabi/lib/armv7-m\libnosys.a
END GROUP
                0x00000000                CY_APPL_ORIGIN = 0x0
                0x00000100                CY_FLASH_ROW_SIZE = 0x100
                0x00000020                CY_ECC_ROW_SIZE = 0x20
                0x00000000                CY_EE_IN_BTLDR = 0x0
                0x00000000                CY_APPL_LOADABLE = 0x0
                0x00000800                CY_EE_SIZE = 0x800
                0x00000001                CY_APPL_NUM = 0x1
                0x00000001                CY_APPL_MAX = 0x1
                0x00000040                CY_METADATA_SIZE = 0x40
                0x00000000                CY_APPL_LOADABLE = 0x0
                0x00000000                CY_CHECKSUM_EXCLUDE_SIZE = ALIGN (0x0, CY_FLASH_ROW_SIZE)
                [!provide]                PROVIDE (__cy_heap_start, _end)
                0x00000001                PROVIDE (__cy_region_num, ((__cy_regions_end - __cy_regions) / 0x10))
                0x20008000                PROVIDE (__cy_stack, (ORIGIN (ram) + LENGTH (ram)))
                [!provide]                PROVIDE (__cy_heap_end, (__cy_stack - 0x4000))

.cybootloader   0x00000000        0x0
 *(.cybootloader)
                0x00000000                appl1_start = CY_APPL_ORIGIN?CY_APPL_ORIGIN:ALIGN (CY_FLASH_ROW_SIZE)
                0x0001ff00                appl2_start = (appl1_start + ALIGN ((((LENGTH (rom) - appl1_start) - (0x2 * CY_FLASH_ROW_SIZE)) / 0x2), CY_FLASH_ROW_SIZE))
                0x00000000                appl_start = (CY_APPL_NUM == 0x1)?appl1_start:appl2_start
                0x00000000                ecc_offset = ((appl_start / CY_FLASH_ROW_SIZE) * CY_ECC_ROW_SIZE)
                0x00000000                ee_offset = (CY_APPL_LOADABLE && ! (CY_EE_IN_BTLDR))?((CY_EE_SIZE / CY_APPL_MAX) * (CY_APPL_NUM - 0x1)):0x0
                0x00000800                ee_size = (CY_APPL_LOADABLE && ! (CY_EE_IN_BTLDR))?(CY_EE_SIZE / CY_APPL_MAX):CY_EE_SIZE
                [!provide]                PROVIDE (CY_ECC_OFFSET, ecc_offset)

.text           0x00000000     0x2720
 CREATE_OBJECT_SYMBOLS
                0x00000000                PROVIDE (__cy_interrupt_vector, RomVectors)
 *(.romvectors)
 .romvectors    0x00000000       0x10 .\ARM_GCC_541\Debug\Cm3Start.o
                0x00000000                RomVectors
                0x00000001                ASSERT ((. != __cy_interrupt_vector), No interrupt vector)
                0x00000001                ASSERT (CY_APPL_ORIGIN?(SIZEOF (.cybootloader) <= CY_APPL_ORIGIN):0x1, Wrong image location)
                0x00000010                PROVIDE (__cy_reset, Reset)
 *(.text.Reset)
 .text.Reset    0x00000010       0x18 .\ARM_GCC_541\Debug\Cm3Start.o
                0x00000010                Reset
                0x00000001                ASSERT ((. != __cy_reset), No reset code)
 *(.dma_init)
 .dma_init      0x00000028      0x1c8 .\ARM_GCC_541\Debug\cyfitter_cfg.o
                0x00000001                ASSERT ((((appl_start + .) <= 0x10000) || 0x0), DMA Init must be within the first 64k of flash)
 *(.text .text.* .gnu.linkonce.t.*)
 .text          0x000001f0       0x5c c:/program files (x86)/cypress/psoc creator/4.2/psoc creator/import/gnu/arm/5.4.1/bin/../lib/gcc/arm-none-eabi/5.4.1/armv7-m/crtbegin.o
 .text.main     0x0000024c      0x17c .\ARM_GCC_541\Debug\main.o
                0x0000024c                main
 .text.CYCONFIGCPY
                0x000003c8       0x20 .\ARM_GCC_541\Debug\cyfitter_cfg.o
 .text.CyClockStartupError
                0x000003e8        0xc .\ARM_GCC_541\Debug\cyfitter_cfg.o
 .text.cfg_dma_init
                0x000003f4      0x174 .\ARM_GCC_541\Debug\cyfitter_cfg.o
 .text.ClockSetup
                0x00000568      0x144 .\ARM_GCC_541\Debug\cyfitter_cfg.o
 .text.AnalogSetDefault
                0x000006ac       0x84 .\ARM_GCC_541\Debug\cyfitter_cfg.o
 .text.ADC_AMux_Set
                0x00000730       0x40 .\ARM_GCC_541\Debug\cyfitter_cfg.o
                0x00000730                ADC_AMux_Set
 .text.ADC_AMux_Unset
                0x00000770       0x44 .\ARM_GCC_541\Debug\cyfitter_cfg.o
                0x00000770                ADC_AMux_Unset
 .text.cyfitter_cfg
                0x000007b4       0xf4 .\ARM_GCC_541\Debug\cyfitter_cfg.o
                0x000007b4                cyfitter_cfg
 .text.IntDefaultHandler
                0x000008a8       0x14 .\ARM_GCC_541\Debug\Cm3Start.o
                0x000008a8                IntDefaultHandler
 .text._sbrk    0x000008bc       0x54 .\ARM_GCC_541\Debug\Cm3Start.o
                0x000008bc                _sbrk
 .text.Start_c  0x00000910       0x98 .\ARM_GCC_541\Debug\Cm3Start.o
                0x00000910                Start_c
 .text.initialize_psoc
                0x000009a8       0x90 .\ARM_GCC_541\Debug\Cm3Start.o
                0x000009a8                initialize_psoc
 .text.ADC_Init
                0x00000a38      0x11c .\ARM_GCC_541\Debug\NotePerfect.a(ADC.o)
                0x00000a38                ADC_Init
 .text.ADC_Enable
                0x00000b54      0x158 .\ARM_GCC_541\Debug\NotePerfect.a(ADC.o)
                0x00000b54                ADC_Enable
 .text.ADC_Start
                0x00000cac       0x30 .\ARM_GCC_541\Debug\NotePerfect.a(ADC.o)
                0x00000cac                ADC_Start
 .text.ADC_StartConvert
                0x00000cdc       0x20 .\ARM_GCC_541\Debug\NotePerfect.a(ADC.o)
                0x00000cdc                ADC_StartConvert
 .text.ADC_IsEndConversion
                0x00000cfc       0x4c .\ARM_GCC_541\Debug\NotePerfect.a(ADC.o)
                0x00000cfc                ADC_IsEndConversion
 .text.ADC_GetResult32
                0x00000d48       0xa8 .\ARM_GCC_541\Debug\NotePerfect.a(ADC.o)
                0x00000d48                ADC_GetResult32
 .text.ADC_InitConfig
                0x00000df0      0x168 .\ARM_GCC_541\Debug\NotePerfect.a(ADC.o)
 .text.ADC_GainCompensation
                0x00000f58      0x170 .\ARM_GCC_541\Debug\NotePerfect.a(ADC.o)
 .text.ADC_SetDSMRef0Reg
                0x000010c8       0x7c .\ARM_GCC_541\Debug\NotePerfect.a(ADC.o)
 .text.ADC_ISR1
                0x00001144        0xc .\ARM_GCC_541\Debug\NotePerfect.a(ADC_INT.o)
                0x00001144                ADC_ISR1
 .text.LCD_Init
                0x00001150       0x70 .\ARM_GCC_541\Debug\NotePerfect.a(LCD.o)
                0x00001150                LCD_Init
 .text.LCD_Enable
                0x000011c0       0x18 .\ARM_GCC_541\Debug\NotePerfect.a(LCD.o)
                0x000011c0                LCD_Enable
 .text.LCD_Start
                0x000011d8       0x24 .\ARM_GCC_541\Debug\NotePerfect.a(LCD.o)
                0x000011d8                LCD_Start
 .text.LCD_Position
                0x000011fc       0x70 .\ARM_GCC_541\Debug\NotePerfect.a(LCD.o)
                0x000011fc                LCD_Position
 .text.LCD_PrintString
                0x0000126c       0x3c .\ARM_GCC_541\Debug\NotePerfect.a(LCD.o)
                0x0000126c                LCD_PrintString
 .text.LCD_PutChar
                0x000012a8       0x1c .\ARM_GCC_541\Debug\NotePerfect.a(LCD.o)
                0x000012a8                LCD_PutChar
 .text.LCD_WriteData
                0x000012c4       0x34 .\ARM_GCC_541\Debug\NotePerfect.a(LCD.o)
                0x000012c4                LCD_WriteData
 .text.LCD_WriteControl
                0x000012f8       0x34 .\ARM_GCC_541\Debug\NotePerfect.a(LCD.o)
                0x000012f8                LCD_WriteControl
 .text.LCD_IsReady
                0x0000132c      0x178 .\ARM_GCC_541\Debug\NotePerfect.a(LCD.o)
                0x0000132c                LCD_IsReady
 .text.LCD_WrDatNib
                0x000014a4       0x78 .\ARM_GCC_541\Debug\NotePerfect.a(LCD.o)
 .text.LCD_WrCntrlNib
                0x0000151c       0x64 .\ARM_GCC_541\Debug\NotePerfect.a(LCD.o)
 .text.ADC_AMux_Start
                0x00001580       0x34 .\ARM_GCC_541\Debug\NotePerfect.a(ADC_AMux.o)
                0x00001580                ADC_AMux_Start
 .text.ADC_AMux_Select
                0x000015b4       0x28 .\ARM_GCC_541\Debug\NotePerfect.a(ADC_AMux.o)
                0x000015b4                ADC_AMux_Select
 .text.ADC_Ext_CP_Clk_SetDividerRegister
                0x000015dc      0x164 .\ARM_GCC_541\Debug\NotePerfect.a(ADC_Ext_CP_Clk.o)
                0x000015dc                ADC_Ext_CP_Clk_SetDividerRegister
 .text.ADC_Ext_CP_Clk_GetDividerRegister
                0x00001740       0x18 .\ARM_GCC_541\Debug\NotePerfect.a(ADC_Ext_CP_Clk.o)
                0x00001740                ADC_Ext_CP_Clk_GetDividerRegister
 .text.ADC_Ext_CP_Clk_SetModeRegister
                0x00001758       0x34 .\ARM_GCC_541\Debug\NotePerfect.a(ADC_Ext_CP_Clk.o)
                0x00001758                ADC_Ext_CP_Clk_SetModeRegister
 .text.ADC_Ext_CP_Clk_GetSourceRegister
                0x0000178c       0x1c .\ARM_GCC_541\Debug\NotePerfect.a(ADC_Ext_CP_Clk.o)
                0x0000178c                ADC_Ext_CP_Clk_GetSourceRegister
 .text.ADC_theACLK_SetDividerRegister
                0x000017a8      0x164 .\ARM_GCC_541\Debug\NotePerfect.a(ADC_theACLK.o)
                0x000017a8                ADC_theACLK_SetDividerRegister
 .text.ADC_theACLK_GetDividerRegister
                0x0000190c       0x18 .\ARM_GCC_541\Debug\NotePerfect.a(ADC_theACLK.o)
                0x0000190c                ADC_theACLK_GetDividerRegister
 .text.ADC_theACLK_SetModeRegister
                0x00001924       0x34 .\ARM_GCC_541\Debug\NotePerfect.a(ADC_theACLK.o)
                0x00001924                ADC_theACLK_SetModeRegister
 .text.ADC_theACLK_GetSourceRegister
                0x00001958       0x1c .\ARM_GCC_541\Debug\NotePerfect.a(ADC_theACLK.o)
                0x00001958                ADC_theACLK_GetSourceRegister
 .text.CyHalt   0x00001974       0x18 .\ARM_GCC_541\Debug\NotePerfect.a(CyLib.o)
                0x00001974                CyHalt
 .text.CyDelay  0x0000198c       0x44 .\ARM_GCC_541\Debug\NotePerfect.a(CyLib.o)
                0x0000198c                CyDelay
 .text.CyDelayUs
                0x000019d0       0x28 .\ARM_GCC_541\Debug\NotePerfect.a(CyLib.o)
                0x000019d0                CyDelayUs
 .text.CyIntSetVector
                0x000019f8       0x50 .\ARM_GCC_541\Debug\NotePerfect.a(CyLib.o)
                0x000019f8                CyIntSetVector
 .text.CyIntSetPriority
                0x00001a48       0x48 .\ARM_GCC_541\Debug\NotePerfect.a(CyLib.o)
                0x00001a48                CyIntSetPriority
 .text.VDAC_Init
                0x00001a90       0x28 .\ARM_GCC_541\Debug\NotePerfect.a(VDAC.o)
                0x00001a90                VDAC_Init
 .text.VDAC_Enable
                0x00001ab8       0x34 .\ARM_GCC_541\Debug\NotePerfect.a(VDAC.o)
                0x00001ab8                VDAC_Enable
 .text.VDAC_Start
                0x00001aec       0x28 .\ARM_GCC_541\Debug\NotePerfect.a(VDAC.o)
                0x00001aec                VDAC_Start
 .text.VDAC_SetSpeed
                0x00001b14       0x40 .\ARM_GCC_541\Debug\NotePerfect.a(VDAC.o)
                0x00001b14                VDAC_SetSpeed
 .text.VDAC_SetRange
                0x00001b54       0x40 .\ARM_GCC_541\Debug\NotePerfect.a(VDAC.o)
                0x00001b54                VDAC_SetRange
 .text.VDAC_SetValue
                0x00001b94       0x20 .\ARM_GCC_541\Debug\NotePerfect.a(VDAC.o)
                0x00001b94                VDAC_SetValue
 .text.VDAC_DacTrim
                0x00001bb4       0x3c .\ARM_GCC_541\Debug\NotePerfect.a(VDAC.o)
                0x00001bb4                VDAC_DacTrim
 .text.Opamp_Init
                0x00001bf0       0x10 .\ARM_GCC_541\Debug\NotePerfect.a(Opamp.o)
                0x00001bf0                Opamp_Init
 .text.Opamp_Enable
                0x00001c00       0x48 .\ARM_GCC_541\Debug\NotePerfect.a(Opamp.o)
                0x00001c00                Opamp_Enable
 .text.Opamp_Start
                0x00001c48       0x24 .\ARM_GCC_541\Debug\NotePerfect.a(Opamp.o)
                0x00001c48                Opamp_Start
 .text.Opamp_SetPower
                0x00001c6c       0x40 .\ARM_GCC_541\Debug\NotePerfect.a(Opamp.o)
                0x00001c6c                Opamp_SetPower
 .text.PWM_Start
                0x00001cac       0x24 .\ARM_GCC_541\Debug\NotePerfect.a(PWM.o)
                0x00001cac                PWM_Start
 .text.PWM_Init
                0x00001cd0       0xc0 .\ARM_GCC_541\Debug\NotePerfect.a(PWM.o)
                0x00001cd0                PWM_Init
 .text.PWM_Enable
                0x00001d90       0x48 .\ARM_GCC_541\Debug\NotePerfect.a(PWM.o)
                0x00001d90                PWM_Enable
 .text.PWM_WritePeriod
                0x00001dd8       0x20 .\ARM_GCC_541\Debug\NotePerfect.a(PWM.o)
                0x00001dd8                PWM_WritePeriod
 .text.PWM_WriteCompare
                0x00001df8       0x20 .\ARM_GCC_541\Debug\NotePerfect.a(PWM.o)
                0x00001df8                PWM_WriteCompare
 .text.PWM_SetInterruptMode
                0x00001e18       0x20 .\ARM_GCC_541\Debug\NotePerfect.a(PWM.o)
                0x00001e18                PWM_SetInterruptMode
 .text          0x00001e38       0x20 .\ARM_GCC_541\Debug\NotePerfect.a(CyBootAsmGnu.o)
                0x00001e38                CyDelayCycles
                0x00001e48                CyEnterCriticalSection
                0x00001e50                CyExitCriticalSection
 .text.__errno  0x00001e58        0xc c:/program files (x86)/cypress/psoc creator/4.2/psoc creator/import/gnu/arm/5.4.1/bin/../lib/gcc/arm-none-eabi/5.4.1/../../../../arm-none-eabi/lib/armv7-m\libg_nano.a(lib_a-errno.o)
                0x00001e58                __errno
 .text.__libc_init_array
                0x00001e64       0x4c c:/program files (x86)/cypress/psoc creator/4.2/psoc creator/import/gnu/arm/5.4.1/bin/../lib/gcc/arm-none-eabi/5.4.1/../../../../arm-none-eabi/lib/armv7-m\libg_nano.a(lib_a-init.o)
                0x00001e64                __libc_init_array
 .text.memcpy   0x00001eb0       0x16 c:/program files (x86)/cypress/psoc creator/4.2/psoc creator/import/gnu/arm/5.4.1/bin/../lib/gcc/arm-none-eabi/5.4.1/../../../../arm-none-eabi/lib/armv7-m\libg_nano.a(lib_a-memcpy-stub.o)
                0x00001eb0                memcpy
 .text.memset   0x00001ec6       0x10 c:/program files (x86)/cypress/psoc creator/4.2/psoc creator/import/gnu/arm/5.4.1/bin/../lib/gcc/arm-none-eabi/5.4.1/../../../../arm-none-eabi/lib/armv7-m\libg_nano.a(lib_a-memset.o)
                0x00001ec6                memset
 *fill*         0x00001ed6        0x2 
 .text.sprintf  0x00001ed8       0x48 c:/program files (x86)/cypress/psoc creator/4.2/psoc creator/import/gnu/arm/5.4.1/bin/../lib/gcc/arm-none-eabi/5.4.1/../../../../arm-none-eabi/lib/armv7-m\libg_nano.a(lib_a-sprintf.o)
                0x00001ed8                siprintf
                0x00001ed8                sprintf
 .text.__ssputs_r
                0x00001f20       0xb2 c:/program files (x86)/cypress/psoc creator/4.2/psoc creator/import/gnu/arm/5.4.1/bin/../lib/gcc/arm-none-eabi/5.4.1/../../../../arm-none-eabi/lib/armv7-m\libg_nano.a(lib_a-nano-svfprintf.o)
                0x00001f20                __ssputs_r
 *fill*         0x00001fd2        0x2 
 .text._svfprintf_r
                0x00001fd4      0x1e8 c:/program files (x86)/cypress/psoc creator/4.2/psoc creator/import/gnu/arm/5.4.1/bin/../lib/gcc/arm-none-eabi/5.4.1/../../../../arm-none-eabi/lib/armv7-m\libg_nano.a(lib_a-nano-svfprintf.o)
                0x00001fd4                _svfiprintf_r
                0x00001fd4                _svfprintf_r
 .text._printf_common
                0x000021bc       0xec c:/program files (x86)/cypress/psoc creator/4.2/psoc creator/import/gnu/arm/5.4.1/bin/../lib/gcc/arm-none-eabi/5.4.1/../../../../arm-none-eabi/lib/armv7-m\libg_nano.a(lib_a-nano-vfprintf_i.o)
                0x000021bc                _printf_common
 .text._printf_i
                0x000022a8      0x24c c:/program files (x86)/cypress/psoc creator/4.2/psoc creator/import/gnu/arm/5.4.1/bin/../lib/gcc/arm-none-eabi/5.4.1/../../../../arm-none-eabi/lib/armv7-m\libg_nano.a(lib_a-nano-vfprintf_i.o)
                0x000022a8                _printf_i
 .text.memchr   0x000024f4       0x1c c:/program files (x86)/cypress/psoc creator/4.2/psoc creator/import/gnu/arm/5.4.1/bin/../lib/gcc/arm-none-eabi/5.4.1/../../../../arm-none-eabi/lib/armv7-m\libg_nano.a(lib_a-memchr-stub.o)
                0x000024f4                memchr
 .text.memmove  0x00002510       0x36 c:/program files (x86)/cypress/psoc creator/4.2/psoc creator/import/gnu/arm/5.4.1/bin/../lib/gcc/arm-none-eabi/5.4.1/../../../../arm-none-eabi/lib/armv7-m\libg_nano.a(lib_a-memmove.o)
                0x00002510                memmove
 *fill*         0x00002546        0x2 
 .text._free_r  0x00002548       0x98 c:/program files (x86)/cypress/psoc creator/4.2/psoc creator/import/gnu/arm/5.4.1/bin/../lib/gcc/arm-none-eabi/5.4.1/../../../../arm-none-eabi/lib/armv7-m\libg_nano.a(lib_a-nano-freer.o)
                0x00002548                _free_r
 .text._malloc_r
                0x000025e0       0xbc c:/program files (x86)/cypress/psoc creator/4.2/psoc creator/import/gnu/arm/5.4.1/bin/../lib/gcc/arm-none-eabi/5.4.1/../../../../arm-none-eabi/lib/armv7-m\libg_nano.a(lib_a-nano-mallocr.o)
                0x000025e0                _malloc_r
 .text._realloc_r
                0x0000269c       0x4c c:/program files (x86)/cypress/psoc creator/4.2/psoc creator/import/gnu/arm/5.4.1/bin/../lib/gcc/arm-none-eabi/5.4.1/../../../../arm-none-eabi/lib/armv7-m\libg_nano.a(lib_a-nano-reallocr.o)
                0x0000269c                _realloc_r
 .text._sbrk_r  0x000026e8       0x20 c:/program files (x86)/cypress/psoc creator/4.2/psoc creator/import/gnu/arm/5.4.1/bin/../lib/gcc/arm-none-eabi/5.4.1/../../../../arm-none-eabi/lib/armv7-m\libg_nano.a(lib_a-sbrkr.o)
                0x000026e8                _sbrk_r
 .text.__malloc_lock
                0x00002708        0x2 c:/program files (x86)/cypress/psoc creator/4.2/psoc creator/import/gnu/arm/5.4.1/bin/../lib/gcc/arm-none-eabi/5.4.1/../../../../arm-none-eabi/lib/armv7-m\libg_nano.a(lib_a-mlock.o)
                0x00002708                __malloc_lock
 .text.__malloc_unlock
                0x0000270a        0x2 c:/program files (x86)/cypress/psoc creator/4.2/psoc creator/import/gnu/arm/5.4.1/bin/../lib/gcc/arm-none-eabi/5.4.1/../../../../arm-none-eabi/lib/armv7-m\libg_nano.a(lib_a-mlock.o)
                0x0000270a                __malloc_unlock
 .text._malloc_usable_size_r
                0x0000270c       0x14 c:/program files (x86)/cypress/psoc creator/4.2/psoc creator/import/gnu/arm/5.4.1/bin/../lib/gcc/arm-none-eabi/5.4.1/../../../../arm-none-eabi/lib/armv7-m\libg_nano.a(lib_a-nano-msizer.o)
                0x0000270c                _malloc_usable_size_r
 *(.plt)
 *(.gnu.warning)
 *(.glue_7t)
 .glue_7t       0x00002720        0x0 linker stubs
 *(.glue_7)
 .glue_7        0x00002720        0x0 linker stubs
 *(.vfp11_veneer)
 .vfp11_veneer  0x00002720        0x0 linker stubs
 *(.bootloader)
 *(.ARM.extab* .gnu.linkonce.armextab.*)
 *(.gcc_except_table)

.v4_bx          0x00002720        0x0
 .v4_bx         0x00002720        0x0 linker stubs

.iplt           0x00002720        0x0
 .iplt          0x00002720        0x0 c:/program files (x86)/cypress/psoc creator/4.2/psoc creator/import/gnu/arm/5.4.1/bin/../lib/gcc/arm-none-eabi/5.4.1/armv7-m/crtbegin.o

.eh_frame_hdr
 *(.eh_frame_hdr)

.eh_frame       0x00002720        0x4
 *(.eh_frame)
 .eh_frame      0x00002720        0x0 c:/program files (x86)/cypress/psoc creator/4.2/psoc creator/import/gnu/arm/5.4.1/bin/../lib/gcc/arm-none-eabi/5.4.1/armv7-m/crtbegin.o
 .eh_frame      0x00002720        0x4 c:/program files (x86)/cypress/psoc creator/4.2/psoc creator/import/gnu/arm/5.4.1/bin/../lib/gcc/arm-none-eabi/5.4.1/armv7-m/crtend.o
                [!provide]                PROVIDE (__exidx_start, .)

.ARM.exidx
 *(.ARM.exidx* .gnu.linkonce.armexidx.*)
                0x00002724                __exidx_end = .

.rodata         0x00002724      0x16c
 *(.rodata .rodata.* .gnu.linkonce.r.*)
 .rodata        0x00002724       0x20 .\ARM_GCC_541\Debug\main.o
 .rodata        0x00002744       0xdc .\ARM_GCC_541\Debug\cyfitter_cfg.o
                0x00002744                ADC_AMux__addrTable
                0x0000274c                ADC_AMux__maskTable
 .rodata.str1.1
                0x00002820        0x2 c:/program files (x86)/cypress/psoc creator/4.2/psoc creator/import/gnu/arm/5.4.1/bin/../lib/gcc/arm-none-eabi/5.4.1/../../../../arm-none-eabi/lib/armv7-m\libg_nano.a(lib_a-impure.o)
 .rodata.str1.1
                0x00002822       0x11 c:/program files (x86)/cypress/psoc creator/4.2/psoc creator/import/gnu/arm/5.4.1/bin/../lib/gcc/arm-none-eabi/5.4.1/../../../../arm-none-eabi/lib/armv7-m\libg_nano.a(lib_a-nano-svfprintf.o)
 .rodata.str1.1
                0x00002833       0x22 c:/program files (x86)/cypress/psoc creator/4.2/psoc creator/import/gnu/arm/5.4.1/bin/../lib/gcc/arm-none-eabi/5.4.1/../../../../arm-none-eabi/lib/armv7-m\libg_nano.a(lib_a-nano-vfprintf_i.o)
                0x00002858                . = ALIGN (0x4)
 *fill*         0x00002855        0x3 
 *(.init)
 .init          0x00002858        0x4 c:/program files (x86)/cypress/psoc creator/4.2/psoc creator/import/gnu/arm/5.4.1/bin/../lib/gcc/arm-none-eabi/5.4.1/armv7-m/crti.o
                0x00002858                _init
 .init          0x0000285c        0x8 c:/program files (x86)/cypress/psoc creator/4.2/psoc creator/import/gnu/arm/5.4.1/bin/../lib/gcc/arm-none-eabi/5.4.1/armv7-m/crtn.o
                0x00002864                . = ALIGN (0x4)
                0x00002864                __preinit_array_start = .
 *(.preinit_array)
                0x00002864                __preinit_array_end = .
                0x00002864                . = ALIGN (0x4)
                0x00002864                __init_array_start = .
 *(SORT(.init_array.*))
 *(.init_array)
 .init_array    0x00002864        0x4 c:/program files (x86)/cypress/psoc creator/4.2/psoc creator/import/gnu/arm/5.4.1/bin/../lib/gcc/arm-none-eabi/5.4.1/armv7-m/crtbegin.o
 .init_array    0x00002868        0x4 .\ARM_GCC_541\Debug\Cm3Start.o
                0x0000286c                __init_array_end = .
                0x0000286c                . = ALIGN (0x4)
 *(.fini)
 .fini          0x0000286c        0x4 c:/program files (x86)/cypress/psoc creator/4.2/psoc creator/import/gnu/arm/5.4.1/bin/../lib/gcc/arm-none-eabi/5.4.1/armv7-m/crti.o
                0x0000286c                _fini
 .fini          0x00002870        0x8 c:/program files (x86)/cypress/psoc creator/4.2/psoc creator/import/gnu/arm/5.4.1/bin/../lib/gcc/arm-none-eabi/5.4.1/armv7-m/crtn.o
                0x00002878                . = ALIGN (0x4)
                0x00002878                __fini_array_start = .
 *(.fini_array)
 .fini_array    0x00002878        0x4 c:/program files (x86)/cypress/psoc creator/4.2/psoc creator/import/gnu/arm/5.4.1/bin/../lib/gcc/arm-none-eabi/5.4.1/armv7-m/crtbegin.o
 *(SORT(.fini_array.*))
                0x0000287c                __fini_array_end = .
                0x0000287c                . = ALIGN (0x4)
 *crtbegin.o(.ctors)
 *(EXCLUDE_FILE(*crtend.o) .ctors)
 *(SORT(.ctors.*))
 *crtend.o(.ctors)
                0x0000287c                . = ALIGN (0x4)
 *crtbegin.o(.dtors)
 *(EXCLUDE_FILE(*crtend.o) .dtors)
 *(SORT(.dtors.*))
 *crtend.o(.dtors)
                0x0000287c                . = ALIGN (0x4)
                0x0000287c                __cy_regions = .
                0x0000287c        0x4 LONG 0x2890 __cy_region_init_ram
                0x00002880        0x4 LONG 0x1fff80c8 __cy_region_start_data
                0x00002884        0x4 LONG 0x100 __cy_region_init_size_ram
                0x00002888        0x4 LONG 0x48 __cy_region_zero_size_ram
                0x0000288c                __cy_regions_end = .
                0x00002890                . = ALIGN (0x8)
 *fill*         0x0000288c        0x4 
                0x00002890                _etext = .

.cy_checksum_exclude
                0x00002890        0x0
 *(.cy_checksum_exclude)

.ramvectors     0x1fff8000       0xc0
                0x1fff8000                __cy_region_start_ram = .
 *(.ramvectors)
 .ramvectors    0x1fff8000       0xc0 .\ARM_GCC_541\Debug\Cm3Start.o
                0x1fff8000                CyRamVectors

.noinit         0x1fff80c0        0x5
 *(.noinit)
 .noinit        0x1fff80c0        0x4 .\ARM_GCC_541\Debug\Cm3Start.o
 .noinit        0x1fff80c4        0x1 .\ARM_GCC_541\Debug\NotePerfect.a(CyLib.o)
                0x1fff80c4                CyResetStatus

.data           0x1fff80c8      0x100 load address 0x00002890
                0x1fff80c8                __cy_region_start_data = .
 *(.jcr)
 .jcr           0x1fff80c8        0x0 c:/program files (x86)/cypress/psoc creator/4.2/psoc creator/import/gnu/arm/5.4.1/bin/../lib/gcc/arm-none-eabi/5.4.1/armv7-m/crtbegin.o
 .jcr           0x1fff80c8        0x4 c:/program files (x86)/cypress/psoc creator/4.2/psoc creator/import/gnu/arm/5.4.1/bin/../lib/gcc/arm-none-eabi/5.4.1/armv7-m/crtend.o
 *(.got.plt)
 *(.got)
 *(.shdata)
 *(.data .data.* .gnu.linkonce.d.*)
 .data          0x1fff80cc       0x7a .\ARM_GCC_541\Debug\main.o
                0x1fff80cc                PWM_Lookup
 *fill*         0x1fff8146        0x2 
 .data          0x1fff8148        0x4 .\ARM_GCC_541\Debug\Cm3Start.o
 .data          0x1fff814c        0x1 .\ARM_GCC_541\Debug\NotePerfect.a(ADC.o)
                0x1fff814c                ADC_Config
 .data          0x1fff814d        0x1 .\ARM_GCC_541\Debug\NotePerfect.a(ADC_AMux.o)
 *fill*         0x1fff814e        0x2 
 .data          0x1fff8150       0x10 .\ARM_GCC_541\Debug\NotePerfect.a(CyLib.o)
                0x1fff8150                cydelay_freq_hz
                0x1fff8154                cydelay_freq_khz
                0x1fff8158                cydelay_freq_mhz
                0x1fff815c                cydelay_32k_ms
 .data.impure_data
                0x1fff8160       0x60 c:/program files (x86)/cypress/psoc creator/4.2/psoc creator/import/gnu/arm/5.4.1/bin/../lib/gcc/arm-none-eabi/5.4.1/../../../../arm-none-eabi/lib/armv7-m\libg_nano.a(lib_a-impure.o)
 .data._impure_ptr
                0x1fff81c0        0x4 c:/program files (x86)/cypress/psoc creator/4.2/psoc creator/import/gnu/arm/5.4.1/bin/../lib/gcc/arm-none-eabi/5.4.1/../../../../arm-none-eabi/lib/armv7-m\libg_nano.a(lib_a-impure.o)
                0x1fff81c0                _impure_ptr
                0x1fff81c8                . = ALIGN (0x8)
 *fill*         0x1fff81c4        0x4 
 *(.ram)
                0x1fff81c8                _edata = .

.igot.plt       0x1fff81c8        0x0 load address 0x00002990
 .igot.plt      0x1fff81c8        0x0 c:/program files (x86)/cypress/psoc creator/4.2/psoc creator/import/gnu/arm/5.4.1/bin/../lib/gcc/arm-none-eabi/5.4.1/armv7-m/crtbegin.o

.bss            0x1fff81c8       0x48 load address 0x00002990
                0x1fff81c8                PROVIDE (__bss_start__, .)
 *(.shbss)
 *(.bss .bss.* .gnu.linkonce.b.*)
 .bss           0x1fff81c8       0x1c c:/program files (x86)/cypress/psoc creator/4.2/psoc creator/import/gnu/arm/5.4.1/bin/../lib/gcc/arm-none-eabi/5.4.1/armv7-m/crtbegin.o
 *fill*         0x1fff81e4        0x4 
 .bss           0x1fff81e8        0x4 .\ARM_GCC_541\Debug\cyfitter_cfg.o
 .bss           0x1fff81ec        0xc .\ARM_GCC_541\Debug\NotePerfect.a(ADC.o)
                0x1fff81ec                ADC_convDone
                0x1fff81ed                ADC_stopConversion
                0x1fff81ee                ADC_initVar
                0x1fff81ef                ADC_started
                0x1fff81f0                ADC_Offset
 .bss           0x1fff81f8        0x2 .\ARM_GCC_541\Debug\NotePerfect.a(LCD.o)
                0x1fff81f8                LCD_enableState
                0x1fff81f9                LCD_initVar
 .bss           0x1fff81fa        0x1 .\ARM_GCC_541\Debug\NotePerfect.a(VDAC.o)
                0x1fff81fa                VDAC_initVar
 .bss           0x1fff81fb        0x1 .\ARM_GCC_541\Debug\NotePerfect.a(Opamp.o)
                0x1fff81fb                Opamp_initVar
 .bss           0x1fff81fc        0x1 .\ARM_GCC_541\Debug\NotePerfect.a(PWM.o)
                0x1fff81fc                PWM_initVar
 *fill*         0x1fff81fd        0x3 
 .bss.__malloc_sbrk_start
                0x1fff8200        0x4 c:/program files (x86)/cypress/psoc creator/4.2/psoc creator/import/gnu/arm/5.4.1/bin/../lib/gcc/arm-none-eabi/5.4.1/../../../../arm-none-eabi/lib/armv7-m\libg_nano.a(lib_a-nano-mallocr.o)
                0x1fff8200                __malloc_sbrk_start
 .bss.__malloc_free_list
                0x1fff8204        0x4 c:/program files (x86)/cypress/psoc creator/4.2/psoc creator/import/gnu/arm/5.4.1/bin/../lib/gcc/arm-none-eabi/5.4.1/../../../../arm-none-eabi/lib/armv7-m\libg_nano.a(lib_a-nano-mallocr.o)
                0x1fff8204                __malloc_free_list
 *(COMMON)
 COMMON         0x1fff8208        0x4 .\ARM_GCC_541\Debug\NotePerfect.a(ADC.o)
                0x1fff8208                ADC_CountsPerVolt
 COMMON         0x1fff820c        0x4 c:/program files (x86)/cypress/psoc creator/4.2/psoc creator/import/gnu/arm/5.4.1/bin/../lib/gcc/arm-none-eabi/5.4.1/../../../../arm-none-eabi/lib/armv7-m\libg_nano.a(lib_a-reent.o)
                0x1fff820c                errno
                0x1fff8210                . = ALIGN (0x8)
 *(.ram.b)
                0x1fff8210                _end = .
                0x1fff8210                __end = .
                0x1fff8210                PROVIDE (end, .)
                0x1fff8210                PROVIDE (__bss_end__, .)
                0x00002890                __cy_region_init_ram = LOADADDR (.data)
                0x00000100                __cy_region_init_size_ram = (_edata - ADDR (.data))
                0x00000048                __cy_region_zero_size_ram = (_end - _edata)

.heap           0x1fff8210     0x1000 load address 0x00002990
                0x1fff8210                . = _end
                0x1fff9210                . = (. + 0x1000)
 *fill*         0x1fff8210     0x1000 
                0x1fff9210                __cy_heap_limit = .

.stack          0x20004000     0x4000
                0x20004000                __cy_stack_limit = .
                0x20008000                . = (. + 0x4000)
 *fill*         0x20004000     0x4000 
                0x00000001                ASSERT ((__cy_stack_limit >= __cy_heap_limit), region RAM overflowed with stack)
                0x00000000                cy_checksum_exclude_size = (CY_APPL_LOADABLE == 0x1)?SIZEOF (.cy_checksum_exclude):0x0
                0x00000001                ASSERT ((cy_checksum_exclude_size <= CY_CHECKSUM_EXCLUDE_SIZE), CY_BOOT: Section .cy_checksum_exclude size exceedes specified limit.)

.cyloadermeta
 *(.cyloadermeta)

.cyloadablemeta
 *(.cyloadablemeta)

.cyconfigecc    0x80000000      0xcb8
 *(.cyconfigecc)
 .cyconfigecc   0x80000000      0xcb8 .\ARM_GCC_541\Debug\cymetadata.o
                0x80000000                cy_meta_configecc

.cycustnvl      0x90000000        0x4
 *(.cycustnvl)
 .cycustnvl     0x90000000        0x4 .\ARM_GCC_541\Debug\cymetadata.o
                0x90000000                cy_meta_custnvl

.cywolatch      0x90100000        0x4
 *(.cywolatch)
 .cywolatch     0x90100000        0x4 .\ARM_GCC_541\Debug\cymetadata.o
                0x90100000                cy_meta_wonvl

.cyeeprom       0x90200000        0x0
 *(.cyeeprom)
                0x00000001                ASSERT ((. <= ((0x90200000 + ee_offset) + ee_size)), .cyeeprom data will not fit in EEPROM)

.cyflashprotect
                0x90400000      0x100
 *(.cyflashprotect)
 .cyflashprotect
                0x90400000      0x100 .\ARM_GCC_541\Debug\cymetadata.o
                0x90400000                cy_meta_flashprotect

.cymeta         0x90500000        0xc
 *(.cymeta)
 .cymeta        0x90500000        0xc .\ARM_GCC_541\Debug\cymetadata.o
                0x90500000                cy_metadata

.rel.dyn        0x00002990        0x0 load address 0x9050000c
 .rel.iplt      0x00002990        0x0 c:/program files (x86)/cypress/psoc creator/4.2/psoc creator/import/gnu/arm/5.4.1/bin/../lib/gcc/arm-none-eabi/5.4.1/armv7-m/crtbegin.o

.stab
 *(.stab)

.stabstr
 *(.stabstr)

.debug
 *(.debug)

.line
 *(.line)

.debug_srcinfo
 *(.debug_srcinfo)

.debug_sfnames
 *(.debug_sfnames)

.debug_aranges  0x00000000      0x938
 *(.debug_aranges)
 .debug_aranges
                0x00000000       0x20 .\ARM_GCC_541\Debug\main.o
 .debug_aranges
                0x00000020       0x70 .\ARM_GCC_541\Debug\cyfitter_cfg.o
 .debug_aranges
                0x00000090       0x18 .\ARM_GCC_541\Debug\cymetadata.o
 .debug_aranges
                0x000000a8       0x48 .\ARM_GCC_541\Debug\Cm3Start.o
 .debug_aranges
                0x000000f0       0xe8 .\ARM_GCC_541\Debug\NotePerfect.a(ADC.o)
 .debug_aranges
                0x000001d8       0x38 .\ARM_GCC_541\Debug\NotePerfect.a(ADC_INT.o)
 .debug_aranges
                0x00000210       0x98 .\ARM_GCC_541\Debug\NotePerfect.a(LCD.o)
 .debug_aranges
                0x000002a8       0x30 .\ARM_GCC_541\Debug\NotePerfect.a(ADC_AMux.o)
 .debug_aranges
                0x000002d8       0x70 .\ARM_GCC_541\Debug\NotePerfect.a(ADC_Ext_CP_Clk.o)
 .debug_aranges
                0x00000348       0x80 .\ARM_GCC_541\Debug\NotePerfect.a(ADC_theACLK.o)
 .debug_aranges
                0x000003c8      0x2a0 .\ARM_GCC_541\Debug\NotePerfect.a(CyLib.o)
 .debug_aranges
                0x00000668       0x98 .\ARM_GCC_541\Debug\NotePerfect.a(cyPm.o)
 .debug_aranges
                0x00000700       0x58 .\ARM_GCC_541\Debug\NotePerfect.a(VDAC.o)
 .debug_aranges
                0x00000758       0x40 .\ARM_GCC_541\Debug\NotePerfect.a(Opamp.o)
 .debug_aranges
                0x00000798       0x78 .\ARM_GCC_541\Debug\NotePerfect.a(PWM.o)
 .debug_aranges
                0x00000810       0x20 .\ARM_GCC_541\Debug\NotePerfect.a(CyBootAsmGnu.o)
 .debug_aranges
                0x00000830       0x88 .\ARM_GCC_541\Debug\NotePerfect.a(CyFlash.o)
 .debug_aranges
                0x000008b8       0x80 .\ARM_GCC_541\Debug\NotePerfect.a(CySpc.o)

.debug_pubnames
 *(.debug_pubnames)

.debug_info     0x00000000     0x3e6f
 *(.debug_info .gnu.linkonce.wi.*)
 .debug_info    0x00000000      0x1fb .\ARM_GCC_541\Debug\main.o
 .debug_info    0x000001fb      0x473 .\ARM_GCC_541\Debug\cyfitter_cfg.o
 .debug_info    0x0000066e      0x139 .\ARM_GCC_541\Debug\cymetadata.o
 .debug_info    0x000007a7      0x32b .\ARM_GCC_541\Debug\Cm3Start.o
 .debug_info    0x00000ad2      0x72c .\ARM_GCC_541\Debug\NotePerfect.a(ADC.o)
 .debug_info    0x000011fe       0xd3 .\ARM_GCC_541\Debug\NotePerfect.a(ADC_INT.o)
 .debug_info    0x000012d1      0x3cf .\ARM_GCC_541\Debug\NotePerfect.a(LCD.o)
 .debug_info    0x000016a0      0x10a .\ARM_GCC_541\Debug\NotePerfect.a(ADC_AMux.o)
 .debug_info    0x000017aa      0x25d .\ARM_GCC_541\Debug\NotePerfect.a(ADC_Ext_CP_Clk.o)
 .debug_info    0x00001a07      0x299 .\ARM_GCC_541\Debug\NotePerfect.a(ADC_theACLK.o)
 .debug_info    0x00001ca0      0xe51 .\ARM_GCC_541\Debug\NotePerfect.a(CyLib.o)
 .debug_info    0x00002af1      0x57a .\ARM_GCC_541\Debug\NotePerfect.a(cyPm.o)
 .debug_info    0x0000306b      0x185 .\ARM_GCC_541\Debug\NotePerfect.a(VDAC.o)
 .debug_info    0x000031f0      0x125 .\ARM_GCC_541\Debug\NotePerfect.a(Opamp.o)
 .debug_info    0x00003315      0x235 .\ARM_GCC_541\Debug\NotePerfect.a(PWM.o)
 .debug_info    0x0000354a       0xac .\ARM_GCC_541\Debug\NotePerfect.a(CyBootAsmGnu.o)
 .debug_info    0x000035f6      0x3b9 .\ARM_GCC_541\Debug\NotePerfect.a(CyFlash.o)
 .debug_info    0x000039af      0x4c0 .\ARM_GCC_541\Debug\NotePerfect.a(CySpc.o)

.debug_abbrev   0x00000000     0x1337
 *(.debug_abbrev)
 .debug_abbrev  0x00000000       0xc2 .\ARM_GCC_541\Debug\main.o
 .debug_abbrev  0x000000c2      0x194 .\ARM_GCC_541\Debug\cyfitter_cfg.o
 .debug_abbrev  0x00000256       0x77 .\ARM_GCC_541\Debug\cymetadata.o
 .debug_abbrev  0x000002cd      0x1d6 .\ARM_GCC_541\Debug\Cm3Start.o
 .debug_abbrev  0x000004a3      0x19d .\ARM_GCC_541\Debug\NotePerfect.a(ADC.o)
 .debug_abbrev  0x00000640       0x42 .\ARM_GCC_541\Debug\NotePerfect.a(ADC_INT.o)
 .debug_abbrev  0x00000682      0x120 .\ARM_GCC_541\Debug\NotePerfect.a(LCD.o)
 .debug_abbrev  0x000007a2       0x6f .\ARM_GCC_541\Debug\NotePerfect.a(ADC_AMux.o)
 .debug_abbrev  0x00000811      0x11d .\ARM_GCC_541\Debug\NotePerfect.a(ADC_Ext_CP_Clk.o)
 .debug_abbrev  0x0000092e      0x11d .\ARM_GCC_541\Debug\NotePerfect.a(ADC_theACLK.o)
 .debug_abbrev  0x00000a4b      0x217 .\ARM_GCC_541\Debug\NotePerfect.a(CyLib.o)
 .debug_abbrev  0x00000c62      0x161 .\ARM_GCC_541\Debug\NotePerfect.a(cyPm.o)
 .debug_abbrev  0x00000dc3       0xeb .\ARM_GCC_541\Debug\NotePerfect.a(VDAC.o)
 .debug_abbrev  0x00000eae       0xa8 .\ARM_GCC_541\Debug\NotePerfect.a(Opamp.o)
 .debug_abbrev  0x00000f56      0x116 .\ARM_GCC_541\Debug\NotePerfect.a(PWM.o)
 .debug_abbrev  0x0000106c       0x14 .\ARM_GCC_541\Debug\NotePerfect.a(CyBootAsmGnu.o)
 .debug_abbrev  0x00001080      0x14b .\ARM_GCC_541\Debug\NotePerfect.a(CyFlash.o)
 .debug_abbrev  0x000011cb      0x16c .\ARM_GCC_541\Debug\NotePerfect.a(CySpc.o)

.debug_line     0x00000000     0x24c0
 *(.debug_line)
 .debug_line    0x00000000      0x1ce .\ARM_GCC_541\Debug\main.o
 .debug_line    0x000001ce      0x24b .\ARM_GCC_541\Debug\cyfitter_cfg.o
 .debug_line    0x00000419      0x141 .\ARM_GCC_541\Debug\cymetadata.o
 .debug_line    0x0000055a      0x1dc .\ARM_GCC_541\Debug\Cm3Start.o
 .debug_line    0x00000736      0x356 .\ARM_GCC_541\Debug\NotePerfect.a(ADC.o)
 .debug_line    0x00000a8c       0x8c .\ARM_GCC_541\Debug\NotePerfect.a(ADC_INT.o)
 .debug_line    0x00000b18      0x1e1 .\ARM_GCC_541\Debug\NotePerfect.a(LCD.o)
 .debug_line    0x00000cf9       0x9d .\ARM_GCC_541\Debug\NotePerfect.a(ADC_AMux.o)
 .debug_line    0x00000d96      0x1ad .\ARM_GCC_541\Debug\NotePerfect.a(ADC_Ext_CP_Clk.o)
 .debug_line    0x00000f43      0x1ce .\ARM_GCC_541\Debug\NotePerfect.a(ADC_theACLK.o)
 .debug_line    0x00001111      0x883 .\ARM_GCC_541\Debug\NotePerfect.a(CyLib.o)
 .debug_line    0x00001994      0x38e .\ARM_GCC_541\Debug\NotePerfect.a(cyPm.o)
 .debug_line    0x00001d22       0xed .\ARM_GCC_541\Debug\NotePerfect.a(VDAC.o)
 .debug_line    0x00001e0f       0xad .\ARM_GCC_541\Debug\NotePerfect.a(Opamp.o)
 .debug_line    0x00001ebc      0x13e .\ARM_GCC_541\Debug\NotePerfect.a(PWM.o)
 .debug_line    0x00001ffa       0x66 .\ARM_GCC_541\Debug\NotePerfect.a(CyBootAsmGnu.o)
 .debug_line    0x00002060      0x22f .\ARM_GCC_541\Debug\NotePerfect.a(CyFlash.o)
 .debug_line    0x0000228f      0x231 .\ARM_GCC_541\Debug\NotePerfect.a(CySpc.o)

.debug_frame    0x00000000     0x283c
 *(.debug_frame)
 .debug_frame   0x00000000       0x30 .\ARM_GCC_541\Debug\main.o
 .debug_frame   0x00000030      0x1b0 .\ARM_GCC_541\Debug\cyfitter_cfg.o
 .debug_frame   0x000001e0       0xd8 .\ARM_GCC_541\Debug\Cm3Start.o
 .debug_frame   0x000002b8      0x40c .\ARM_GCC_541\Debug\NotePerfect.a(ADC.o)
 .debug_frame   0x000006c4       0xa0 .\ARM_GCC_541\Debug\NotePerfect.a(ADC_INT.o)
 .debug_frame   0x00000764      0x260 .\ARM_GCC_541\Debug\NotePerfect.a(LCD.o)
 .debug_frame   0x000009c4       0x88 .\ARM_GCC_541\Debug\NotePerfect.a(ADC_AMux.o)
 .debug_frame   0x00000a4c      0x1b4 .\ARM_GCC_541\Debug\NotePerfect.a(ADC_Ext_CP_Clk.o)
 .debug_frame   0x00000c00      0x200 .\ARM_GCC_541\Debug\NotePerfect.a(ADC_theACLK.o)
 .debug_frame   0x00000e00      0xc0c .\ARM_GCC_541\Debug\NotePerfect.a(CyLib.o)
 .debug_frame   0x00001a0c      0x234 .\ARM_GCC_541\Debug\NotePerfect.a(cyPm.o)
 .debug_frame   0x00001c40      0x130 .\ARM_GCC_541\Debug\NotePerfect.a(VDAC.o)
 .debug_frame   0x00001d70       0xb8 .\ARM_GCC_541\Debug\NotePerfect.a(Opamp.o)
 .debug_frame   0x00001e28      0x1d0 .\ARM_GCC_541\Debug\NotePerfect.a(PWM.o)
 .debug_frame   0x00001ff8      0x238 .\ARM_GCC_541\Debug\NotePerfect.a(CyFlash.o)
 .debug_frame   0x00002230      0x228 .\ARM_GCC_541\Debug\NotePerfect.a(CySpc.o)
 .debug_frame   0x00002458       0x20 c:/program files (x86)/cypress/psoc creator/4.2/psoc creator/import/gnu/arm/5.4.1/bin/../lib/gcc/arm-none-eabi/5.4.1/../../../../arm-none-eabi/lib/armv7-m\libg_nano.a(lib_a-errno.o)
 .debug_frame   0x00002478       0x28 c:/program files (x86)/cypress/psoc creator/4.2/psoc creator/import/gnu/arm/5.4.1/bin/../lib/gcc/arm-none-eabi/5.4.1/../../../../arm-none-eabi/lib/armv7-m\libg_nano.a(lib_a-exit.o)
 .debug_frame   0x000024a0       0x2c c:/program files (x86)/cypress/psoc creator/4.2/psoc creator/import/gnu/arm/5.4.1/bin/../lib/gcc/arm-none-eabi/5.4.1/../../../../arm-none-eabi/lib/armv7-m\libg_nano.a(lib_a-init.o)
 .debug_frame   0x000024cc       0x28 c:/program files (x86)/cypress/psoc creator/4.2/psoc creator/import/gnu/arm/5.4.1/bin/../lib/gcc/arm-none-eabi/5.4.1/../../../../arm-none-eabi/lib/armv7-m\libg_nano.a(lib_a-memcpy-stub.o)
 .debug_frame   0x000024f4       0x20 c:/program files (x86)/cypress/psoc creator/4.2/psoc creator/import/gnu/arm/5.4.1/bin/../lib/gcc/arm-none-eabi/5.4.1/../../../../arm-none-eabi/lib/armv7-m\libg_nano.a(lib_a-memset.o)
 .debug_frame   0x00002514       0x70 c:/program files (x86)/cypress/psoc creator/4.2/psoc creator/import/gnu/arm/5.4.1/bin/../lib/gcc/arm-none-eabi/5.4.1/../../../../arm-none-eabi/lib/armv7-m\libg_nano.a(lib_a-sprintf.o)
 .debug_frame   0x00002584       0x90 c:/program files (x86)/cypress/psoc creator/4.2/psoc creator/import/gnu/arm/5.4.1/bin/../lib/gcc/arm-none-eabi/5.4.1/../../../../arm-none-eabi/lib/armv7-m\libg_nano.a(lib_a-nano-svfprintf.o)
 .debug_frame   0x00002614       0x60 c:/program files (x86)/cypress/psoc creator/4.2/psoc creator/import/gnu/arm/5.4.1/bin/../lib/gcc/arm-none-eabi/5.4.1/../../../../arm-none-eabi/lib/armv7-m\libg_nano.a(lib_a-nano-vfprintf_i.o)
 .debug_frame   0x00002674       0x28 c:/program files (x86)/cypress/psoc creator/4.2/psoc creator/import/gnu/arm/5.4.1/bin/../lib/gcc/arm-none-eabi/5.4.1/../../../../arm-none-eabi/lib/armv7-m\libg_nano.a(lib_a-memchr-stub.o)
 .debug_frame   0x0000269c       0x28 c:/program files (x86)/cypress/psoc creator/4.2/psoc creator/import/gnu/arm/5.4.1/bin/../lib/gcc/arm-none-eabi/5.4.1/../../../../arm-none-eabi/lib/armv7-m\libg_nano.a(lib_a-memmove.o)
 .debug_frame   0x000026c4       0x38 c:/program files (x86)/cypress/psoc creator/4.2/psoc creator/import/gnu/arm/5.4.1/bin/../lib/gcc/arm-none-eabi/5.4.1/../../../../arm-none-eabi/lib/armv7-m\libg_nano.a(lib_a-nano-freer.o)
 .debug_frame   0x000026fc       0x2c c:/program files (x86)/cypress/psoc creator/4.2/psoc creator/import/gnu/arm/5.4.1/bin/../lib/gcc/arm-none-eabi/5.4.1/../../../../arm-none-eabi/lib/armv7-m\libg_nano.a(lib_a-nano-mallocr.o)
 .debug_frame   0x00002728       0x3c c:/program files (x86)/cypress/psoc creator/4.2/psoc creator/import/gnu/arm/5.4.1/bin/../lib/gcc/arm-none-eabi/5.4.1/../../../../arm-none-eabi/lib/armv7-m\libg_nano.a(lib_a-nano-reallocr.o)
 .debug_frame   0x00002764       0x2c c:/program files (x86)/cypress/psoc creator/4.2/psoc creator/import/gnu/arm/5.4.1/bin/../lib/gcc/arm-none-eabi/5.4.1/../../../../arm-none-eabi/lib/armv7-m\libg_nano.a(lib_a-sbrkr.o)
 .debug_frame   0x00002790       0x30 c:/program files (x86)/cypress/psoc creator/4.2/psoc creator/import/gnu/arm/5.4.1/bin/../lib/gcc/arm-none-eabi/5.4.1/../../../../arm-none-eabi/lib/armv7-m\libg_nano.a(lib_a-mlock.o)
 .debug_frame   0x000027c0       0x20 c:/program files (x86)/cypress/psoc creator/4.2/psoc creator/import/gnu/arm/5.4.1/bin/../lib/gcc/arm-none-eabi/5.4.1/../../../../arm-none-eabi/lib/armv7-m\libg_nano.a(lib_a-nano-msizer.o)
 .debug_frame   0x000027e0       0x5c c:/program files (x86)/cypress/psoc creator/4.2/psoc creator/import/gnu/arm/5.4.1/bin/../lib/gcc/arm-none-eabi/5.4.1/../../../../arm-none-eabi/lib/armv7-m\libg_nano.a(lib_a-reent.o)

.debug_str      0x00000000     0x1de4
 *(.debug_str)
 .debug_str     0x00000000      0x1f1 .\ARM_GCC_541\Debug\main.o
                                0x24e (size before relaxing)
 .debug_str     0x000001f1      0x1e5 .\ARM_GCC_541\Debug\cyfitter_cfg.o
                                0x387 (size before relaxing)
 .debug_str     0x000003d6       0x7f .\ARM_GCC_541\Debug\cymetadata.o
                                0x200 (size before relaxing)
 .debug_str     0x00000455      0x124 .\ARM_GCC_541\Debug\Cm3Start.o
                                0x2f3 (size before relaxing)
 .debug_str     0x00000579      0x2f6 .\ARM_GCC_541\Debug\NotePerfect.a(ADC.o)
                                0x4fb (size before relaxing)
 .debug_str     0x0000086f       0x45 .\ARM_GCC_541\Debug\NotePerfect.a(ADC_INT.o)
                                0x1dc (size before relaxing)
 .debug_str     0x000008b4      0x177 .\ARM_GCC_541\Debug\NotePerfect.a(LCD.o)
                                0x335 (size before relaxing)
 .debug_str     0x00000a2b       0x6f .\ARM_GCC_541\Debug\NotePerfect.a(ADC_AMux.o)
                                0x1ff (size before relaxing)
 .debug_str     0x00000a9a      0x1b4 .\ARM_GCC_541\Debug\NotePerfect.a(ADC_Ext_CP_Clk.o)
                                0x35e (size before relaxing)
 .debug_str     0x00000c4e      0x18a .\ARM_GCC_541\Debug\NotePerfect.a(ADC_theACLK.o)
                                0x37d (size before relaxing)
 .debug_str     0x00000dd8      0x7f7 .\ARM_GCC_541\Debug\NotePerfect.a(CyLib.o)
                                0xa06 (size before relaxing)
 .debug_str     0x000015cf      0x371 .\ARM_GCC_541\Debug\NotePerfect.a(cyPm.o)
                                0x55f (size before relaxing)
 .debug_str     0x00001940       0x99 .\ARM_GCC_541\Debug\NotePerfect.a(VDAC.o)
                                0x231 (size before relaxing)
 .debug_str     0x000019d9       0x71 .\ARM_GCC_541\Debug\NotePerfect.a(Opamp.o)
                                0x213 (size before relaxing)
 .debug_str     0x00001a4a      0x117 .\ARM_GCC_541\Debug\NotePerfect.a(PWM.o)
                                0x2cd (size before relaxing)
 .debug_str     0x00001b61      0x156 .\ARM_GCC_541\Debug\NotePerfect.a(CyFlash.o)
                                0x323 (size before relaxing)
 .debug_str     0x00001cb7      0x12d .\ARM_GCC_541\Debug\NotePerfect.a(CySpc.o)
                                0x31d (size before relaxing)

.debug_loc
 *(.debug_loc)

.debug_macinfo
 *(.debug_macinfo)

.debug_ranges   0x00000000      0x800
 *(.debug_ranges)
 .debug_ranges  0x00000000       0x10 .\ARM_GCC_541\Debug\main.o
 .debug_ranges  0x00000010       0x60 .\ARM_GCC_541\Debug\cyfitter_cfg.o
 .debug_ranges  0x00000070       0x38 .\ARM_GCC_541\Debug\Cm3Start.o
 .debug_ranges  0x000000a8       0xd8 .\ARM_GCC_541\Debug\NotePerfect.a(ADC.o)
 .debug_ranges  0x00000180       0x28 .\ARM_GCC_541\Debug\NotePerfect.a(ADC_INT.o)
 .debug_ranges  0x000001a8       0x88 .\ARM_GCC_541\Debug\NotePerfect.a(LCD.o)
 .debug_ranges  0x00000230       0x20 .\ARM_GCC_541\Debug\NotePerfect.a(ADC_AMux.o)
 .debug_ranges  0x00000250       0x60 .\ARM_GCC_541\Debug\NotePerfect.a(ADC_Ext_CP_Clk.o)
 .debug_ranges  0x000002b0       0x70 .\ARM_GCC_541\Debug\NotePerfect.a(ADC_theACLK.o)
 .debug_ranges  0x00000320      0x290 .\ARM_GCC_541\Debug\NotePerfect.a(CyLib.o)
 .debug_ranges  0x000005b0       0x88 .\ARM_GCC_541\Debug\NotePerfect.a(cyPm.o)
 .debug_ranges  0x00000638       0x48 .\ARM_GCC_541\Debug\NotePerfect.a(VDAC.o)
 .debug_ranges  0x00000680       0x30 .\ARM_GCC_541\Debug\NotePerfect.a(Opamp.o)
 .debug_ranges  0x000006b0       0x68 .\ARM_GCC_541\Debug\NotePerfect.a(PWM.o)
 .debug_ranges  0x00000718       0x78 .\ARM_GCC_541\Debug\NotePerfect.a(CyFlash.o)
 .debug_ranges  0x00000790       0x70 .\ARM_GCC_541\Debug\NotePerfect.a(CySpc.o)

.comment        0x00000000       0x6e
 .comment       0x00000000       0x6e .\ARM_GCC_541\Debug\main.o
                                 0x6f (size before relaxing)
 .comment       0x0000006e       0x6f .\ARM_GCC_541\Debug\cyfitter_cfg.o
 .comment       0x0000006e       0x6f .\ARM_GCC_541\Debug\cymetadata.o
 .comment       0x0000006e       0x6f .\ARM_GCC_541\Debug\Cm3Start.o
 .comment       0x0000006e       0x6f .\ARM_GCC_541\Debug\NotePerfect.a(ADC.o)
 .comment       0x0000006e       0x6f .\ARM_GCC_541\Debug\NotePerfect.a(ADC_INT.o)
 .comment       0x0000006e       0x6f .\ARM_GCC_541\Debug\NotePerfect.a(LCD.o)
 .comment       0x0000006e       0x6f .\ARM_GCC_541\Debug\NotePerfect.a(ADC_AMux.o)
 .comment       0x0000006e       0x6f .\ARM_GCC_541\Debug\NotePerfect.a(ADC_Ext_CP_Clk.o)
 .comment       0x0000006e       0x6f .\ARM_GCC_541\Debug\NotePerfect.a(ADC_theACLK.o)
 .comment       0x0000006e       0x6f .\ARM_GCC_541\Debug\NotePerfect.a(CyLib.o)
 .comment       0x0000006e       0x6f .\ARM_GCC_541\Debug\NotePerfect.a(cyPm.o)
 .comment       0x0000006e       0x6f .\ARM_GCC_541\Debug\NotePerfect.a(VDAC.o)
 .comment       0x0000006e       0x6f .\ARM_GCC_541\Debug\NotePerfect.a(Opamp.o)
 .comment       0x0000006e       0x6f .\ARM_GCC_541\Debug\NotePerfect.a(PWM.o)
 .comment       0x0000006e       0x6f .\ARM_GCC_541\Debug\NotePerfect.a(CyFlash.o)
 .comment       0x0000006e       0x6f .\ARM_GCC_541\Debug\NotePerfect.a(CySpc.o)

.debug_weaknames
 *(.debug_weaknames)

.debug_funcnames
 *(.debug_funcnames)

.debug_typenames
 *(.debug_typenames)

.debug_varnames
 *(.debug_varnames)

.note.gnu.arm.ident
 *(.note.gnu.arm.ident)

.ARM.attributes
                0x00000000       0x29
 *(.ARM.attributes)
 .ARM.attributes
                0x00000000       0x1d c:/program files (x86)/cypress/psoc creator/4.2/psoc creator/import/gnu/arm/5.4.1/bin/../lib/gcc/arm-none-eabi/5.4.1/armv7-m/crti.o
 .ARM.attributes
                0x0000001d       0x2d c:/program files (x86)/cypress/psoc creator/4.2/psoc creator/import/gnu/arm/5.4.1/bin/../lib/gcc/arm-none-eabi/5.4.1/armv7-m/crtbegin.o
 .ARM.attributes
                0x0000004a       0x1b c:/program files (x86)/cypress/psoc creator/4.2/psoc creator/import/gnu/arm/5.4.1/bin/../lib/gcc/arm-none-eabi/5.4.1/../../../../arm-none-eabi/lib/armv7-m/crt0.o
 .ARM.attributes
                0x00000065       0x33 .\ARM_GCC_541\Debug\main.o
 .ARM.attributes
                0x00000098       0x33 .\ARM_GCC_541\Debug\cyfitter_cfg.o
 .ARM.attributes
                0x000000cb       0x33 .\ARM_GCC_541\Debug\cymetadata.o
 .ARM.attributes
                0x000000fe       0x33 .\ARM_GCC_541\Debug\Cm3Start.o
 .ARM.attributes
                0x00000131       0x33 .\ARM_GCC_541\Debug\NotePerfect.a(ADC.o)
 .ARM.attributes
                0x00000164       0x33 .\ARM_GCC_541\Debug\NotePerfect.a(ADC_INT.o)
 .ARM.attributes
                0x00000197       0x33 .\ARM_GCC_541\Debug\NotePerfect.a(LCD.o)
 .ARM.attributes
                0x000001ca       0x33 .\ARM_GCC_541\Debug\NotePerfect.a(ADC_AMux.o)
 .ARM.attributes
                0x000001fd       0x33 .\ARM_GCC_541\Debug\NotePerfect.a(ADC_Ext_CP_Clk.o)
 .ARM.attributes
                0x00000230       0x33 .\ARM_GCC_541\Debug\NotePerfect.a(ADC_theACLK.o)
 .ARM.attributes
                0x00000263       0x33 .\ARM_GCC_541\Debug\NotePerfect.a(CyLib.o)
 .ARM.attributes
                0x00000296       0x33 .\ARM_GCC_541\Debug\NotePerfect.a(cyPm.o)
 .ARM.attributes
                0x000002c9       0x33 .\ARM_GCC_541\Debug\NotePerfect.a(VDAC.o)
 .ARM.attributes
                0x000002fc       0x33 .\ARM_GCC_541\Debug\NotePerfect.a(Opamp.o)
 .ARM.attributes
                0x0000032f       0x33 .\ARM_GCC_541\Debug\NotePerfect.a(PWM.o)
 .ARM.attributes
                0x00000362       0x21 .\ARM_GCC_541\Debug\NotePerfect.a(CyBootAsmGnu.o)
 .ARM.attributes
                0x00000383       0x33 .\ARM_GCC_541\Debug\NotePerfect.a(CyFlash.o)
 .ARM.attributes
                0x000003b6       0x33 .\ARM_GCC_541\Debug\NotePerfect.a(CySpc.o)
 .ARM.attributes
                0x000003e9       0x1d c:/program files (x86)/cypress/psoc creator/4.2/psoc creator/import/gnu/arm/5.4.1/bin/../lib/gcc/arm-none-eabi/5.4.1/armv7-m\libgcc.a(_arm_addsubdf3.o)
 .ARM.attributes
                0x00000406       0x1d c:/program files (x86)/cypress/psoc creator/4.2/psoc creator/import/gnu/arm/5.4.1/bin/../lib/gcc/arm-none-eabi/5.4.1/armv7-m\libgcc.a(_arm_cmpdf2.o)
 .ARM.attributes
                0x00000423       0x1d c:/program files (x86)/cypress/psoc creator/4.2/psoc creator/import/gnu/arm/5.4.1/bin/../lib/gcc/arm-none-eabi/5.4.1/armv7-m\libgcc.a(_arm_addsubsf3.o)
 .ARM.attributes
                0x00000440       0x1d c:/program files (x86)/cypress/psoc creator/4.2/psoc creator/import/gnu/arm/5.4.1/bin/../lib/gcc/arm-none-eabi/5.4.1/armv7-m\libgcc.a(_arm_muldivsf3.o)
 .ARM.attributes
                0x0000045d       0x1d c:/program files (x86)/cypress/psoc creator/4.2/psoc creator/import/gnu/arm/5.4.1/bin/../lib/gcc/arm-none-eabi/5.4.1/armv7-m\libgcc.a(_arm_fixunssfsi.o)
 .ARM.attributes
                0x0000047a       0x2d c:/program files (x86)/cypress/psoc creator/4.2/psoc creator/import/gnu/arm/5.4.1/bin/../lib/gcc/arm-none-eabi/5.4.1/../../../../arm-none-eabi/lib/armv7-m\libg_nano.a(lib_a-errno.o)
 .ARM.attributes
                0x000004a7       0x2d c:/program files (x86)/cypress/psoc creator/4.2/psoc creator/import/gnu/arm/5.4.1/bin/../lib/gcc/arm-none-eabi/5.4.1/../../../../arm-none-eabi/lib/armv7-m\libg_nano.a(lib_a-exit.o)
 .ARM.attributes
                0x000004d4       0x2d c:/program files (x86)/cypress/psoc creator/4.2/psoc creator/import/gnu/arm/5.4.1/bin/../lib/gcc/arm-none-eabi/5.4.1/../../../../arm-none-eabi/lib/armv7-m\libg_nano.a(lib_a-impure.o)
 .ARM.attributes
                0x00000501       0x2d c:/program files (x86)/cypress/psoc creator/4.2/psoc creator/import/gnu/arm/5.4.1/bin/../lib/gcc/arm-none-eabi/5.4.1/../../../../arm-none-eabi/lib/armv7-m\libg_nano.a(lib_a-init.o)
 .ARM.attributes
                0x0000052e       0x2d c:/program files (x86)/cypress/psoc creator/4.2/psoc creator/import/gnu/arm/5.4.1/bin/../lib/gcc/arm-none-eabi/5.4.1/../../../../arm-none-eabi/lib/armv7-m\libg_nano.a(lib_a-memcpy-stub.o)
 .ARM.attributes
                0x0000055b       0x2d c:/program files (x86)/cypress/psoc creator/4.2/psoc creator/import/gnu/arm/5.4.1/bin/../lib/gcc/arm-none-eabi/5.4.1/../../../../arm-none-eabi/lib/armv7-m\libg_nano.a(lib_a-memset.o)
 .ARM.attributes
                0x00000588       0x2d c:/program files (x86)/cypress/psoc creator/4.2/psoc creator/import/gnu/arm/5.4.1/bin/../lib/gcc/arm-none-eabi/5.4.1/../../../../arm-none-eabi/lib/armv7-m\libg_nano.a(lib_a-sprintf.o)
 .ARM.attributes
                0x000005b5       0x2d c:/program files (x86)/cypress/psoc creator/4.2/psoc creator/import/gnu/arm/5.4.1/bin/../lib/gcc/arm-none-eabi/5.4.1/../../../../arm-none-eabi/lib/armv7-m\libg_nano.a(lib_a-nano-svfprintf.o)
 .ARM.attributes
                0x000005e2       0x2d c:/program files (x86)/cypress/psoc creator/4.2/psoc creator/import/gnu/arm/5.4.1/bin/../lib/gcc/arm-none-eabi/5.4.1/../../../../arm-none-eabi/lib/armv7-m\libg_nano.a(lib_a-nano-vfprintf_i.o)
 .ARM.attributes
                0x0000060f       0x2d c:/program files (x86)/cypress/psoc creator/4.2/psoc creator/import/gnu/arm/5.4.1/bin/../lib/gcc/arm-none-eabi/5.4.1/../../../../arm-none-eabi/lib/armv7-m\libg_nano.a(lib_a-memchr-stub.o)
 .ARM.attributes
                0x0000063c       0x2d c:/program files (x86)/cypress/psoc creator/4.2/psoc creator/import/gnu/arm/5.4.1/bin/../lib/gcc/arm-none-eabi/5.4.1/../../../../arm-none-eabi/lib/armv7-m\libg_nano.a(lib_a-memmove.o)
 .ARM.attributes
                0x00000669       0x2d c:/program files (x86)/cypress/psoc creator/4.2/psoc creator/import/gnu/arm/5.4.1/bin/../lib/gcc/arm-none-eabi/5.4.1/../../../../arm-none-eabi/lib/armv7-m\libg_nano.a(lib_a-nano-freer.o)
 .ARM.attributes
                0x00000696       0x2d c:/program files (x86)/cypress/psoc creator/4.2/psoc creator/import/gnu/arm/5.4.1/bin/../lib/gcc/arm-none-eabi/5.4.1/../../../../arm-none-eabi/lib/armv7-m\libg_nano.a(lib_a-nano-mallocr.o)
 .ARM.attributes
                0x000006c3       0x2d c:/program files (x86)/cypress/psoc creator/4.2/psoc creator/import/gnu/arm/5.4.1/bin/../lib/gcc/arm-none-eabi/5.4.1/../../../../arm-none-eabi/lib/armv7-m\libg_nano.a(lib_a-nano-reallocr.o)
 .ARM.attributes
                0x000006f0       0x2d c:/program files (x86)/cypress/psoc creator/4.2/psoc creator/import/gnu/arm/5.4.1/bin/../lib/gcc/arm-none-eabi/5.4.1/../../../../arm-none-eabi/lib/armv7-m\libg_nano.a(lib_a-sbrkr.o)
 .ARM.attributes
                0x0000071d       0x2d c:/program files (x86)/cypress/psoc creator/4.2/psoc creator/import/gnu/arm/5.4.1/bin/../lib/gcc/arm-none-eabi/5.4.1/../../../../arm-none-eabi/lib/armv7-m\libg_nano.a(lib_a-mlock.o)
 .ARM.attributes
                0x0000074a       0x2d c:/program files (x86)/cypress/psoc creator/4.2/psoc creator/import/gnu/arm/5.4.1/bin/../lib/gcc/arm-none-eabi/5.4.1/../../../../arm-none-eabi/lib/armv7-m\libg_nano.a(lib_a-nano-msizer.o)
 .ARM.attributes
                0x00000777       0x2d c:/program files (x86)/cypress/psoc creator/4.2/psoc creator/import/gnu/arm/5.4.1/bin/../lib/gcc/arm-none-eabi/5.4.1/../../../../arm-none-eabi/lib/armv7-m\libg_nano.a(lib_a-reent.o)
 .ARM.attributes
                0x000007a4       0x2d c:/program files (x86)/cypress/psoc creator/4.2/psoc creator/import/gnu/arm/5.4.1/bin/../lib/gcc/arm-none-eabi/5.4.1/armv7-m/crtend.o
 .ARM.attributes
                0x000007d1       0x1d c:/program files (x86)/cypress/psoc creator/4.2/psoc creator/import/gnu/arm/5.4.1/bin/../lib/gcc/arm-none-eabi/5.4.1/armv7-m/crtn.o

/DISCARD/
 *(.note.GNU-stack)
OUTPUT(C:\Users\David\Documents\Technical Topics\PSoC Creator Projects\NotePerfect\NotePerfect.cydsn\ARM_GCC_541\Debug\NotePerfect.elf elf32-littlearm)
