Archive member included to satisfy reference by file (symbol)

.\ARM_GCC_541\Debug\NotePerfect.a(ADC.o)
                              .\ARM_GCC_541\Debug\main.o (ADC_Start)
.\ARM_GCC_541\Debug\NotePerfect.a(ADC_INT.o)
                              .\ARM_GCC_541\Debug\NotePerfect.a(ADC.o) (ADC_ISR1)
.\ARM_GCC_541\Debug\NotePerfect.a(LCD.o)
                              .\ARM_GCC_541\Debug\main.o (LCD_Start)
.\ARM_GCC_541\Debug\NotePerfect.a(ADC_AMux.o)
                              .\ARM_GCC_541\Debug\NotePerfect.a(ADC.o) (ADC_AMux_Select)
.\ARM_GCC_541\Debug\NotePerfect.a(ADC_Ext_CP_Clk.o)
                              .\ARM_GCC_541\Debug\NotePerfect.a(ADC.o) (ADC_Ext_CP_Clk_SetDividerRegister)
.\ARM_GCC_541\Debug\NotePerfect.a(ADC_theACLK.o)
                              .\ARM_GCC_541\Debug\NotePerfect.a(ADC.o) (ADC_theACLK_SetDividerRegister)
.\ARM_GCC_541\Debug\NotePerfect.a(CyLib.o)
                              .\ARM_GCC_541\Debug\Cm3Start.o (CyResetStatus)
.\ARM_GCC_541\Debug\NotePerfect.a(cyPm.o)
                              .\ARM_GCC_541\Debug\NotePerfect.a(CyLib.o) (CyPmReadStatus)
.\ARM_GCC_541\Debug\NotePerfect.a(Opamp.o)
                              .\ARM_GCC_541\Debug\main.o (Opamp_Start)
.\ARM_GCC_541\Debug\NotePerfect.a(PWM.o)
                              .\ARM_GCC_541\Debug\main.o (PWM_Start)
.\ARM_GCC_541\Debug\NotePerfect.a(SW2.o)
                              .\ARM_GCC_541\Debug\main.o (SW2_Read)
.\ARM_GCC_541\Debug\NotePerfect.a(LED3.o)
                              .\ARM_GCC_541\Debug\main.o (LED3_Write)
.\ARM_GCC_541\Debug\NotePerfect.a(LED4.o)
                              .\ARM_GCC_541\Debug\main.o (LED4_Write)
.\ARM_GCC_541\Debug\NotePerfect.a(myMux.o)
                              .\ARM_GCC_541\Debug\main.o (myMux_Start)
.\ARM_GCC_541\Debug\NotePerfect.a(CyBootAsmGnu.o)
                              .\ARM_GCC_541\Debug\cyfitter_cfg.o (CyDelayCycles)
.\ARM_GCC_541\Debug\NotePerfect.a(CyFlash.o)
                              .\ARM_GCC_541\Debug\NotePerfect.a(cyPm.o) (CyFlash_SetWaitCycles)
.\ARM_GCC_541\Debug\NotePerfect.a(CySpc.o)
                              .\ARM_GCC_541\Debug\NotePerfect.a(CyFlash.o) (CySpcStart)
c:/program files (x86)/cypress/psoc creator/4.2/psoc creator/import/gnu/arm/5.4.1/bin/../lib/gcc/arm-none-eabi/5.4.1/armv7-m\libgcc.a(_arm_addsubdf3.o)
                              .\ARM_GCC_541\Debug\NotePerfect.a(ADC.o) (__aeabi_f2d)
c:/program files (x86)/cypress/psoc creator/4.2/psoc creator/import/gnu/arm/5.4.1/bin/../lib/gcc/arm-none-eabi/5.4.1/armv7-m\libgcc.a(_arm_cmpdf2.o)
                              .\ARM_GCC_541\Debug\NotePerfect.a(ADC.o) (__aeabi_dcmpgt)
c:/program files (x86)/cypress/psoc creator/4.2/psoc creator/import/gnu/arm/5.4.1/bin/../lib/gcc/arm-none-eabi/5.4.1/armv7-m\libgcc.a(_arm_addsubsf3.o)
                              .\ARM_GCC_541\Debug\NotePerfect.a(ADC.o) (__aeabi_ui2f)
c:/program files (x86)/cypress/psoc creator/4.2/psoc creator/import/gnu/arm/5.4.1/bin/../lib/gcc/arm-none-eabi/5.4.1/armv7-m\libgcc.a(_arm_muldivsf3.o)
                              .\ARM_GCC_541\Debug\NotePerfect.a(ADC.o) (__aeabi_fmul)
c:/program files (x86)/cypress/psoc creator/4.2/psoc creator/import/gnu/arm/5.4.1/bin/../lib/gcc/arm-none-eabi/5.4.1/armv7-m\libgcc.a(_arm_fixunssfsi.o)
                              .\ARM_GCC_541\Debug\NotePerfect.a(ADC.o) (__aeabi_f2uiz)
c:/program files (x86)/cypress/psoc creator/4.2/psoc creator/import/gnu/arm/5.4.1/bin/../lib/gcc/arm-none-eabi/5.4.1/../../../../arm-none-eabi/lib/armv7-m\libg_nano.a(lib_a-errno.o)
                              .\ARM_GCC_541\Debug\Cm3Start.o (__errno)
c:/program files (x86)/cypress/psoc creator/4.2/psoc creator/import/gnu/arm/5.4.1/bin/../lib/gcc/arm-none-eabi/5.4.1/../../../../arm-none-eabi/lib/armv7-m\libg_nano.a(lib_a-exit.o)
                              c:/program files (x86)/cypress/psoc creator/4.2/psoc creator/import/gnu/arm/5.4.1/bin/../lib/gcc/arm-none-eabi/5.4.1/../../../../arm-none-eabi/lib/armv7-m/crt0.o (exit)
c:/program files (x86)/cypress/psoc creator/4.2/psoc creator/import/gnu/arm/5.4.1/bin/../lib/gcc/arm-none-eabi/5.4.1/../../../../arm-none-eabi/lib/armv7-m\libg_nano.a(lib_a-impure.o)
                              c:/program files (x86)/cypress/psoc creator/4.2/psoc creator/import/gnu/arm/5.4.1/bin/../lib/gcc/arm-none-eabi/5.4.1/../../../../arm-none-eabi/lib/armv7-m\libg_nano.a(lib_a-exit.o) (_global_impure_ptr)
c:/program files (x86)/cypress/psoc creator/4.2/psoc creator/import/gnu/arm/5.4.1/bin/../lib/gcc/arm-none-eabi/5.4.1/../../../../arm-none-eabi/lib/armv7-m\libg_nano.a(lib_a-init.o)
                              c:/program files (x86)/cypress/psoc creator/4.2/psoc creator/import/gnu/arm/5.4.1/bin/../lib/gcc/arm-none-eabi/5.4.1/../../../../arm-none-eabi/lib/armv7-m/crt0.o (__libc_init_array)
[...]
Memory Configuration

Name             Origin             Length             Attributes
rom              0x00000000         0x00040000         xr
ram              0x1fff8000         0x00010000         xrw
*default*        0x00000000         0xffffffff

Linker script and memory map

LOAD c:/program files (x86)/cypress/psoc creator/4.2/psoc creator/import/gnu/arm/5.4.1/bin/../lib/gcc/arm-none-eabi/5.4.1/armv7-m/crti.o
LOAD c:/program files (x86)/cypress/psoc creator/4.2/psoc creator/import/gnu/arm/5.4.1/bin/../lib/gcc/arm-none-eabi/5.4.1/armv7-m/crtbegin.o
LOAD c:/program files (x86)/cypress/psoc creator/4.2/psoc creator/import/gnu/arm/5.4.1/bin/../lib/gcc/arm-none-eabi/5.4.1/../../../../arm-none-eabi/lib/armv7-m/crt0.o
START GROUP
LOAD .\ARM_GCC_541\Debug\main.o
LOAD .\ARM_GCC_541\Debug\cyfitter_cfg.o
LOAD .\ARM_GCC_541\Debug\cymetadata.o
LOAD .\ARM_GCC_541\Debug\Cm3Start.o
LOAD .\ARM_GCC_541\Debug\NotePerfect.a
LOAD C:\Program Files (x86)\Cypress\PSoC Creator\4.2\PSoC Creator\psoc\content\cycomponentlibrary\CyComponentLibrary.cylib\CortexM3\ARM_GCC_541\Debug\CyComponentLibrary.a
END GROUP
START GROUP
LOAD c:/program files (x86)/cypress/psoc creator/4.2/psoc creator/import/gnu/arm/5.4.1/bin/../lib/gcc/arm-none-eabi/5.4.1/armv7-m\libgcc.a
LOAD c:/program files (x86)/cypress/psoc creator/4.2/psoc creator/import/gnu/arm/5.4.1/bin/../lib/gcc/arm-none-eabi/5.4.1/../../../../arm-none-eabi/lib/armv7-m\libg_nano.a
LOAD c:/program files (x86)/cypress/psoc creator/4.2/psoc creator/import/gnu/arm/5.4.1/bin/../lib/gcc/arm-none-eabi/5.4.1/../../../../arm-none-eabi/lib/armv7-m\libc_nano.a
END GROUP
START GROUP
LOAD c:/program files (x86)/cypress/psoc creator/4.2/psoc creator/import/gnu/arm/5.4.1/bin/../lib/gcc/arm-none-eabi/5.4.1/armv7-m\libgcc.a
LOAD c:/program files (x86)/cypress/psoc creator/4.2/psoc creator/import/gnu/arm/5.4.1/bin/../lib/gcc/arm-none-eabi/5.4.1/../../../../arm-none-eabi/lib/armv7-m\libc_nano.a
END GROUP
LOAD c:/program files (x86)/cypress/psoc creator/4.2/psoc creator/import/gnu/arm/5.4.1/bin/../lib/gcc/arm-none-eabi/5.4.1/armv7-m/crtend.o
LOAD c:/program files (x86)/cypress/psoc creator/4.2/psoc creator/import/gnu/arm/5.4.1/bin/../lib/gcc/arm-none-eabi/5.4.1/armv7-m/crtn.o
START GROUP
LOAD c:/program files (x86)/cypress/psoc creator/4.2/psoc creator/import/gnu/arm/5.4.1/bin/../lib/gcc/arm-none-eabi/5.4.1/armv7-m\libgcc.a
LOAD c:/program files (x86)/cypress/psoc creator/4.2/psoc creator/import/gnu/arm/5.4.1/bin/../lib/gcc/arm-none-eabi/5.4.1/../../../../arm-none-eabi/lib/armv7-m\libc.a
LOAD c:/program files (x86)/cypress/psoc creator/4.2/psoc creator/import/gnu/arm/5.4.1/bin/../lib/gcc/arm-none-eabi/5.4.1/../../../../arm-none-eabi/lib/armv7-m\libnosys.a
END GROUP
                0x00000000                CY_APPL_ORIGIN = 0x0
                0x00000100                CY_FLASH_ROW_SIZE = 0x100
                0x00000020                CY_ECC_ROW_SIZE = 0x20
                0x00000000                CY_EE_IN_BTLDR = 0x0
                0x00000000                CY_APPL_LOADABLE = 0x0
                0x00000800                CY_EE_SIZE = 0x800
                0x00000001                CY_APPL_NUM = 0x1
                0x00000001                CY_APPL_MAX = 0x1
                0x00000040                CY_METADATA_SIZE = 0x40
                0x00000000                CY_APPL_LOADABLE = 0x0
                0x00000000                CY_CHECKSUM_EXCLUDE_SIZE = ALIGN (0x0, CY_FLASH_ROW_SIZE)
                [!provide]                PROVIDE (__cy_heap_start, _end)
                0x00000001                PROVIDE (__cy_region_num, ((__cy_regions_end - __cy_regions) / 0x10))
                0x20008000                PROVIDE (__cy_stack, (ORIGIN (ram) + LENGTH (ram)))
                [!provide]                PROVIDE (__cy_heap_end, (__cy_stack - 0x4000))

.cybootloader   0x00000000        0x0
 *(.cybootloader)
                0x00000000                appl1_start = CY_APPL_ORIGIN?CY_APPL_ORIGIN:ALIGN (CY_FLASH_ROW_SIZE)
                0x0001ff00                appl2_start = (appl1_start + ALIGN ((((LENGTH (rom) - appl1_start) - (0x2 * CY_FLASH_ROW_SIZE)) / 0x2), CY_FLASH_ROW_SIZE))
                0x00000000                appl_start = (CY_APPL_NUM == 0x1)?appl1_start:appl2_start
                0x00000000                ecc_offset = ((appl_start / CY_FLASH_ROW_SIZE) * CY_ECC_ROW_SIZE)
                0x00000000                ee_offset = (CY_APPL_LOADABLE && ! (CY_EE_IN_BTLDR))?((CY_EE_SIZE / CY_APPL_MAX) * (CY_APPL_NUM - 0x1)):0x0
                0x00000800                ee_size = (CY_APPL_LOADABLE && ! (CY_EE_IN_BTLDR))?(CY_EE_SIZE / CY_APPL_MAX):CY_EE_SIZE
                [!provide]                PROVIDE (CY_ECC_OFFSET, ecc_offset)

.text           0x00000000     0x2988
 CREATE_OBJECT_SYMBOLS
                0x00000000                PROVIDE (__cy_interrupt_vector, RomVectors)
 *(.romvectors)
 .romvectors    0x00000000       0x10 .\ARM_GCC_541\Debug\Cm3Start.o
                0x00000000                RomVectors
                0x00000001                ASSERT ((. != __cy_interrupt_vector), No interrupt vector)
                0x00000001                ASSERT (CY_APPL_ORIGIN?(SIZEOF (.cybootloader) <= CY_APPL_ORIGIN):0x1, Wrong image location)
                0x00000010                PROVIDE (__cy_reset, Reset)
 *(.text.Reset)
 .text.Reset    0x00000010       0x18 .\ARM_GCC_541\Debug\Cm3Start.o
                0x00000010                Reset
                0x00000001                ASSERT ((. != __cy_reset), No reset code)
 *(.dma_init)
 .dma_init      0x00000028      0x1c8 .\ARM_GCC_541\Debug\cyfitter_cfg.o
                0x00000001                ASSERT ((((appl_start + .) <= 0x10000) || 0x0), DMA Init must be within the first 64k of flash)
 *(.text .text.* .gnu.linkonce.t.*)
 .text          0x000001f0       0x5c c:/program files (x86)/cypress/psoc creator/4.2/psoc creator/import/gnu/arm/5.4.1/bin/../lib/gcc/arm-none-eabi/5.4.1/armv7-m/crtbegin.o
 .text.main     0x0000024c      0x330 .\ARM_GCC_541\Debug\main.o
                0x0000024c                main
 .text.CYCONFIGCPY
                0x0000057c       0x20 .\ARM_GCC_541\Debug\cyfitter_cfg.o
 .text.CyClockStartupError
                0x0000059c        0xc .\ARM_GCC_541\Debug\cyfitter_cfg.o
 .text.cfg_dma_init
                0x000005a8      0x174 .\ARM_GCC_541\Debug\cyfitter_cfg.o
 .text.ClockSetup
                0x0000071c      0x144 .\ARM_GCC_541\Debug\cyfitter_cfg.o
 .text.AnalogSetDefault
                0x00000860       0x60 .\ARM_GCC_541\Debug\cyfitter_cfg.o
 .text.ADC_AMux_Set
                0x000008c0       0x40 .\ARM_GCC_541\Debug\cyfitter_cfg.o
                0x000008c0                ADC_AMux_Set
 .text.ADC_AMux_Unset
                0x00000900       0x44 .\ARM_GCC_541\Debug\cyfitter_cfg.o
                0x00000900                ADC_AMux_Unset
 .text.myMux_Set
                0x00000944       0x6c .\ARM_GCC_541\Debug\cyfitter_cfg.o
                0x00000944                myMux_Set
 .text.myMux_Unset
                0x000009b0       0x74 .\ARM_GCC_541\Debug\cyfitter_cfg.o
                0x000009b0                myMux_Unset
 .text.cyfitter_cfg
                0x00000a24      0x108 .\ARM_GCC_541\Debug\cyfitter_cfg.o
                0x00000a24                cyfitter_cfg
 .text.IntDefaultHandler
                0x00000b2c       0x14 .\ARM_GCC_541\Debug\Cm3Start.o
                0x00000b2c                IntDefaultHandler
 .text._sbrk    0x00000b40       0x54 .\ARM_GCC_541\Debug\Cm3Start.o
                0x00000b40                _sbrk
 .text.Start_c  0x00000b94       0x98 .\ARM_GCC_541\Debug\Cm3Start.o
                0x00000b94                Start_c
 .text.initialize_psoc
                0x00000c2c       0x90 .\ARM_GCC_541\Debug\Cm3Start.o
                0x00000c2c                initialize_psoc
 .text.ADC_Init
                0x00000cbc      0x11c .\ARM_GCC_541\Debug\NotePerfect.a(ADC.o)
                0x00000cbc                ADC_Init
 .text.ADC_Enable
                0x00000dd8      0x158 .\ARM_GCC_541\Debug\NotePerfect.a(ADC.o)
                0x00000dd8                ADC_Enable
 .text.ADC_Start
                0x00000f30       0x30 .\ARM_GCC_541\Debug\NotePerfect.a(ADC.o)
                0x00000f30                ADC_Start
 .text.ADC_StartConvert
                0x00000f60       0x20 .\ARM_GCC_541\Debug\NotePerfect.a(ADC.o)
                0x00000f60                ADC_StartConvert
 .text.ADC_IsEndConversion
                0x00000f80       0x4c .\ARM_GCC_541\Debug\NotePerfect.a(ADC.o)
                0x00000f80                ADC_IsEndConversion
 .text.ADC_GetResult32
                0x00000fcc       0xa8 .\ARM_GCC_541\Debug\NotePerfect.a(ADC.o)
                0x00000fcc                ADC_GetResult32
 .text.ADC_CountsTo_mVolts
                0x00001074       0x3c .\ARM_GCC_541\Debug\NotePerfect.a(ADC.o)
                0x00001074                ADC_CountsTo_mVolts
 .text.ADC_InitConfig
                0x000010b0      0x168 .\ARM_GCC_541\Debug\NotePerfect.a(ADC.o)
 .text.ADC_GainCompensation
                0x00001218      0x170 .\ARM_GCC_541\Debug\NotePerfect.a(ADC.o)
 .text.ADC_SetDSMRef0Reg
                0x00001388       0x7c .\ARM_GCC_541\Debug\NotePerfect.a(ADC.o)
 .text.ADC_ISR1
                0x00001404        0xc .\ARM_GCC_541\Debug\NotePerfect.a(ADC_INT.o)
                0x00001404                ADC_ISR1
 .text.LCD_Init
                0x00001410       0x70 .\ARM_GCC_541\Debug\NotePerfect.a(LCD.o)
                0x00001410                LCD_Init
 .text.LCD_Enable
                0x00001480       0x18 .\ARM_GCC_541\Debug\NotePerfect.a(LCD.o)
                0x00001480                LCD_Enable
 .text.LCD_Start
                0x00001498       0x24 .\ARM_GCC_541\Debug\NotePerfect.a(LCD.o)
                0x00001498                LCD_Start
 .text.LCD_Position
                0x000014bc       0x70 .\ARM_GCC_541\Debug\NotePerfect.a(LCD.o)
                0x000014bc                LCD_Position
 .text.LCD_PrintString
                0x0000152c       0x3c .\ARM_GCC_541\Debug\NotePerfect.a(LCD.o)
                0x0000152c                LCD_PrintString
 .text.LCD_PutChar
                0x00001568       0x1c .\ARM_GCC_541\Debug\NotePerfect.a(LCD.o)
                0x00001568                LCD_PutChar
 .text.LCD_WriteData
                0x00001584       0x34 .\ARM_GCC_541\Debug\NotePerfect.a(LCD.o)
                0x00001584                LCD_WriteData
 .text.LCD_WriteControl
                0x000015b8       0x34 .\ARM_GCC_541\Debug\NotePerfect.a(LCD.o)
                0x000015b8                LCD_WriteControl
 .text.LCD_IsReady
                0x000015ec      0x178 .\ARM_GCC_541\Debug\NotePerfect.a(LCD.o)
                0x000015ec                LCD_IsReady
 .text.LCD_WrDatNib
                0x00001764       0x78 .\ARM_GCC_541\Debug\NotePerfect.a(LCD.o)
 .text.LCD_WrCntrlNib
                0x000017dc       0x64 .\ARM_GCC_541\Debug\NotePerfect.a(LCD.o)
 .text.ADC_AMux_Start
                0x00001840       0x34 .\ARM_GCC_541\Debug\NotePerfect.a(ADC_AMux.o)
                0x00001840                ADC_AMux_Start
 .text.ADC_AMux_Select
                0x00001874       0x28 .\ARM_GCC_541\Debug\NotePerfect.a(ADC_AMux.o)
                0x00001874                ADC_AMux_Select
 .text.ADC_Ext_CP_Clk_SetDividerRegister
                0x0000189c      0x164 .\ARM_GCC_541\Debug\NotePerfect.a(ADC_Ext_CP_Clk.o)
                0x0000189c                ADC_Ext_CP_Clk_SetDividerRegister
 .text.ADC_Ext_CP_Clk_GetDividerRegister
                0x00001a00       0x18 .\ARM_GCC_541\Debug\NotePerfect.a(ADC_Ext_CP_Clk.o)
                0x00001a00                ADC_Ext_CP_Clk_GetDividerRegister
 .text.ADC_Ext_CP_Clk_SetModeRegister
                0x00001a18       0x34 .\ARM_GCC_541\Debug\NotePerfect.a(ADC_Ext_CP_Clk.o)
                0x00001a18                ADC_Ext_CP_Clk_SetModeRegister
 .text.ADC_Ext_CP_Clk_GetSourceRegister
                0x00001a4c       0x1c .\ARM_GCC_541\Debug\NotePerfect.a(ADC_Ext_CP_Clk.o)
                0x00001a4c                ADC_Ext_CP_Clk_GetSourceRegister
 .text.ADC_theACLK_SetDividerRegister
                0x00001a68      0x164 .\ARM_GCC_541\Debug\NotePerfect.a(ADC_theACLK.o)
                0x00001a68                ADC_theACLK_SetDividerRegister
 .text.ADC_theACLK_GetDividerRegister
                0x00001bcc       0x18 .\ARM_GCC_541\Debug\NotePerfect.a(ADC_theACLK.o)
                0x00001bcc                ADC_theACLK_GetDividerRegister
 .text.ADC_theACLK_SetModeRegister
                0x00001be4       0x34 .\ARM_GCC_541\Debug\NotePerfect.a(ADC_theACLK.o)
                0x00001be4                ADC_theACLK_SetModeRegister
 .text.ADC_theACLK_GetSourceRegister
                0x00001c18       0x1c .\ARM_GCC_541\Debug\NotePerfect.a(ADC_theACLK.o)
                0x00001c18                ADC_theACLK_GetSourceRegister
 .text.CyHalt   0x00001c34       0x18 .\ARM_GCC_541\Debug\NotePerfect.a(CyLib.o)
                0x00001c34                CyHalt
 .text.CyDelay  0x00001c4c       0x44 .\ARM_GCC_541\Debug\NotePerfect.a(CyLib.o)
                0x00001c4c                CyDelay
 .text.CyDelayUs
                0x00001c90       0x28 .\ARM_GCC_541\Debug\NotePerfect.a(CyLib.o)
                0x00001c90                CyDelayUs
 .text.CyIntSetVector
                0x00001cb8       0x50 .\ARM_GCC_541\Debug\NotePerfect.a(CyLib.o)
                0x00001cb8                CyIntSetVector
 .text.CyIntSetPriority
                0x00001d08       0x48 .\ARM_GCC_541\Debug\NotePerfect.a(CyLib.o)
                0x00001d08                CyIntSetPriority
 .text.Opamp_Init
                0x00001d50       0x10 .\ARM_GCC_541\Debug\NotePerfect.a(Opamp.o)
                0x00001d50                Opamp_Init
 .text.Opamp_Enable
                0x00001d60       0x48 .\ARM_GCC_541\Debug\NotePerfect.a(Opamp.o)
                0x00001d60                Opamp_Enable
 .text.Opamp_Start
                0x00001da8       0x24 .\ARM_GCC_541\Debug\NotePerfect.a(Opamp.o)
                0x00001da8                Opamp_Start
 .text.Opamp_SetPower
                0x00001dcc       0x40 .\ARM_GCC_541\Debug\NotePerfect.a(Opamp.o)
                0x00001dcc                Opamp_SetPower
 .text.PWM_Start
                0x00001e0c       0x24 .\ARM_GCC_541\Debug\NotePerfect.a(PWM.o)
                0x00001e0c                PWM_Start
 .text.PWM_Init
                0x00001e30       0xc0 .\ARM_GCC_541\Debug\NotePerfect.a(PWM.o)
                0x00001e30                PWM_Init
 .text.PWM_Enable
                0x00001ef0       0x48 .\ARM_GCC_541\Debug\NotePerfect.a(PWM.o)
                0x00001ef0                PWM_Enable
 .text.PWM_WritePeriod
                0x00001f38       0x20 .\ARM_GCC_541\Debug\NotePerfect.a(PWM.o)
                0x00001f38                PWM_WritePeriod
 .text.PWM_WriteCompare
                0x00001f58       0x20 .\ARM_GCC_541\Debug\NotePerfect.a(PWM.o)
                0x00001f58                PWM_WriteCompare
 .text.PWM_SetInterruptMode
                0x00001f78       0x20 .\ARM_GCC_541\Debug\NotePerfect.a(PWM.o)
                0x00001f78                PWM_SetInterruptMode
 .text.SW2_Read
                0x00001f98       0x20 .\ARM_GCC_541\Debug\NotePerfect.a(SW2.o)
                0x00001f98                SW2_Read
 .text.LED3_Write
                0x00001fb8       0x3c .\ARM_GCC_541\Debug\NotePerfect.a(LED3.o)
                0x00001fb8                LED3_Write
 .text.LED4_Write
                0x00001ff4       0x3c .\ARM_GCC_541\Debug\NotePerfect.a(LED4.o)
                0x00001ff4                LED4_Write
 .text.myMux_Start
                0x00002030       0x34 .\ARM_GCC_541\Debug\NotePerfect.a(myMux.o)
                0x00002030                myMux_Start
 .text.myMux_FastSelect
                0x00002064       0x38 .\ARM_GCC_541\Debug\NotePerfect.a(myMux.o)
                0x00002064                myMux_FastSelect
 *fill*         0x0000209c        0x4 
 .text          0x000020a0       0x20 .\ARM_GCC_541\Debug\NotePerfect.a(CyBootAsmGnu.o)
                0x000020a0                CyDelayCycles
                0x000020b0                CyEnterCriticalSection
                0x000020b8                CyExitCriticalSection
 .text.__errno  0x000020c0        0xc c:/program files (x86)/cypress/psoc creator/4.2/psoc creator/import/gnu/arm/5.4.1/bin/../lib/gcc/arm-none-eabi/5.4.1/../../../../arm-none-eabi/lib/armv7-m\libg_nano.a(lib_a-errno.o)
                0x000020c0                __errno
 .text.__libc_init_array
                0x000020cc       0x4c c:/program files (x86)/cypress/psoc creator/4.2/psoc creator/import/gnu/arm/5.4.1/bin/../lib/gcc/arm-none-eabi/5.4.1/../../../../arm-none-eabi/lib/armv7-m\libg_nano.a(lib_a-init.o)
                0x000020cc                __libc_init_array
 .text.memcpy   0x00002118       0x16 c:/program files (x86)/cypress/psoc creator/4.2/psoc creator/import/gnu/arm/5.4.1/bin/../lib/gcc/arm-none-eabi/5.4.1/../../../../arm-none-eabi/lib/armv7-m\libg_nano.a(lib_a-memcpy-stub.o)
                0x00002118                memcpy
 .text.memset   0x0000212e       0x10 c:/program files (x86)/cypress/psoc creator/4.2/psoc creator/import/gnu/arm/5.4.1/bin/../lib/gcc/arm-none-eabi/5.4.1/../../../../arm-none-eabi/lib/armv7-m\libg_nano.a(lib_a-memset.o)
                0x0000212e                memset
 *fill*         0x0000213e        0x2 
 .text.sprintf  0x00002140       0x48 c:/program files (x86)/cypress/psoc creator/4.2/psoc creator/import/gnu/arm/5.4.1/bin/../lib/gcc/arm-none-eabi/5.4.1/../../../../arm-none-eabi/lib/armv7-m\libg_nano.a(lib_a-sprintf.o)
                0x00002140                siprintf
                0x00002140                sprintf
 .text.__ssputs_r
                0x00002188       0xb2 c:/program files (x86)/cypress/psoc creator/4.2/psoc creator/import/gnu/arm/5.4.1/bin/../lib/gcc/arm-none-eabi/5.4.1/../../../../arm-none-eabi/lib/armv7-m\libg_nano.a(lib_a-nano-svfprintf.o)
                0x00002188                __ssputs_r
 *fill*         0x0000223a        0x2 
 .text._svfprintf_r
                0x0000223c      0x1e8 c:/program files (x86)/cypress/psoc creator/4.2/psoc creator/import/gnu/arm/5.4.1/bin/../lib/gcc/arm-none-eabi/5.4.1/../../../../arm-none-eabi/lib/armv7-m\libg_nano.a(lib_a-nano-svfprintf.o)
                0x0000223c                _svfiprintf_r
                0x0000223c                _svfprintf_r
 .text._printf_common
                0x00002424       0xec c:/program files (x86)/cypress/psoc creator/4.2/psoc creator/import/gnu/arm/5.4.1/bin/../lib/gcc/arm-none-eabi/5.4.1/../../../../arm-none-eabi/lib/armv7-m\libg_nano.a(lib_a-nano-vfprintf_i.o)
                0x00002424                _printf_common
 .text._printf_i
                0x00002510      0x24c c:/program files (x86)/cypress/psoc creator/4.2/psoc creator/import/gnu/arm/5.4.1/bin/../lib/gcc/arm-none-eabi/5.4.1/../../../../arm-none-eabi/lib/armv7-m\libg_nano.a(lib_a-nano-vfprintf_i.o)
                0x00002510                _printf_i
 .text.memchr   0x0000275c       0x1c c:/program files (x86)/cypress/psoc creator/4.2/psoc creator/import/gnu/arm/5.4.1/bin/../lib/gcc/arm-none-eabi/5.4.1/../../../../arm-none-eabi/lib/armv7-m\libg_nano.a(lib_a-memchr-stub.o)
                0x0000275c                memchr
 .text.memmove  0x00002778       0x36 c:/program files (x86)/cypress/psoc creator/4.2/psoc creator/import/gnu/arm/5.4.1/bin/../lib/gcc/arm-none-eabi/5.4.1/../../../../arm-none-eabi/lib/armv7-m\libg_nano.a(lib_a-memmove.o)
                0x00002778                memmove
 *fill*         0x000027ae        0x2 
 .text._free_r  0x000027b0       0x98 c:/program files (x86)/cypress/psoc creator/4.2/psoc creator/import/gnu/arm/5.4.1/bin/../lib/gcc/arm-none-eabi/5.4.1/../../../../arm-none-eabi/lib/armv7-m\libg_nano.a(lib_a-nano-freer.o)
                0x000027b0                _free_r
 .text._malloc_r
                0x00002848       0xbc c:/program files (x86)/cypress/psoc creator/4.2/psoc creator/import/gnu/arm/5.4.1/bin/../lib/gcc/arm-none-eabi/5.4.1/../../../../arm-none-eabi/lib/armv7-m\libg_nano.a(lib_a-nano-mallocr.o)
                0x00002848                _malloc_r
 .text._realloc_r
                0x00002904       0x4c c:/program files (x86)/cypress/psoc creator/4.2/psoc creator/import/gnu/arm/5.4.1/bin/../lib/gcc/arm-none-eabi/5.4.1/../../../../arm-none-eabi/lib/armv7-m\libg_nano.a(lib_a-nano-reallocr.o)
                0x00002904                _realloc_r
 .text._sbrk_r  0x00002950       0x20 c:/program files (x86)/cypress/psoc creator/4.2/psoc creator/import/gnu/arm/5.4.1/bin/../lib/gcc/arm-none-eabi/5.4.1/../../../../arm-none-eabi/lib/armv7-m\libg_nano.a(lib_a-sbrkr.o)
                0x00002950                _sbrk_r
 .text.__malloc_lock
                0x00002970        0x2 c:/program files (x86)/cypress/psoc creator/4.2/psoc creator/import/gnu/arm/5.4.1/bin/../lib/gcc/arm-none-eabi/5.4.1/../../../../arm-none-eabi/lib/armv7-m\libg_nano.a(lib_a-mlock.o)
                0x00002970                __malloc_lock
 .text.__malloc_unlock
                0x00002972        0x2 c:/program files (x86)/cypress/psoc creator/4.2/psoc creator/import/gnu/arm/5.4.1/bin/../lib/gcc/arm-none-eabi/5.4.1/../../../../arm-none-eabi/lib/armv7-m\libg_nano.a(lib_a-mlock.o)
                0x00002972                __malloc_unlock
 .text._malloc_usable_size_r
                0x00002974       0x14 c:/program files (x86)/cypress/psoc creator/4.2/psoc creator/import/gnu/arm/5.4.1/bin/../lib/gcc/arm-none-eabi/5.4.1/../../../../arm-none-eabi/lib/armv7-m\libg_nano.a(lib_a-nano-msizer.o)
                0x00002974                _malloc_usable_size_r
 *(.plt)
 *(.gnu.warning)
 *(.glue_7t)
 .glue_7t       0x00002988        0x0 linker stubs
 *(.glue_7)
 .glue_7        0x00002988        0x0 linker stubs
 *(.vfp11_veneer)
 .vfp11_veneer  0x00002988        0x0 linker stubs
 *(.bootloader)
 *(.ARM.extab* .gnu.linkonce.armextab.*)
 *(.gcc_except_table)

.v4_bx          0x00002988        0x0
 .v4_bx         0x00002988        0x0 linker stubs

.iplt           0x00002988        0x0
 .iplt          0x00002988        0x0 c:/program files (x86)/cypress/psoc creator/4.2/psoc creator/import/gnu/arm/5.4.1/bin/../lib/gcc/arm-none-eabi/5.4.1/armv7-m/crtbegin.o

.eh_frame_hdr
 *(.eh_frame_hdr)

.eh_frame       0x00002988        0x4
 *(.eh_frame)
 .eh_frame      0x00002988        0x0 c:/program files (x86)/cypress/psoc creator/4.2/psoc creator/import/gnu/arm/5.4.1/bin/../lib/gcc/arm-none-eabi/5.4.1/armv7-m/crtbegin.o
 .eh_frame      0x00002988        0x4 c:/program files (x86)/cypress/psoc creator/4.2/psoc creator/import/gnu/arm/5.4.1/bin/../lib/gcc/arm-none-eabi/5.4.1/armv7-m/crtend.o
                [!provide]                PROVIDE (__exidx_start, .)

.ARM.exidx
 *(.ARM.exidx* .gnu.linkonce.armexidx.*)
                0x0000298c                __exidx_end = .

.rodata         0x0000298c      0x194
 *(.rodata .rodata.* .gnu.linkonce.r.*)
 .rodata        0x0000298c       0x31 .\ARM_GCC_541\Debug\main.o
 *fill*         0x000029bd        0x3 
 .rodata        0x000029c0       0xf0 .\ARM_GCC_541\Debug\cyfitter_cfg.o
                0x000029c0                ADC_AMux__addrTable
                0x000029c8                ADC_AMux__maskTable
                0x000029cc                myMux__addrTable
                0x000029dc                myMux__maskTable
 .rodata.str1.1
                0x00002ab0        0x2 c:/program files (x86)/cypress/psoc creator/4.2/psoc creator/import/gnu/arm/5.4.1/bin/../lib/gcc/arm-none-eabi/5.4.1/../../../../arm-none-eabi/lib/armv7-m\libg_nano.a(lib_a-impure.o)
 .rodata.str1.1
                0x00002ab2       0x11 c:/program files (x86)/cypress/psoc creator/4.2/psoc creator/import/gnu/arm/5.4.1/bin/../lib/gcc/arm-none-eabi/5.4.1/../../../../arm-none-eabi/lib/armv7-m\libg_nano.a(lib_a-nano-svfprintf.o)
 .rodata.str1.1
                0x00002ac3       0x22 c:/program files (x86)/cypress/psoc creator/4.2/psoc creator/import/gnu/arm/5.4.1/bin/../lib/gcc/arm-none-eabi/5.4.1/../../../../arm-none-eabi/lib/armv7-m\libg_nano.a(lib_a-nano-vfprintf_i.o)
                0x00002ae8                . = ALIGN (0x4)
 *fill*         0x00002ae5        0x3 
 *(.init)
 .init          0x00002ae8        0x4 c:/program files (x86)/cypress/psoc creator/4.2/psoc creator/import/gnu/arm/5.4.1/bin/../lib/gcc/arm-none-eabi/5.4.1/armv7-m/crti.o
                0x00002ae8                _init
 .init          0x00002aec        0x8 c:/program files (x86)/cypress/psoc creator/4.2/psoc creator/import/gnu/arm/5.4.1/bin/../lib/gcc/arm-none-eabi/5.4.1/armv7-m/crtn.o
                0x00002af4                . = ALIGN (0x4)
                0x00002af4                __preinit_array_start = .
 *(.preinit_array)
                0x00002af4                __preinit_array_end = .
                0x00002af4                . = ALIGN (0x4)
                0x00002af4                __init_array_start = .
 *(SORT(.init_array.*))
 *(.init_array)
 .init_array    0x00002af4        0x4 c:/program files (x86)/cypress/psoc creator/4.2/psoc creator/import/gnu/arm/5.4.1/bin/../lib/gcc/arm-none-eabi/5.4.1/armv7-m/crtbegin.o
 .init_array    0x00002af8        0x4 .\ARM_GCC_541\Debug\Cm3Start.o
                0x00002afc                __init_array_end = .
                0x00002afc                . = ALIGN (0x4)
 *(.fini)
 .fini          0x00002afc        0x4 c:/program files (x86)/cypress/psoc creator/4.2/psoc creator/import/gnu/arm/5.4.1/bin/../lib/gcc/arm-none-eabi/5.4.1/armv7-m/crti.o
                0x00002afc                _fini
 .fini          0x00002b00        0x8 c:/program files (x86)/cypress/psoc creator/4.2/psoc creator/import/gnu/arm/5.4.1/bin/../lib/gcc/arm-none-eabi/5.4.1/armv7-m/crtn.o
                0x00002b08                . = ALIGN (0x4)
                0x00002b08                __fini_array_start = .
 *(.fini_array)
 .fini_array    0x00002b08        0x4 c:/program files (x86)/cypress/psoc creator/4.2/psoc creator/import/gnu/arm/5.4.1/bin/../lib/gcc/arm-none-eabi/5.4.1/armv7-m/crtbegin.o
 *(SORT(.fini_array.*))
                0x00002b0c                __fini_array_end = .
                0x00002b0c                . = ALIGN (0x4)
 *crtbegin.o(.ctors)
 *(EXCLUDE_FILE(*crtend.o) .ctors)
 *(SORT(.ctors.*))
 *crtend.o(.ctors)
                0x00002b0c                . = ALIGN (0x4)
 *crtbegin.o(.dtors)
 *(EXCLUDE_FILE(*crtend.o) .dtors)
 *(SORT(.dtors.*))
 *crtend.o(.dtors)
                0x00002b0c                . = ALIGN (0x4)
                0x00002b0c                __cy_regions = .
                0x00002b0c        0x4 LONG 0x2b20 __cy_region_init_ram
                0x00002b10        0x4 LONG 0x1fff80c8 __cy_region_start_data
                0x00002b14        0x4 LONG 0x100 __cy_region_init_size_ram
                0x00002b18        0x4 LONG 0x48 __cy_region_zero_size_ram
                0x00002b1c                __cy_regions_end = .
                0x00002b20                . = ALIGN (0x8)
 *fill*         0x00002b1c        0x4 
                0x00002b20                _etext = .

.cy_checksum_exclude
                0x00002b20        0x0
 *(.cy_checksum_exclude)

.ramvectors     0x1fff8000       0xc0
                0x1fff8000                __cy_region_start_ram = .
 *(.ramvectors)
 .ramvectors    0x1fff8000       0xc0 .\ARM_GCC_541\Debug\Cm3Start.o
                0x1fff8000                CyRamVectors

.noinit         0x1fff80c0        0x5
 *(.noinit)
 .noinit        0x1fff80c0        0x4 .\ARM_GCC_541\Debug\Cm3Start.o
 .noinit        0x1fff80c4        0x1 .\ARM_GCC_541\Debug\NotePerfect.a(CyLib.o)
                0x1fff80c4                CyResetStatus

.data           0x1fff80c8      0x100 load address 0x00002b20
                0x1fff80c8                __cy_region_start_data = .
 *(.jcr)
 .jcr           0x1fff80c8        0x0 c:/program files (x86)/cypress/psoc creator/4.2/psoc creator/import/gnu/arm/5.4.1/bin/../lib/gcc/arm-none-eabi/5.4.1/armv7-m/crtbegin.o
 .jcr           0x1fff80c8        0x4 c:/program files (x86)/cypress/psoc creator/4.2/psoc creator/import/gnu/arm/5.4.1/bin/../lib/gcc/arm-none-eabi/5.4.1/armv7-m/crtend.o
 *(.got.plt)
 *(.got)
 *(.shdata)
 *(.data .data.* .gnu.linkonce.d.*)
 .data          0x1fff80cc       0x7a .\ARM_GCC_541\Debug\main.o
                0x1fff80cc                PWM_Lookup
 *fill*         0x1fff8146        0x2 
 .data          0x1fff8148        0x4 .\ARM_GCC_541\Debug\Cm3Start.o
 .data          0x1fff814c        0x1 .\ARM_GCC_541\Debug\NotePerfect.a(ADC.o)
                0x1fff814c                ADC_Config
 .data          0x1fff814d        0x1 .\ARM_GCC_541\Debug\NotePerfect.a(ADC_AMux.o)
 *fill*         0x1fff814e        0x2 
 .data          0x1fff8150       0x10 .\ARM_GCC_541\Debug\NotePerfect.a(CyLib.o)
                0x1fff8150                cydelay_freq_hz
                0x1fff8154                cydelay_freq_khz
                0x1fff8158                cydelay_freq_mhz
                0x1fff815c                cydelay_32k_ms
 .data          0x1fff8160        0x1 .\ARM_GCC_541\Debug\NotePerfect.a(myMux.o)
 *fill*         0x1fff8161        0x3 
 .data.impure_data
                0x1fff8164       0x60 c:/program files (x86)/cypress/psoc creator/4.2/psoc creator/import/gnu/arm/5.4.1/bin/../lib/gcc/arm-none-eabi/5.4.1/../../../../arm-none-eabi/lib/armv7-m\libg_nano.a(lib_a-impure.o)
 .data._impure_ptr
                0x1fff81c4        0x4 c:/program files (x86)/cypress/psoc creator/4.2/psoc creator/import/gnu/arm/5.4.1/bin/../lib/gcc/arm-none-eabi/5.4.1/../../../../arm-none-eabi/lib/armv7-m\libg_nano.a(lib_a-impure.o)
                0x1fff81c4                _impure_ptr
                0x1fff81c8                . = ALIGN (0x8)
 *(.ram)
                0x1fff81c8                _edata = .

.igot.plt       0x1fff81c8        0x0 load address 0x00002c20
 .igot.plt      0x1fff81c8        0x0 c:/program files (x86)/cypress/psoc creator/4.2/psoc creator/import/gnu/arm/5.4.1/bin/../lib/gcc/arm-none-eabi/5.4.1/armv7-m/crtbegin.o

.bss            0x1fff81c8       0x48 load address 0x00002c20
                0x1fff81c8                PROVIDE (__bss_start__, .)
 *(.shbss)
 *(.bss .bss.* .gnu.linkonce.b.*)
 .bss           0x1fff81c8       0x1c c:/program files (x86)/cypress/psoc creator/4.2/psoc creator/import/gnu/arm/5.4.1/bin/../lib/gcc/arm-none-eabi/5.4.1/armv7-m/crtbegin.o
 *fill*         0x1fff81e4        0x4 
 .bss           0x1fff81e8        0x4 .\ARM_GCC_541\Debug\cyfitter_cfg.o
 .bss           0x1fff81ec        0xc .\ARM_GCC_541\Debug\NotePerfect.a(ADC.o)
                0x1fff81ec                ADC_convDone
                0x1fff81ed                ADC_stopConversion
                0x1fff81ee                ADC_initVar
                0x1fff81ef                ADC_started
                0x1fff81f0                ADC_Offset
 .bss           0x1fff81f8        0x2 .\ARM_GCC_541\Debug\NotePerfect.a(LCD.o)
                0x1fff81f8                LCD_enableState
                0x1fff81f9                LCD_initVar
 .bss           0x1fff81fa        0x1 .\ARM_GCC_541\Debug\NotePerfect.a(Opamp.o)
                0x1fff81fa                Opamp_initVar
 .bss           0x1fff81fb        0x1 .\ARM_GCC_541\Debug\NotePerfect.a(PWM.o)
                0x1fff81fb                PWM_initVar
 .bss.__malloc_sbrk_start
                0x1fff81fc        0x4 c:/program files (x86)/cypress/psoc creator/4.2/psoc creator/import/gnu/arm/5.4.1/bin/../lib/gcc/arm-none-eabi/5.4.1/../../../../arm-none-eabi/lib/armv7-m\libg_nano.a(lib_a-nano-mallocr.o)
                0x1fff81fc                __malloc_sbrk_start
 .bss.__malloc_free_list
                0x1fff8200        0x4 c:/program files (x86)/cypress/psoc creator/4.2/psoc creator/import/gnu/arm/5.4.1/bin/../lib/gcc/arm-none-eabi/5.4.1/../../../../arm-none-eabi/lib/armv7-m\libg_nano.a(lib_a-nano-mallocr.o)
                0x1fff8200                __malloc_free_list
 *(COMMON)
 COMMON         0x1fff8204        0x4 .\ARM_GCC_541\Debug\NotePerfect.a(ADC.o)
                0x1fff8204                ADC_CountsPerVolt
 COMMON         0x1fff8208        0x4 c:/program files (x86)/cypress/psoc creator/4.2/psoc creator/import/gnu/arm/5.4.1/bin/../lib/gcc/arm-none-eabi/5.4.1/../../../../arm-none-eabi/lib/armv7-m\libg_nano.a(lib_a-reent.o)
                0x1fff8208                errno
                0x1fff8210                . = ALIGN (0x8)
 *fill*         0x1fff820c        0x4 
 *(.ram.b)
                0x1fff8210                _end = .
                0x1fff8210                __end = .
                0x1fff8210                PROVIDE (end, .)
                0x1fff8210                PROVIDE (__bss_end__, .)
                0x00002b20                __cy_region_init_ram = LOADADDR (.data)
                0x00000100                __cy_region_init_size_ram = (_edata - ADDR (.data))
                0x00000048                __cy_region_zero_size_ram = (_end - _edata)

.heap           0x1fff8210     0x1000 load address 0x00002c20
                0x1fff8210                . = _end
                0x1fff9210                . = (. + 0x1000)
 *fill*         0x1fff8210     0x1000 
                0x1fff9210                __cy_heap_limit = .

.stack          0x20004000     0x4000
                0x20004000                __cy_stack_limit = .
                0x20008000                . = (. + 0x4000)
 *fill*         0x20004000     0x4000 
                0x00000001                ASSERT ((__cy_stack_limit >= __cy_heap_limit), region RAM overflowed with stack)
                0x00000000                cy_checksum_exclude_size = (CY_APPL_LOADABLE == 0x1)?SIZEOF (.cy_checksum_exclude):0x0
                0x00000001                ASSERT ((cy_checksum_exclude_size <= CY_CHECKSUM_EXCLUDE_SIZE), CY_BOOT: Section .cy_checksum_exclude size exceedes specified limit.)

.cyloadermeta
 *(.cyloadermeta)

.cyloadablemeta
 *(.cyloadablemeta)

.cyconfigecc    0x80000000      0xcc4
 *(.cyconfigecc)
 .cyconfigecc   0x80000000      0xcc4 .\ARM_GCC_541\Debug\cymetadata.o
                0x80000000                cy_meta_configecc

.cycustnvl      0x90000000        0x4
 *(.cycustnvl)
 .cycustnvl     0x90000000        0x4 .\ARM_GCC_541\Debug\cymetadata.o
                0x90000000                cy_meta_custnvl

.cywolatch      0x90100000        0x4
 *(.cywolatch)
 .cywolatch     0x90100000        0x4 .\ARM_GCC_541\Debug\cymetadata.o
                0x90100000                cy_meta_wonvl

.cyeeprom       0x90200000        0x0
 *(.cyeeprom)
                0x00000001                ASSERT ((. <= ((0x90200000 + ee_offset) + ee_size)), .cyeeprom data will not fit in EEPROM)

.cyflashprotect
                0x90400000      0x100
 *(.cyflashprotect)
 .cyflashprotect
                0x90400000      0x100 .\ARM_GCC_541\Debug\cymetadata.o
                0x90400000                cy_meta_flashprotect

.cymeta         0x90500000        0xc
 *(.cymeta)
 .cymeta        0x90500000        0xc .\ARM_GCC_541\Debug\cymetadata.o
                0x90500000                cy_metadata

.rel.dyn        0x00002c20        0x0 load address 0x9050000c
 .rel.iplt      0x00002c20        0x0 c:/program files (x86)/cypress/psoc creator/4.2/psoc creator/import/gnu/arm/5.4.1/bin/../lib/gcc/arm-none-eabi/5.4.1/armv7-m/crtbegin.o

.stab
 *(.stab)

.stabstr
 *(.stabstr)

.debug
 *(.debug)

.line
 *(.line)

.debug_srcinfo
 *(.debug_srcinfo)

.debug_sfnames
 *(.debug_sfnames)

.debug_aranges  0x00000000      0x9c8
 *(.debug_aranges)
 .debug_aranges
                0x00000000       0x20 .\ARM_GCC_541\Debug\main.o
 .debug_aranges
                0x00000020       0x80 .\ARM_GCC_541\Debug\cyfitter_cfg.o
 .debug_aranges
                0x000000a0       0x18 .\ARM_GCC_541\Debug\cymetadata.o
 .debug_aranges
                0x000000b8       0x48 .\ARM_GCC_541\Debug\Cm3Start.o
 .debug_aranges
                0x00000100       0xe8 .\ARM_GCC_541\Debug\NotePerfect.a(ADC.o)
 .debug_aranges
                0x000001e8       0x38 .\ARM_GCC_541\Debug\NotePerfect.a(ADC_INT.o)
 .debug_aranges
                0x00000220       0x98 .\ARM_GCC_541\Debug\NotePerfect.a(LCD.o)
 .debug_aranges
                0x000002b8       0x30 .\ARM_GCC_541\Debug\NotePerfect.a(ADC_AMux.o)
 .debug_aranges
                0x000002e8       0x70 .\ARM_GCC_541\Debug\NotePerfect.a(ADC_Ext_CP_Clk.o)
 .debug_aranges
                0x00000358       0x80 .\ARM_GCC_541\Debug\NotePerfect.a(ADC_theACLK.o)
 .debug_aranges
                0x000003d8      0x2a0 .\ARM_GCC_541\Debug\NotePerfect.a(CyLib.o)
 .debug_aranges
                0x00000678       0x98 .\ARM_GCC_541\Debug\NotePerfect.a(cyPm.o)
 .debug_aranges
                0x00000710       0x40 .\ARM_GCC_541\Debug\NotePerfect.a(Opamp.o)
 .debug_aranges
                0x00000750       0x78 .\ARM_GCC_541\Debug\NotePerfect.a(PWM.o)
 .debug_aranges
                0x000007c8       0x38 .\ARM_GCC_541\Debug\NotePerfect.a(SW2.o)
 .debug_aranges
                0x00000800       0x38 .\ARM_GCC_541\Debug\NotePerfect.a(LED3.o)
 .debug_aranges
                0x00000838       0x38 .\ARM_GCC_541\Debug\NotePerfect.a(LED4.o)
 .debug_aranges
                0x00000870       0x30 .\ARM_GCC_541\Debug\NotePerfect.a(myMux.o)
 .debug_aranges
                0x000008a0       0x20 .\ARM_GCC_541\Debug\NotePerfect.a(CyBootAsmGnu.o)
 .debug_aranges
                0x000008c0       0x88 .\ARM_GCC_541\Debug\NotePerfect.a(CyFlash.o)
 .debug_aranges
                0x00000948       0x80 .\ARM_GCC_541\Debug\NotePerfect.a(CySpc.o)

.debug_pubnames
 *(.debug_pubnames)

.debug_info     0x00000000     0x4202
 *(.debug_info .gnu.linkonce.wi.*)
 .debug_info    0x00000000      0x215 .\ARM_GCC_541\Debug\main.o
 .debug_info    0x00000215      0x50d .\ARM_GCC_541\Debug\cyfitter_cfg.o
 .debug_info    0x00000722      0x139 .\ARM_GCC_541\Debug\cymetadata.o
 .debug_info    0x0000085b      0x32b .\ARM_GCC_541\Debug\Cm3Start.o
 .debug_info    0x00000b86      0x72c .\ARM_GCC_541\Debug\NotePerfect.a(ADC.o)
 .debug_info    0x000012b2       0xd3 .\ARM_GCC_541\Debug\NotePerfect.a(ADC_INT.o)
 .debug_info    0x00001385      0x3cf .\ARM_GCC_541\Debug\NotePerfect.a(LCD.o)
 .debug_info    0x00001754      0x10a .\ARM_GCC_541\Debug\NotePerfect.a(ADC_AMux.o)
 .debug_info    0x0000185e      0x25d .\ARM_GCC_541\Debug\NotePerfect.a(ADC_Ext_CP_Clk.o)
 .debug_info    0x00001abb      0x299 .\ARM_GCC_541\Debug\NotePerfect.a(ADC_theACLK.o)
 .debug_info    0x00001d54      0xe51 .\ARM_GCC_541\Debug\NotePerfect.a(CyLib.o)
 .debug_info    0x00002ba5      0x57a .\ARM_GCC_541\Debug\NotePerfect.a(cyPm.o)
 .debug_info    0x0000311f      0x125 .\ARM_GCC_541\Debug\NotePerfect.a(Opamp.o)
 .debug_info    0x00003244      0x235 .\ARM_GCC_541\Debug\NotePerfect.a(PWM.o)
 .debug_info    0x00003479      0x11e .\ARM_GCC_541\Debug\NotePerfect.a(SW2.o)
 .debug_info    0x00003597      0x11e .\ARM_GCC_541\Debug\NotePerfect.a(LED3.o)
 .debug_info    0x000036b5      0x11e .\ARM_GCC_541\Debug\NotePerfect.a(LED4.o)
 .debug_info    0x000037d3      0x10a .\ARM_GCC_541\Debug\NotePerfect.a(myMux.o)
 .debug_info    0x000038dd       0xac .\ARM_GCC_541\Debug\NotePerfect.a(CyBootAsmGnu.o)
 .debug_info    0x00003989      0x3b9 .\ARM_GCC_541\Debug\NotePerfect.a(CyFlash.o)
 .debug_info    0x00003d42      0x4c0 .\ARM_GCC_541\Debug\NotePerfect.a(CySpc.o)

.debug_abbrev   0x00000000     0x1462
 *(.debug_abbrev)
 .debug_abbrev  0x00000000       0xb9 .\ARM_GCC_541\Debug\main.o
 .debug_abbrev  0x000000b9      0x194 .\ARM_GCC_541\Debug\cyfitter_cfg.o
 .debug_abbrev  0x0000024d       0x77 .\ARM_GCC_541\Debug\cymetadata.o
 .debug_abbrev  0x000002c4      0x1d6 .\ARM_GCC_541\Debug\Cm3Start.o
 .debug_abbrev  0x0000049a      0x19d .\ARM_GCC_541\Debug\NotePerfect.a(ADC.o)
 .debug_abbrev  0x00000637       0x42 .\ARM_GCC_541\Debug\NotePerfect.a(ADC_INT.o)
 .debug_abbrev  0x00000679      0x120 .\ARM_GCC_541\Debug\NotePerfect.a(LCD.o)
 .debug_abbrev  0x00000799       0x6f .\ARM_GCC_541\Debug\NotePerfect.a(ADC_AMux.o)
 .debug_abbrev  0x00000808      0x11d .\ARM_GCC_541\Debug\NotePerfect.a(ADC_Ext_CP_Clk.o)
 .debug_abbrev  0x00000925      0x11d .\ARM_GCC_541\Debug\NotePerfect.a(ADC_theACLK.o)
 .debug_abbrev  0x00000a42      0x217 .\ARM_GCC_541\Debug\NotePerfect.a(CyLib.o)
 .debug_abbrev  0x00000c59      0x161 .\ARM_GCC_541\Debug\NotePerfect.a(cyPm.o)
 .debug_abbrev  0x00000dba       0xa8 .\ARM_GCC_541\Debug\NotePerfect.a(Opamp.o)
 .debug_abbrev  0x00000e62      0x116 .\ARM_GCC_541\Debug\NotePerfect.a(PWM.o)
 .debug_abbrev  0x00000f78       0x90 .\ARM_GCC_541\Debug\NotePerfect.a(SW2.o)
 .debug_abbrev  0x00001008       0x90 .\ARM_GCC_541\Debug\NotePerfect.a(LED3.o)
 .debug_abbrev  0x00001098       0x90 .\ARM_GCC_541\Debug\NotePerfect.a(LED4.o)
 .debug_abbrev  0x00001128       0x6f .\ARM_GCC_541\Debug\NotePerfect.a(myMux.o)
 .debug_abbrev  0x00001197       0x14 .\ARM_GCC_541\Debug\NotePerfect.a(CyBootAsmGnu.o)
 .debug_abbrev  0x000011ab      0x14b .\ARM_GCC_541\Debug\NotePerfect.a(CyFlash.o)
 .debug_abbrev  0x000012f6      0x16c .\ARM_GCC_541\Debug\NotePerfect.a(CySpc.o)

.debug_line     0x00000000     0x2663
 *(.debug_line)
 .debug_line    0x00000000      0x1dd .\ARM_GCC_541\Debug\main.o
 .debug_line    0x000001dd      0x277 .\ARM_GCC_541\Debug\cyfitter_cfg.o
 .debug_line    0x00000454      0x141 .\ARM_GCC_541\Debug\cymetadata.o
 .debug_line    0x00000595      0x1dc .\ARM_GCC_541\Debug\Cm3Start.o
 .debug_line    0x00000771      0x356 .\ARM_GCC_541\Debug\NotePerfect.a(ADC.o)
 .debug_line    0x00000ac7       0x8c .\ARM_GCC_541\Debug\NotePerfect.a(ADC_INT.o)
 .debug_line    0x00000b53      0x1e1 .\ARM_GCC_541\Debug\NotePerfect.a(LCD.o)
 .debug_line    0x00000d34       0x9d .\ARM_GCC_541\Debug\NotePerfect.a(ADC_AMux.o)
 .debug_line    0x00000dd1      0x1ad .\ARM_GCC_541\Debug\NotePerfect.a(ADC_Ext_CP_Clk.o)
 .debug_line    0x00000f7e      0x1ce .\ARM_GCC_541\Debug\NotePerfect.a(ADC_theACLK.o)
 .debug_line    0x0000114c      0x883 .\ARM_GCC_541\Debug\NotePerfect.a(CyLib.o)
 .debug_line    0x000019cf      0x38e .\ARM_GCC_541\Debug\NotePerfect.a(cyPm.o)
 .debug_line    0x00001d5d       0xad .\ARM_GCC_541\Debug\NotePerfect.a(Opamp.o)
 .debug_line    0x00001e0a      0x13e .\ARM_GCC_541\Debug\NotePerfect.a(PWM.o)
 .debug_line    0x00001f48       0x93 .\ARM_GCC_541\Debug\NotePerfect.a(SW2.o)
 .debug_line    0x00001fdb       0x94 .\ARM_GCC_541\Debug\NotePerfect.a(LED3.o)
 .debug_line    0x0000206f       0x94 .\ARM_GCC_541\Debug\NotePerfect.a(LED4.o)
 .debug_line    0x00002103       0x9a .\ARM_GCC_541\Debug\NotePerfect.a(myMux.o)
 .debug_line    0x0000219d       0x66 .\ARM_GCC_541\Debug\NotePerfect.a(CyBootAsmGnu.o)
 .debug_line    0x00002203      0x22f .\ARM_GCC_541\Debug\NotePerfect.a(CyFlash.o)
 .debug_line    0x00002432      0x231 .\ARM_GCC_541\Debug\NotePerfect.a(CySpc.o)

.debug_frame    0x00000000     0x29dc
 *(.debug_frame)
 .debug_frame   0x00000000       0x30 .\ARM_GCC_541\Debug\main.o
 .debug_frame   0x00000030      0x200 .\ARM_GCC_541\Debug\cyfitter_cfg.o
 .debug_frame   0x00000230       0xd8 .\ARM_GCC_541\Debug\Cm3Start.o
 .debug_frame   0x00000308      0x40c .\ARM_GCC_541\Debug\NotePerfect.a(ADC.o)
 .debug_frame   0x00000714       0xa0 .\ARM_GCC_541\Debug\NotePerfect.a(ADC_INT.o)
 .debug_frame   0x000007b4      0x260 .\ARM_GCC_541\Debug\NotePerfect.a(LCD.o)
 .debug_frame   0x00000a14       0x88 .\ARM_GCC_541\Debug\NotePerfect.a(ADC_AMux.o)
 .debug_frame   0x00000a9c      0x1b4 .\ARM_GCC_541\Debug\NotePerfect.a(ADC_Ext_CP_Clk.o)
 .debug_frame   0x00000c50      0x200 .\ARM_GCC_541\Debug\NotePerfect.a(ADC_theACLK.o)
 .debug_frame   0x00000e50      0xc0c .\ARM_GCC_541\Debug\NotePerfect.a(CyLib.o)
 .debug_frame   0x00001a5c      0x234 .\ARM_GCC_541\Debug\NotePerfect.a(cyPm.o)
 .debug_frame   0x00001c90       0xb8 .\ARM_GCC_541\Debug\NotePerfect.a(Opamp.o)
 .debug_frame   0x00001d48      0x1d0 .\ARM_GCC_541\Debug\NotePerfect.a(PWM.o)
 .debug_frame   0x00001f18       0xa8 .\ARM_GCC_541\Debug\NotePerfect.a(SW2.o)
 .debug_frame   0x00001fc0       0xa8 .\ARM_GCC_541\Debug\NotePerfect.a(LED3.o)
 .debug_frame   0x00002068       0xa8 .\ARM_GCC_541\Debug\NotePerfect.a(LED4.o)
 .debug_frame   0x00002110       0x88 .\ARM_GCC_541\Debug\NotePerfect.a(myMux.o)
 .debug_frame   0x00002198      0x238 .\ARM_GCC_541\Debug\NotePerfect.a(CyFlash.o)
 .debug_frame   0x000023d0      0x228 .\ARM_GCC_541\Debug\NotePerfect.a(CySpc.o)
 .debug_frame   0x000025f8       0x20 c:/program files (x86)/cypress/psoc creator/4.2/psoc creator/import/gnu/arm/5.4.1/bin/../lib/gcc/arm-none-eabi/5.4.1/../../../../arm-none-eabi/lib/armv7-m\libg_nano.a(lib_a-errno.o)
 .debug_frame   0x00002618       0x28 c:/program files (x86)/cypress/psoc creator/4.2/psoc creator/import/gnu/arm/5.4.1/bin/../lib/gcc/arm-none-eabi/5.4.1/../../../../arm-none-eabi/lib/armv7-m\libg_nano.a(lib_a-exit.o)
 .debug_frame   0x00002640       0x2c c:/program files (x86)/cypress/psoc creator/4.2/psoc creator/import/gnu/arm/5.4.1/bin/../lib/gcc/arm-none-eabi/5.4.1/../../../../arm-none-eabi/lib/armv7-m\libg_nano.a(lib_a-init.o)
 .debug_frame   0x0000266c       0x28 c:/program files (x86)/cypress/psoc creator/4.2/psoc creator/import/gnu/arm/5.4.1/bin/../lib/gcc/arm-none-eabi/5.4.1/../../../../arm-none-eabi/lib/armv7-m\libg_nano.a(lib_a-memcpy-stub.o)
 .debug_frame   0x00002694       0x20 c:/program files (x86)/cypress/psoc creator/4.2/psoc creator/import/gnu/arm/5.4.1/bin/../lib/gcc/arm-none-eabi/5.4.1/../../../../arm-none-eabi/lib/armv7-m\libg_nano.a(lib_a-memset.o)
 .debug_frame   0x000026b4       0x70 c:/program files (x86)/cypress/psoc creator/4.2/psoc creator/import/gnu/arm/5.4.1/bin/../lib/gcc/arm-none-eabi/5.4.1/../../../../arm-none-eabi/lib/armv7-m\libg_nano.a(lib_a-sprintf.o)
 .debug_frame   0x00002724       0x90 c:/program files (x86)/cypress/psoc creator/4.2/psoc creator/import/gnu/arm/5.4.1/bin/../lib/gcc/arm-none-eabi/5.4.1/../../../../arm-none-eabi/lib/armv7-m\libg_nano.a(lib_a-nano-svfprintf.o)
 .debug_frame   0x000027b4       0x60 c:/program files (x86)/cypress/psoc creator/4.2/psoc creator/import/gnu/arm/5.4.1/bin/../lib/gcc/arm-none-eabi/5.4.1/../../../../arm-none-eabi/lib/armv7-m\libg_nano.a(lib_a-nano-vfprintf_i.o)
 .debug_frame   0x00002814       0x28 c:/program files (x86)/cypress/psoc creator/4.2/psoc creator/import/gnu/arm/5.4.1/bin/../lib/gcc/arm-none-eabi/5.4.1/../../../../arm-none-eabi/lib/armv7-m\libg_nano.a(lib_a-memchr-stub.o)
 .debug_frame   0x0000283c       0x28 c:/program files (x86)/cypress/psoc creator/4.2/psoc creator/import/gnu/arm/5.4.1/bin/../lib/gcc/arm-none-eabi/5.4.1/../../../../arm-none-eabi/lib/armv7-m\libg_nano.a(lib_a-memmove.o)
 .debug_frame   0x00002864       0x38 c:/program files (x86)/cypress/psoc creator/4.2/psoc creator/import/gnu/arm/5.4.1/bin/../lib/gcc/arm-none-eabi/5.4.1/../../../../arm-none-eabi/lib/armv7-m\libg_nano.a(lib_a-nano-freer.o)
 .debug_frame   0x0000289c       0x2c c:/program files (x86)/cypress/psoc creator/4.2/psoc creator/import/gnu/arm/5.4.1/bin/../lib/gcc/arm-none-eabi/5.4.1/../../../../arm-none-eabi/lib/armv7-m\libg_nano.a(lib_a-nano-mallocr.o)
 .debug_frame   0x000028c8       0x3c c:/program files (x86)/cypress/psoc creator/4.2/psoc creator/import/gnu/arm/5.4.1/bin/../lib/gcc/arm-none-eabi/5.4.1/../../../../arm-none-eabi/lib/armv7-m\libg_nano.a(lib_a-nano-reallocr.o)
 .debug_frame   0x00002904       0x2c c:/program files (x86)/cypress/psoc creator/4.2/psoc creator/import/gnu/arm/5.4.1/bin/../lib/gcc/arm-none-eabi/5.4.1/../../../../arm-none-eabi/lib/armv7-m\libg_nano.a(lib_a-sbrkr.o)
 .debug_frame   0x00002930       0x30 c:/program files (x86)/cypress/psoc creator/4.2/psoc creator/import/gnu/arm/5.4.1/bin/../lib/gcc/arm-none-eabi/5.4.1/../../../../arm-none-eabi/lib/armv7-m\libg_nano.a(lib_a-mlock.o)
 .debug_frame   0x00002960       0x20 c:/program files (x86)/cypress/psoc creator/4.2/psoc creator/import/gnu/arm/5.4.1/bin/../lib/gcc/arm-none-eabi/5.4.1/../../../../arm-none-eabi/lib/armv7-m\libg_nano.a(lib_a-nano-msizer.o)
 .debug_frame   0x00002980       0x5c c:/program files (x86)/cypress/psoc creator/4.2/psoc creator/import/gnu/arm/5.4.1/bin/../lib/gcc/arm-none-eabi/5.4.1/../../../../arm-none-eabi/lib/armv7-m\libg_nano.a(lib_a-reent.o)

.debug_str      0x00000000     0x1ef1
 *(.debug_str)
 .debug_str     0x00000000      0x20d .\ARM_GCC_541\Debug\main.o
                                0x272 (size before relaxing)
 .debug_str     0x0000020d      0x216 .\ARM_GCC_541\Debug\cyfitter_cfg.o
                                0x3bf (size before relaxing)
 .debug_str     0x00000423       0x75 .\ARM_GCC_541\Debug\cymetadata.o
                                0x200 (size before relaxing)
 .debug_str     0x00000498      0x124 .\ARM_GCC_541\Debug\Cm3Start.o
                                0x2f3 (size before relaxing)
 .debug_str     0x000005bc      0x2f6 .\ARM_GCC_541\Debug\NotePerfect.a(ADC.o)
                                0x4fb (size before relaxing)
 .debug_str     0x000008b2       0x45 .\ARM_GCC_541\Debug\NotePerfect.a(ADC_INT.o)
                                0x1dc (size before relaxing)
 .debug_str     0x000008f7      0x177 .\ARM_GCC_541\Debug\NotePerfect.a(LCD.o)
                                0x335 (size before relaxing)
 .debug_str     0x00000a6e       0x6f .\ARM_GCC_541\Debug\NotePerfect.a(ADC_AMux.o)
                                0x1ff (size before relaxing)
 .debug_str     0x00000add      0x1b4 .\ARM_GCC_541\Debug\NotePerfect.a(ADC_Ext_CP_Clk.o)
                                0x35e (size before relaxing)
 .debug_str     0x00000c91      0x18a .\ARM_GCC_541\Debug\NotePerfect.a(ADC_theACLK.o)
                                0x37d (size before relaxing)
 .debug_str     0x00000e1b      0x7f7 .\ARM_GCC_541\Debug\NotePerfect.a(CyLib.o)
                                0xa06 (size before relaxing)
 .debug_str     0x00001612      0x371 .\ARM_GCC_541\Debug\NotePerfect.a(cyPm.o)
                                0x55f (size before relaxing)
 .debug_str     0x00001983       0x71 .\ARM_GCC_541\Debug\NotePerfect.a(Opamp.o)
                                0x213 (size before relaxing)
 .debug_str     0x000019f4      0x117 .\ARM_GCC_541\Debug\NotePerfect.a(PWM.o)
                                0x2cd (size before relaxing)
 .debug_str     0x00001b0b       0x5c .\ARM_GCC_541\Debug\NotePerfect.a(SW2.o)
                                0x1f4 (size before relaxing)
 .debug_str     0x00001b67       0x56 .\ARM_GCC_541\Debug\NotePerfect.a(LED3.o)
                                0x1f9 (size before relaxing)
 .debug_str     0x00001bbd       0x56 .\ARM_GCC_541\Debug\NotePerfect.a(LED4.o)
                                0x1f9 (size before relaxing)
 .debug_str     0x00001c13       0x5b .\ARM_GCC_541\Debug\NotePerfect.a(myMux.o)
                                0x1f0 (size before relaxing)
 .debug_str     0x00001c6e      0x156 .\ARM_GCC_541\Debug\NotePerfect.a(CyFlash.o)
                                0x323 (size before relaxing)
 .debug_str     0x00001dc4      0x12d .\ARM_GCC_541\Debug\NotePerfect.a(CySpc.o)
                                0x31d (size before relaxing)

.debug_loc
 *(.debug_loc)

.debug_macinfo
 *(.debug_macinfo)

.debug_ranges   0x00000000      0x860
 *(.debug_ranges)
 .debug_ranges  0x00000000       0x10 .\ARM_GCC_541\Debug\main.o
 .debug_ranges  0x00000010       0x70 .\ARM_GCC_541\Debug\cyfitter_cfg.o
 .debug_ranges  0x00000080       0x38 .\ARM_GCC_541\Debug\Cm3Start.o
 .debug_ranges  0x000000b8       0xd8 .\ARM_GCC_541\Debug\NotePerfect.a(ADC.o)
 .debug_ranges  0x00000190       0x28 .\ARM_GCC_541\Debug\NotePerfect.a(ADC_INT.o)
 .debug_ranges  0x000001b8       0x88 .\ARM_GCC_541\Debug\NotePerfect.a(LCD.o)
 .debug_ranges  0x00000240       0x20 .\ARM_GCC_541\Debug\NotePerfect.a(ADC_AMux.o)
 .debug_ranges  0x00000260       0x60 .\ARM_GCC_541\Debug\NotePerfect.a(ADC_Ext_CP_Clk.o)
 .debug_ranges  0x000002c0       0x70 .\ARM_GCC_541\Debug\NotePerfect.a(ADC_theACLK.o)
 .debug_ranges  0x00000330      0x290 .\ARM_GCC_541\Debug\NotePerfect.a(CyLib.o)
 .debug_ranges  0x000005c0       0x88 .\ARM_GCC_541\Debug\NotePerfect.a(cyPm.o)
 .debug_ranges  0x00000648       0x30 .\ARM_GCC_541\Debug\NotePerfect.a(Opamp.o)
 .debug_ranges  0x00000678       0x68 .\ARM_GCC_541\Debug\NotePerfect.a(PWM.o)
 .debug_ranges  0x000006e0       0x28 .\ARM_GCC_541\Debug\NotePerfect.a(SW2.o)
 .debug_ranges  0x00000708       0x28 .\ARM_GCC_541\Debug\NotePerfect.a(LED3.o)
 .debug_ranges  0x00000730       0x28 .\ARM_GCC_541\Debug\NotePerfect.a(LED4.o)
 .debug_ranges  0x00000758       0x20 .\ARM_GCC_541\Debug\NotePerfect.a(myMux.o)
 .debug_ranges  0x00000778       0x78 .\ARM_GCC_541\Debug\NotePerfect.a(CyFlash.o)
 .debug_ranges  0x000007f0       0x70 .\ARM_GCC_541\Debug\NotePerfect.a(CySpc.o)

.comment        0x00000000       0x6e
 .comment       0x00000000       0x6e .\ARM_GCC_541\Debug\main.o
                                 0x6f (size before relaxing)
 .comment       0x0000006e       0x6f .\ARM_GCC_541\Debug\cyfitter_cfg.o
 .comment       0x0000006e       0x6f .\ARM_GCC_541\Debug\cymetadata.o
 .comment       0x0000006e       0x6f .\ARM_GCC_541\Debug\Cm3Start.o
 .comment       0x0000006e       0x6f .\ARM_GCC_541\Debug\NotePerfect.a(ADC.o)
 .comment       0x0000006e       0x6f .\ARM_GCC_541\Debug\NotePerfect.a(ADC_INT.o)
 .comment       0x0000006e       0x6f .\ARM_GCC_541\Debug\NotePerfect.a(LCD.o)
 .comment       0x0000006e       0x6f .\ARM_GCC_541\Debug\NotePerfect.a(ADC_AMux.o)
 .comment       0x0000006e       0x6f .\ARM_GCC_541\Debug\NotePerfect.a(ADC_Ext_CP_Clk.o)
 .comment       0x0000006e       0x6f .\ARM_GCC_541\Debug\NotePerfect.a(ADC_theACLK.o)
 .comment       0x0000006e       0x6f .\ARM_GCC_541\Debug\NotePerfect.a(CyLib.o)
 .comment       0x0000006e       0x6f .\ARM_GCC_541\Debug\NotePerfect.a(cyPm.o)
 .comment       0x0000006e       0x6f .\ARM_GCC_541\Debug\NotePerfect.a(Opamp.o)
 .comment       0x0000006e       0x6f .\ARM_GCC_541\Debug\NotePerfect.a(PWM.o)
 .comment       0x0000006e       0x6f .\ARM_GCC_541\Debug\NotePerfect.a(SW2.o)
 .comment       0x0000006e       0x6f .\ARM_GCC_541\Debug\NotePerfect.a(LED3.o)
 .comment       0x0000006e       0x6f .\ARM_GCC_541\Debug\NotePerfect.a(LED4.o)
 .comment       0x0000006e       0x6f .\ARM_GCC_541\Debug\NotePerfect.a(myMux.o)
 .comment       0x0000006e       0x6f .\ARM_GCC_541\Debug\NotePerfect.a(CyFlash.o)
 .comment       0x0000006e       0x6f .\ARM_GCC_541\Debug\NotePerfect.a(CySpc.o)

.debug_weaknames
 *(.debug_weaknames)

.debug_funcnames
 *(.debug_funcnames)

.debug_typenames
 *(.debug_typenames)

.debug_varnames
 *(.debug_varnames)

.note.gnu.arm.ident
 *(.note.gnu.arm.ident)

.ARM.attributes
                0x00000000       0x29
 *(.ARM.attributes)
 .ARM.attributes
                0x00000000       0x1d c:/program files (x86)/cypress/psoc creator/4.2/psoc creator/import/gnu/arm/5.4.1/bin/../lib/gcc/arm-none-eabi/5.4.1/armv7-m/crti.o
 .ARM.attributes
                0x0000001d       0x2d c:/program files (x86)/cypress/psoc creator/4.2/psoc creator/import/gnu/arm/5.4.1/bin/../lib/gcc/arm-none-eabi/5.4.1/armv7-m/crtbegin.o
 .ARM.attributes
                0x0000004a       0x1b c:/program files (x86)/cypress/psoc creator/4.2/psoc creator/import/gnu/arm/5.4.1/bin/../lib/gcc/arm-none-eabi/5.4.1/../../../../arm-none-eabi/lib/armv7-m/crt0.o
 .ARM.attributes
                0x00000065       0x33 .\ARM_GCC_541\Debug\main.o
 .ARM.attributes
                0x00000098       0x33 .\ARM_GCC_541\Debug\cyfitter_cfg.o
 .ARM.attributes
                0x000000cb       0x33 .\ARM_GCC_541\Debug\cymetadata.o
 .ARM.attributes
                0x000000fe       0x33 .\ARM_GCC_541\Debug\Cm3Start.o
 .ARM.attributes
                0x00000131       0x33 .\ARM_GCC_541\Debug\NotePerfect.a(ADC.o)
 .ARM.attributes
                0x00000164       0x33 .\ARM_GCC_541\Debug\NotePerfect.a(ADC_INT.o)
 .ARM.attributes
                0x00000197       0x33 .\ARM_GCC_541\Debug\NotePerfect.a(LCD.o)
 .ARM.attributes
                0x000001ca       0x33 .\ARM_GCC_541\Debug\NotePerfect.a(ADC_AMux.o)
 .ARM.attributes
                0x000001fd       0x33 .\ARM_GCC_541\Debug\NotePerfect.a(ADC_Ext_CP_Clk.o)
 .ARM.attributes
                0x00000230       0x33 .\ARM_GCC_541\Debug\NotePerfect.a(ADC_theACLK.o)
 .ARM.attributes
                0x00000263       0x33 .\ARM_GCC_541\Debug\NotePerfect.a(CyLib.o)
 .ARM.attributes
                0x00000296       0x33 .\ARM_GCC_541\Debug\NotePerfect.a(cyPm.o)
 .ARM.attributes
                0x000002c9       0x33 .\ARM_GCC_541\Debug\NotePerfect.a(Opamp.o)
 .ARM.attributes
                0x000002fc       0x33 .\ARM_GCC_541\Debug\NotePerfect.a(PWM.o)
 .ARM.attributes
                0x0000032f       0x33 .\ARM_GCC_541\Debug\NotePerfect.a(SW2.o)
 .ARM.attributes
                0x00000362       0x33 .\ARM_GCC_541\Debug\NotePerfect.a(LED3.o)
 .ARM.attributes
                0x00000395       0x33 .\ARM_GCC_541\Debug\NotePerfect.a(LED4.o)
 .ARM.attributes
                0x000003c8       0x33 .\ARM_GCC_541\Debug\NotePerfect.a(myMux.o)
 .ARM.attributes
                0x000003fb       0x21 .\ARM_GCC_541\Debug\NotePerfect.a(CyBootAsmGnu.o)
 .ARM.attributes
                0x0000041c       0x33 .\ARM_GCC_541\Debug\NotePerfect.a(CyFlash.o)
 .ARM.attributes
                0x0000044f       0x33 .\ARM_GCC_541\Debug\NotePerfect.a(CySpc.o)
 .ARM.attributes
                0x00000482       0x1d c:/program files (x86)/cypress/psoc creator/4.2/psoc creator/import/gnu/arm/5.4.1/bin/../lib/gcc/arm-none-eabi/5.4.1/armv7-m\libgcc.a(_arm_addsubdf3.o)
 .ARM.attributes
                0x0000049f       0x1d c:/program files (x86)/cypress/psoc creator/4.2/psoc creator/import/gnu/arm/5.4.1/bin/../lib/gcc/arm-none-eabi/5.4.1/armv7-m\libgcc.a(_arm_cmpdf2.o)
 .ARM.attributes
                0x000004bc       0x1d c:/program files (x86)/cypress/psoc creator/4.2/psoc creator/import/gnu/arm/5.4.1/bin/../lib/gcc/arm-none-eabi/5.4.1/armv7-m\libgcc.a(_arm_addsubsf3.o)
 .ARM.attributes
                0x000004d9       0x1d c:/program files (x86)/cypress/psoc creator/4.2/psoc creator/import/gnu/arm/5.4.1/bin/../lib/gcc/arm-none-eabi/5.4.1/armv7-m\libgcc.a(_arm_muldivsf3.o)
 .ARM.attributes
                0x000004f6       0x1d c:/program files (x86)/cypress/psoc creator/4.2/psoc creator/import/gnu/arm/5.4.1/bin/../lib/gcc/arm-none-eabi/5.4.1/armv7-m\libgcc.a(_arm_fixunssfsi.o)
 .ARM.attributes
                0x00000513       0x2d c:/program files (x86)/cypress/psoc creator/4.2/psoc creator/import/gnu/arm/5.4.1/bin/../lib/gcc/arm-none-eabi/5.4.1/../../../../arm-none-eabi/lib/armv7-m\libg_nano.a(lib_a-errno.o)
 .ARM.attributes
                0x00000540       0x2d c:/program files (x86)/cypress/psoc creator/4.2/psoc creator/import/gnu/arm/5.4.1/bin/../lib/gcc/arm-none-eabi/5.4.1/../../../../arm-none-eabi/lib/armv7-m\libg_nano.a(lib_a-exit.o)
 .ARM.attributes
                0x0000056d       0x2d c:/program files (x86)/cypress/psoc creator/4.2/psoc creator/import/gnu/arm/5.4.1/bin/../lib/gcc/arm-none-eabi/5.4.1/../../../../arm-none-eabi/lib/armv7-m\libg_nano.a(lib_a-impure.o)
 .ARM.attributes
                0x0000059a       0x2d c:/program files (x86)/cypress/psoc creator/4.2/psoc creator/import/gnu/arm/5.4.1/bin/../lib/gcc/arm-none-eabi/5.4.1/../../../../arm-none-eabi/lib/armv7-m\libg_nano.a(lib_a-init.o)
 .ARM.attributes
                0x000005c7       0x2d c:/program files (x86)/cypress/psoc creator/4.2/psoc creator/import/gnu/arm/5.4.1/bin/../lib/gcc/arm-none-eabi/5.4.1/../../../../arm-none-eabi/lib/armv7-m\libg_nano.a(lib_a-memcpy-stub.o)
 .ARM.attributes
                0x000005f4       0x2d c:/program files (x86)/cypress/psoc creator/4.2/psoc creator/import/gnu/arm/5.4.1/bin/../lib/gcc/arm-none-eabi/5.4.1/../../../../arm-none-eabi/lib/armv7-m\libg_nano.a(lib_a-memset.o)
 .ARM.attributes
                0x00000621       0x2d c:/program files (x86)/cypress/psoc creator/4.2/psoc creator/import/gnu/arm/5.4.1/bin/../lib/gcc/arm-none-eabi/5.4.1/../../../../arm-none-eabi/lib/armv7-m\libg_nano.a(lib_a-sprintf.o)
 .ARM.attributes
                0x0000064e       0x2d c:/program files (x86)/cypress/psoc creator/4.2/psoc creator/import/gnu/arm/5.4.1/bin/../lib/gcc/arm-none-eabi/5.4.1/../../../../arm-none-eabi/lib/armv7-m\libg_nano.a(lib_a-nano-svfprintf.o)
 .ARM.attributes
                0x0000067b       0x2d c:/program files (x86)/cypress/psoc creator/4.2/psoc creator/import/gnu/arm/5.4.1/bin/../lib/gcc/arm-none-eabi/5.4.1/../../../../arm-none-eabi/lib/armv7-m\libg_nano.a(lib_a-nano-vfprintf_i.o)
 .ARM.attributes
                0x000006a8       0x2d c:/program files (x86)/cypress/psoc creator/4.2/psoc creator/import/gnu/arm/5.4.1/bin/../lib/gcc/arm-none-eabi/5.4.1/../../../../arm-none-eabi/lib/armv7-m\libg_nano.a(lib_a-memchr-stub.o)
 .ARM.attributes
                0x000006d5       0x2d c:/program files (x86)/cypress/psoc creator/4.2/psoc creator/import/gnu/arm/5.4.1/bin/../lib/gcc/arm-none-eabi/5.4.1/../../../../arm-none-eabi/lib/armv7-m\libg_nano.a(lib_a-memmove.o)
 .ARM.attributes
                0x00000702       0x2d c:/program files (x86)/cypress/psoc creator/4.2/psoc creator/import/gnu/arm/5.4.1/bin/../lib/gcc/arm-none-eabi/5.4.1/../../../../arm-none-eabi/lib/armv7-m\libg_nano.a(lib_a-nano-freer.o)
 .ARM.attributes
                0x0000072f       0x2d c:/program files (x86)/cypress/psoc creator/4.2/psoc creator/import/gnu/arm/5.4.1/bin/../lib/gcc/arm-none-eabi/5.4.1/../../../../arm-none-eabi/lib/armv7-m\libg_nano.a(lib_a-nano-mallocr.o)
 .ARM.attributes
                0x0000075c       0x2d c:/program files (x86)/cypress/psoc creator/4.2/psoc creator/import/gnu/arm/5.4.1/bin/../lib/gcc/arm-none-eabi/5.4.1/../../../../arm-none-eabi/lib/armv7-m\libg_nano.a(lib_a-nano-reallocr.o)
 .ARM.attributes
                0x00000789       0x2d c:/program files (x86)/cypress/psoc creator/4.2/psoc creator/import/gnu/arm/5.4.1/bin/../lib/gcc/arm-none-eabi/5.4.1/../../../../arm-none-eabi/lib/armv7-m\libg_nano.a(lib_a-sbrkr.o)
 .ARM.attributes
                0x000007b6       0x2d c:/program files (x86)/cypress/psoc creator/4.2/psoc creator/import/gnu/arm/5.4.1/bin/../lib/gcc/arm-none-eabi/5.4.1/../../../../arm-none-eabi/lib/armv7-m\libg_nano.a(lib_a-mlock.o)
 .ARM.attributes
                0x000007e3       0x2d c:/program files (x86)/cypress/psoc creator/4.2/psoc creator/import/gnu/arm/5.4.1/bin/../lib/gcc/arm-none-eabi/5.4.1/../../../../arm-none-eabi/lib/armv7-m\libg_nano.a(lib_a-nano-msizer.o)
 .ARM.attributes
                0x00000810       0x2d c:/program files (x86)/cypress/psoc creator/4.2/psoc creator/import/gnu/arm/5.4.1/bin/../lib/gcc/arm-none-eabi/5.4.1/../../../../arm-none-eabi/lib/armv7-m\libg_nano.a(lib_a-reent.o)
 .ARM.attributes
                0x0000083d       0x2d c:/program files (x86)/cypress/psoc creator/4.2/psoc creator/import/gnu/arm/5.4.1/bin/../lib/gcc/arm-none-eabi/5.4.1/armv7-m/crtend.o
 .ARM.attributes
                0x0000086a       0x1d c:/program files (x86)/cypress/psoc creator/4.2/psoc creator/import/gnu/arm/5.4.1/bin/../lib/gcc/arm-none-eabi/5.4.1/armv7-m/crtn.o

/DISCARD/
 *(.note.GNU-stack)
OUTPUT(C:\Users\David\Documents\Technical Topics\PSoC Creator Projects\NotePerfect\NotePerfect.cydsn\ARM_GCC_541\Debug\NotePerfect.elf elf32-littlearm)
