Archive member included to satisfy reference by file (symbol)

.\ARM_GCC_541\Debug\VoltageDisplay_DelSigADC.a(ADC.o)
                              .\ARM_GCC_541\Debug\main.o (ADC_Start)
.\ARM_GCC_541\Debug\VoltageDisplay_DelSigADC.a(ADC_INT.o)
                              .\ARM_GCC_541\Debug\VoltageDisplay_DelSigADC.a(ADC.o) (ADC_ISR1)
.\ARM_GCC_541\Debug\VoltageDisplay_DelSigADC.a(LCD.o)
                              .\ARM_GCC_541\Debug\main.o (LCD_Start)
.\ARM_GCC_541\Debug\VoltageDisplay_DelSigADC.a(ADC_AMux.o)
                              .\ARM_GCC_541\Debug\VoltageDisplay_DelSigADC.a(ADC.o) (ADC_AMux_Select)
.\ARM_GCC_541\Debug\VoltageDisplay_DelSigADC.a(ADC_Ext_CP_Clk.o)
                              .\ARM_GCC_541\Debug\VoltageDisplay_DelSigADC.a(ADC.o) (ADC_Ext_CP_Clk_SetDividerRegister)
.\ARM_GCC_541\Debug\VoltageDisplay_DelSigADC.a(ADC_theACLK.o)
                              .\ARM_GCC_541\Debug\VoltageDisplay_DelSigADC.a(ADC.o) (ADC_theACLK_SetDividerRegister)
.\ARM_GCC_541\Debug\VoltageDisplay_DelSigADC.a(CyLib.o)
                              .\ARM_GCC_541\Debug\Cm3Start.o (CyResetStatus)
.\ARM_GCC_541\Debug\VoltageDisplay_DelSigADC.a(cyPm.o)
                              .\ARM_GCC_541\Debug\VoltageDisplay_DelSigADC.a(CyLib.o) (CyPmReadStatus)
.\ARM_GCC_541\Debug\VoltageDisplay_DelSigADC.a(CyBootAsmGnu.o)
                              .\ARM_GCC_541\Debug\cyfitter_cfg.o (CyDelayCycles)
.\ARM_GCC_541\Debug\VoltageDisplay_DelSigADC.a(CyFlash.o)
                              .\ARM_GCC_541\Debug\VoltageDisplay_DelSigADC.a(cyPm.o) (CyFlash_SetWaitCycles)
.\ARM_GCC_541\Debug\VoltageDisplay_DelSigADC.a(CySpc.o)
                              .\ARM_GCC_541\Debug\VoltageDisplay_DelSigADC.a(CyFlash.o) (CySpcStart)
c:/program files (x86)/cypress/psoc creator/4.2/psoc creator/import/gnu/arm/5.4.1/bin/../lib/gcc/arm-none-eabi/5.4.1/armv7-m\libgcc.a(_arm_addsubdf3.o)
                              .\ARM_GCC_541\Debug\VoltageDisplay_DelSigADC.a(ADC.o) (__aeabi_f2d)
c:/program files (x86)/cypress/psoc creator/4.2/psoc creator/import/gnu/arm/5.4.1/bin/../lib/gcc/arm-none-eabi/5.4.1/armv7-m\libgcc.a(_arm_cmpdf2.o)
                              .\ARM_GCC_541\Debug\VoltageDisplay_DelSigADC.a(ADC.o) (__aeabi_dcmpgt)
c:/program files (x86)/cypress/psoc creator/4.2/psoc creator/import/gnu/arm/5.4.1/bin/../lib/gcc/arm-none-eabi/5.4.1/armv7-m\libgcc.a(_arm_addsubsf3.o)
                              .\ARM_GCC_541\Debug\VoltageDisplay_DelSigADC.a(ADC.o) (__aeabi_ui2f)
c:/program files (x86)/cypress/psoc creator/4.2/psoc creator/import/gnu/arm/5.4.1/bin/../lib/gcc/arm-none-eabi/5.4.1/armv7-m\libgcc.a(_arm_muldivsf3.o)
                              .\ARM_GCC_541\Debug\VoltageDisplay_DelSigADC.a(ADC.o) (__aeabi_fmul)
c:/program files (x86)/cypress/psoc creator/4.2/psoc creator/import/gnu/arm/5.4.1/bin/../lib/gcc/arm-none-eabi/5.4.1/armv7-m\libgcc.a(_arm_fixunssfsi.o)
                              .\ARM_GCC_541\Debug\VoltageDisplay_DelSigADC.a(ADC.o) (__aeabi_f2uiz)
c:/program files (x86)/cypress/psoc creator/4.2/psoc creator/import/gnu/arm/5.4.1/bin/../lib/gcc/arm-none-eabi/5.4.1/../../../../arm-none-eabi/lib/armv7-m\libg_nano.a(lib_a-errno.o)
                              .\ARM_GCC_541\Debug\Cm3Start.o (__errno)
c:/program files (x86)/cypress/psoc creator/4.2/psoc creator/import/gnu/arm/5.4.1/bin/../lib/gcc/arm-none-eabi/5.4.1/../../../../arm-none-eabi/lib/armv7-m\libg_nano.a(lib_a-exit.o)
                              c:/program files (x86)/cypress/psoc creator/4.2/psoc creator/import/gnu/arm/5.4.1/bin/../lib/gcc/arm-none-eabi/5.4.1/../../../../arm-none-eabi/lib/armv7-m/crt0.o (exit)
c:/program files (x86)/cypress/psoc creator/4.2/psoc creator/import/gnu/arm/5.4.1/bin/../lib/gcc/arm-none-eabi/5.4.1/../../../../arm-none-eabi/lib/armv7-m\libg_nano.a(lib_a-impure.o)
                              c:/program files (x86)/cypress/psoc creator/4.2/psoc creator/import/gnu/arm/5.4.1/bin/../lib/gcc/arm-none-eabi/5.4.1/../../../../arm-none-eabi/lib/armv7-m\libg_nano.a(lib_a-exit.o) (_global_impure_ptr)
c:/program files (x86)/cypress/psoc creator/4.2/psoc creator/import/gnu/arm/5.4.1/bin/../lib/gcc/arm-none-eabi/5.4.1/../../../../arm-none-eabi/lib/armv7-m\libg_nano.a(lib_a-init.o)
                              c:/program files (x86)/cypress/psoc creator/4.2/psoc creator/import/gnu/arm/5.4.1/bin/../lib/gcc/arm-none-eabi/5.4.1/../../../../arm-none-eabi/lib/armv7-m/crt0.o (__libc_init_array)
c:/program files (x86)/cypress/psoc creator/4.2/psoc creator/import/gnu/arm/5.4.1/bin/../lib/gcc/arm-none-eabi/5.4.1/../../../../arm-none-eabi/lib/armv7-m\libg_nano.a(lib_a-memcpy-stub.o)
                              .\ARM_GCC_541\Debug\cyfitter_cfg.o (memcpy)
c:/program files (x86)/cypress/psoc creator/4.2/psoc creator/import/gnu/arm/5.4.1/bin/../lib/gcc/arm-none-eabi/5.4.1/../../../../arm-none-eabi/lib/armv7-m\libg_nano.a(lib_a-memset.o)
[...]
Memory Configuration

Name             Origin             Length             Attributes
rom              0x00000000         0x00040000         xr
ram              0x1fff8000         0x00010000         xrw
*default*        0x00000000         0xffffffff

Linker script and memory map

LOAD c:/program files (x86)/cypress/psoc creator/4.2/psoc creator/import/gnu/arm/5.4.1/bin/../lib/gcc/arm-none-eabi/5.4.1/armv7-m/crti.o
LOAD c:/program files (x86)/cypress/psoc creator/4.2/psoc creator/import/gnu/arm/5.4.1/bin/../lib/gcc/arm-none-eabi/5.4.1/armv7-m/crtbegin.o
LOAD c:/program files (x86)/cypress/psoc creator/4.2/psoc creator/import/gnu/arm/5.4.1/bin/../lib/gcc/arm-none-eabi/5.4.1/../../../../arm-none-eabi/lib/armv7-m/crt0.o
START GROUP
LOAD .\ARM_GCC_541\Debug\main.o
LOAD .\ARM_GCC_541\Debug\cyfitter_cfg.o
LOAD .\ARM_GCC_541\Debug\cymetadata.o
LOAD .\ARM_GCC_541\Debug\Cm3Start.o
LOAD .\ARM_GCC_541\Debug\VoltageDisplay_DelSigADC.a
LOAD C:\Program Files (x86)\Cypress\PSoC Creator\4.2\PSoC Creator\psoc\content\cycomponentlibrary\CyComponentLibrary.cylib\CortexM3\ARM_GCC_541\Debug\CyComponentLibrary.a
END GROUP
START GROUP
LOAD c:/program files (x86)/cypress/psoc creator/4.2/psoc creator/import/gnu/arm/5.4.1/bin/../lib/gcc/arm-none-eabi/5.4.1/armv7-m\libgcc.a
LOAD c:/program files (x86)/cypress/psoc creator/4.2/psoc creator/import/gnu/arm/5.4.1/bin/../lib/gcc/arm-none-eabi/5.4.1/../../../../arm-none-eabi/lib/armv7-m\libg_nano.a
LOAD c:/program files (x86)/cypress/psoc creator/4.2/psoc creator/import/gnu/arm/5.4.1/bin/../lib/gcc/arm-none-eabi/5.4.1/../../../../arm-none-eabi/lib/armv7-m\libc_nano.a
END GROUP
START GROUP
LOAD c:/program files (x86)/cypress/psoc creator/4.2/psoc creator/import/gnu/arm/5.4.1/bin/../lib/gcc/arm-none-eabi/5.4.1/armv7-m\libgcc.a
LOAD c:/program files (x86)/cypress/psoc creator/4.2/psoc creator/import/gnu/arm/5.4.1/bin/../lib/gcc/arm-none-eabi/5.4.1/../../../../arm-none-eabi/lib/armv7-m\libc_nano.a
END GROUP
LOAD c:/program files (x86)/cypress/psoc creator/4.2/psoc creator/import/gnu/arm/5.4.1/bin/../lib/gcc/arm-none-eabi/5.4.1/armv7-m/crtend.o
LOAD c:/program files (x86)/cypress/psoc creator/4.2/psoc creator/import/gnu/arm/5.4.1/bin/../lib/gcc/arm-none-eabi/5.4.1/armv7-m/crtn.o
START GROUP
LOAD c:/program files (x86)/cypress/psoc creator/4.2/psoc creator/import/gnu/arm/5.4.1/bin/../lib/gcc/arm-none-eabi/5.4.1/armv7-m\libgcc.a
LOAD c:/program files (x86)/cypress/psoc creator/4.2/psoc creator/import/gnu/arm/5.4.1/bin/../lib/gcc/arm-none-eabi/5.4.1/../../../../arm-none-eabi/lib/armv7-m\libc.a
LOAD c:/program files (x86)/cypress/psoc creator/4.2/psoc creator/import/gnu/arm/5.4.1/bin/../lib/gcc/arm-none-eabi/5.4.1/../../../../arm-none-eabi/lib/armv7-m\libnosys.a
END GROUP
                0x00000000                CY_APPL_ORIGIN = 0x0
                0x00000100                CY_FLASH_ROW_SIZE = 0x100
                0x00000020                CY_ECC_ROW_SIZE = 0x20
                0x00000000                CY_EE_IN_BTLDR = 0x0
                0x00000000                CY_APPL_LOADABLE = 0x0
                0x00000800                CY_EE_SIZE = 0x800
                0x00000001                CY_APPL_NUM = 0x1
                0x00000001                CY_APPL_MAX = 0x1
                0x00000040                CY_METADATA_SIZE = 0x40
                0x00000000                CY_APPL_LOADABLE = 0x0
                0x00000000                CY_CHECKSUM_EXCLUDE_SIZE = ALIGN (0x0, CY_FLASH_ROW_SIZE)
                [!provide]                PROVIDE (__cy_heap_start, _end)
                0x00000001                PROVIDE (__cy_region_num, ((__cy_regions_end - __cy_regions) / 0x10))
                0x20008000                PROVIDE (__cy_stack, (ORIGIN (ram) + LENGTH (ram)))
                [!provide]                PROVIDE (__cy_heap_end, (__cy_stack - 0x4000))

.cybootloader   0x00000000        0x0
 *(.cybootloader)
                0x00000000                appl1_start = CY_APPL_ORIGIN?CY_APPL_ORIGIN:ALIGN (CY_FLASH_ROW_SIZE)
                0x0001ff00                appl2_start = (appl1_start + ALIGN ((((LENGTH (rom) - appl1_start) - (0x2 * CY_FLASH_ROW_SIZE)) / 0x2), CY_FLASH_ROW_SIZE))
                0x00000000                appl_start = (CY_APPL_NUM == 0x1)?appl1_start:appl2_start
                0x00000000                ecc_offset = ((appl_start / CY_FLASH_ROW_SIZE) * CY_ECC_ROW_SIZE)
                0x00000000                ee_offset = (CY_APPL_LOADABLE && ! (CY_EE_IN_BTLDR))?((CY_EE_SIZE / CY_APPL_MAX) * (CY_APPL_NUM - 0x1)):0x0
                0x00000800                ee_size = (CY_APPL_LOADABLE && ! (CY_EE_IN_BTLDR))?(CY_EE_SIZE / CY_APPL_MAX):CY_EE_SIZE
                [!provide]                PROVIDE (CY_ECC_OFFSET, ecc_offset)

.text           0x00000000     0x23a8
 CREATE_OBJECT_SYMBOLS
                0x00000000                PROVIDE (__cy_interrupt_vector, RomVectors)
 *(.romvectors)
 .romvectors    0x00000000       0x10 .\ARM_GCC_541\Debug\Cm3Start.o
                0x00000000                RomVectors
                0x00000001                ASSERT ((. != __cy_interrupt_vector), No interrupt vector)
                0x00000001                ASSERT (CY_APPL_ORIGIN?(SIZEOF (.cybootloader) <= CY_APPL_ORIGIN):0x1, Wrong image location)
                0x00000010                PROVIDE (__cy_reset, Reset)
 *(.text.Reset)
 .text.Reset    0x00000010       0x18 .\ARM_GCC_541\Debug\Cm3Start.o
                0x00000010                Reset
                0x00000001                ASSERT ((. != __cy_reset), No reset code)
 *(.dma_init)
 .dma_init      0x00000028      0x150 .\ARM_GCC_541\Debug\cyfitter_cfg.o
                0x00000001                ASSERT ((((appl_start + .) <= 0x10000) || 0x0), DMA Init must be within the first 64k of flash)
 *(.text .text.* .gnu.linkonce.t.*)
 .text          0x00000178       0x5c c:/program files (x86)/cypress/psoc creator/4.2/psoc creator/import/gnu/arm/5.4.1/bin/../lib/gcc/arm-none-eabi/5.4.1/armv7-m/crtbegin.o
 .text.main     0x000001d4      0x1c4 .\ARM_GCC_541\Debug\main.o
                0x000001d4                main
 .text.CYCONFIGCPY
                0x00000398       0x20 .\ARM_GCC_541\Debug\cyfitter_cfg.o
 .text.CyClockStartupError
                0x000003b8        0xc .\ARM_GCC_541\Debug\cyfitter_cfg.o
 .text.cfg_dma_init
                0x000003c4      0x154 .\ARM_GCC_541\Debug\cyfitter_cfg.o
 .text.ClockSetup
                0x00000518      0x144 .\ARM_GCC_541\Debug\cyfitter_cfg.o
 .text.AnalogSetDefault
                0x0000065c       0x58 .\ARM_GCC_541\Debug\cyfitter_cfg.o
 .text.ADC_AMux_Set
                0x000006b4       0x40 .\ARM_GCC_541\Debug\cyfitter_cfg.o
                0x000006b4                ADC_AMux_Set
 .text.ADC_AMux_Unset
                0x000006f4       0x44 .\ARM_GCC_541\Debug\cyfitter_cfg.o
                0x000006f4                ADC_AMux_Unset
 .text.cyfitter_cfg
                0x00000738       0xe4 .\ARM_GCC_541\Debug\cyfitter_cfg.o
                0x00000738                cyfitter_cfg
 .text.IntDefaultHandler
                0x0000081c       0x14 .\ARM_GCC_541\Debug\Cm3Start.o
                0x0000081c                IntDefaultHandler
 .text._sbrk    0x00000830       0x54 .\ARM_GCC_541\Debug\Cm3Start.o
                0x00000830                _sbrk
 .text.Start_c  0x00000884       0x98 .\ARM_GCC_541\Debug\Cm3Start.o
                0x00000884                Start_c
 .text.initialize_psoc
                0x0000091c       0x90 .\ARM_GCC_541\Debug\Cm3Start.o
                0x0000091c                initialize_psoc
 .text.ADC_Init
                0x000009ac      0x11c .\ARM_GCC_541\Debug\VoltageDisplay_DelSigADC.a(ADC.o)
                0x000009ac                ADC_Init
 .text.ADC_Enable
                0x00000ac8      0x158 .\ARM_GCC_541\Debug\VoltageDisplay_DelSigADC.a(ADC.o)
                0x00000ac8                ADC_Enable
 .text.ADC_Start
                0x00000c20       0x30 .\ARM_GCC_541\Debug\VoltageDisplay_DelSigADC.a(ADC.o)
                0x00000c20                ADC_Start
 .text.ADC_StartConvert
                0x00000c50       0x20 .\ARM_GCC_541\Debug\VoltageDisplay_DelSigADC.a(ADC.o)
                0x00000c50                ADC_StartConvert
 .text.ADC_IsEndConversion
                0x00000c70       0x4c .\ARM_GCC_541\Debug\VoltageDisplay_DelSigADC.a(ADC.o)
                0x00000c70                ADC_IsEndConversion
 .text.ADC_GetResult32
                0x00000cbc       0xa8 .\ARM_GCC_541\Debug\VoltageDisplay_DelSigADC.a(ADC.o)
                0x00000cbc                ADC_GetResult32
 .text.ADC_CountsTo_uVolts
                0x00000d64       0xb8 .\ARM_GCC_541\Debug\VoltageDisplay_DelSigADC.a(ADC.o)
                0x00000d64                ADC_CountsTo_uVolts
 .text.ADC_InitConfig
                0x00000e1c      0x168 .\ARM_GCC_541\Debug\VoltageDisplay_DelSigADC.a(ADC.o)
 .text.ADC_GainCompensation
                0x00000f84      0x170 .\ARM_GCC_541\Debug\VoltageDisplay_DelSigADC.a(ADC.o)
 .text.ADC_SetDSMRef0Reg
                0x000010f4       0x7c .\ARM_GCC_541\Debug\VoltageDisplay_DelSigADC.a(ADC.o)
 .text.ADC_ISR1
                0x00001170        0xc .\ARM_GCC_541\Debug\VoltageDisplay_DelSigADC.a(ADC_INT.o)
                0x00001170                ADC_ISR1
 .text.LCD_Init
                0x0000117c       0x70 .\ARM_GCC_541\Debug\VoltageDisplay_DelSigADC.a(LCD.o)
                0x0000117c                LCD_Init
 .text.LCD_Enable
                0x000011ec       0x18 .\ARM_GCC_541\Debug\VoltageDisplay_DelSigADC.a(LCD.o)
                0x000011ec                LCD_Enable
 .text.LCD_Start
                0x00001204       0x24 .\ARM_GCC_541\Debug\VoltageDisplay_DelSigADC.a(LCD.o)
                0x00001204                LCD_Start
 .text.LCD_Position
                0x00001228       0x70 .\ARM_GCC_541\Debug\VoltageDisplay_DelSigADC.a(LCD.o)
                0x00001228                LCD_Position
 .text.LCD_PrintString
                0x00001298       0x3c .\ARM_GCC_541\Debug\VoltageDisplay_DelSigADC.a(LCD.o)
                0x00001298                LCD_PrintString
 .text.LCD_PutChar
                0x000012d4       0x1c .\ARM_GCC_541\Debug\VoltageDisplay_DelSigADC.a(LCD.o)
                0x000012d4                LCD_PutChar
 .text.LCD_WriteData
                0x000012f0       0x34 .\ARM_GCC_541\Debug\VoltageDisplay_DelSigADC.a(LCD.o)
                0x000012f0                LCD_WriteData
 .text.LCD_WriteControl
                0x00001324       0x34 .\ARM_GCC_541\Debug\VoltageDisplay_DelSigADC.a(LCD.o)
                0x00001324                LCD_WriteControl
 .text.LCD_IsReady
                0x00001358      0x178 .\ARM_GCC_541\Debug\VoltageDisplay_DelSigADC.a(LCD.o)
                0x00001358                LCD_IsReady
 .text.LCD_WrDatNib
                0x000014d0       0x78 .\ARM_GCC_541\Debug\VoltageDisplay_DelSigADC.a(LCD.o)
 .text.LCD_WrCntrlNib
                0x00001548       0x64 .\ARM_GCC_541\Debug\VoltageDisplay_DelSigADC.a(LCD.o)
 .text.ADC_AMux_Start
                0x000015ac       0x34 .\ARM_GCC_541\Debug\VoltageDisplay_DelSigADC.a(ADC_AMux.o)
                0x000015ac                ADC_AMux_Start
 .text.ADC_AMux_Select
                0x000015e0       0x28 .\ARM_GCC_541\Debug\VoltageDisplay_DelSigADC.a(ADC_AMux.o)
                0x000015e0                ADC_AMux_Select
 .text.ADC_Ext_CP_Clk_SetDividerRegister
                0x00001608      0x164 .\ARM_GCC_541\Debug\VoltageDisplay_DelSigADC.a(ADC_Ext_CP_Clk.o)
                0x00001608                ADC_Ext_CP_Clk_SetDividerRegister
 .text.ADC_Ext_CP_Clk_GetDividerRegister
                0x0000176c       0x18 .\ARM_GCC_541\Debug\VoltageDisplay_DelSigADC.a(ADC_Ext_CP_Clk.o)
                0x0000176c                ADC_Ext_CP_Clk_GetDividerRegister
 .text.ADC_Ext_CP_Clk_SetModeRegister
                0x00001784       0x34 .\ARM_GCC_541\Debug\VoltageDisplay_DelSigADC.a(ADC_Ext_CP_Clk.o)
                0x00001784                ADC_Ext_CP_Clk_SetModeRegister
 .text.ADC_Ext_CP_Clk_GetSourceRegister
                0x000017b8       0x1c .\ARM_GCC_541\Debug\VoltageDisplay_DelSigADC.a(ADC_Ext_CP_Clk.o)
                0x000017b8                ADC_Ext_CP_Clk_GetSourceRegister
 .text.ADC_theACLK_SetDividerRegister
                0x000017d4      0x164 .\ARM_GCC_541\Debug\VoltageDisplay_DelSigADC.a(ADC_theACLK.o)
                0x000017d4                ADC_theACLK_SetDividerRegister
 .text.ADC_theACLK_GetDividerRegister
                0x00001938       0x18 .\ARM_GCC_541\Debug\VoltageDisplay_DelSigADC.a(ADC_theACLK.o)
                0x00001938                ADC_theACLK_GetDividerRegister
 .text.ADC_theACLK_SetModeRegister
                0x00001950       0x34 .\ARM_GCC_541\Debug\VoltageDisplay_DelSigADC.a(ADC_theACLK.o)
                0x00001950                ADC_theACLK_SetModeRegister
 .text.ADC_theACLK_GetSourceRegister
                0x00001984       0x1c .\ARM_GCC_541\Debug\VoltageDisplay_DelSigADC.a(ADC_theACLK.o)
                0x00001984                ADC_theACLK_GetSourceRegister
 .text.CyHalt   0x000019a0       0x18 .\ARM_GCC_541\Debug\VoltageDisplay_DelSigADC.a(CyLib.o)
                0x000019a0                CyHalt
 .text.CyDelay  0x000019b8       0x44 .\ARM_GCC_541\Debug\VoltageDisplay_DelSigADC.a(CyLib.o)
                0x000019b8                CyDelay
 .text.CyDelayUs
                0x000019fc       0x28 .\ARM_GCC_541\Debug\VoltageDisplay_DelSigADC.a(CyLib.o)
                0x000019fc                CyDelayUs
 .text.CyIntSetVector
                0x00001a24       0x50 .\ARM_GCC_541\Debug\VoltageDisplay_DelSigADC.a(CyLib.o)
                0x00001a24                CyIntSetVector
 .text.CyIntSetPriority
                0x00001a74       0x48 .\ARM_GCC_541\Debug\VoltageDisplay_DelSigADC.a(CyLib.o)
                0x00001a74                CyIntSetPriority
 *fill*         0x00001abc        0x4 
 .text          0x00001ac0       0x20 .\ARM_GCC_541\Debug\VoltageDisplay_DelSigADC.a(CyBootAsmGnu.o)
                0x00001ac0                CyDelayCycles
                0x00001ad0                CyEnterCriticalSection
                0x00001ad8                CyExitCriticalSection
 .text.__errno  0x00001ae0        0xc c:/program files (x86)/cypress/psoc creator/4.2/psoc creator/import/gnu/arm/5.4.1/bin/../lib/gcc/arm-none-eabi/5.4.1/../../../../arm-none-eabi/lib/armv7-m\libg_nano.a(lib_a-errno.o)
                0x00001ae0                __errno
 .text.__libc_init_array
                0x00001aec       0x4c c:/program files (x86)/cypress/psoc creator/4.2/psoc creator/import/gnu/arm/5.4.1/bin/../lib/gcc/arm-none-eabi/5.4.1/../../../../arm-none-eabi/lib/armv7-m\libg_nano.a(lib_a-init.o)
                0x00001aec                __libc_init_array
 .text.memcpy   0x00001b38       0x16 c:/program files (x86)/cypress/psoc creator/4.2/psoc creator/import/gnu/arm/5.4.1/bin/../lib/gcc/arm-none-eabi/5.4.1/../../../../arm-none-eabi/lib/armv7-m\libg_nano.a(lib_a-memcpy-stub.o)
                0x00001b38                memcpy
 .text.memset   0x00001b4e       0x10 c:/program files (x86)/cypress/psoc creator/4.2/psoc creator/import/gnu/arm/5.4.1/bin/../lib/gcc/arm-none-eabi/5.4.1/../../../../arm-none-eabi/lib/armv7-m\libg_nano.a(lib_a-memset.o)
                0x00001b4e                memset
 *fill*         0x00001b5e        0x2 
 .text.sprintf  0x00001b60       0x48 c:/program files (x86)/cypress/psoc creator/4.2/psoc creator/import/gnu/arm/5.4.1/bin/../lib/gcc/arm-none-eabi/5.4.1/../../../../arm-none-eabi/lib/armv7-m\libg_nano.a(lib_a-sprintf.o)
                0x00001b60                siprintf
                0x00001b60                sprintf
 .text.__ssputs_r
                0x00001ba8       0xb2 c:/program files (x86)/cypress/psoc creator/4.2/psoc creator/import/gnu/arm/5.4.1/bin/../lib/gcc/arm-none-eabi/5.4.1/../../../../arm-none-eabi/lib/armv7-m\libg_nano.a(lib_a-nano-svfprintf.o)
                0x00001ba8                __ssputs_r
 *fill*         0x00001c5a        0x2 
 .text._svfprintf_r
                0x00001c5c      0x1e8 c:/program files (x86)/cypress/psoc creator/4.2/psoc creator/import/gnu/arm/5.4.1/bin/../lib/gcc/arm-none-eabi/5.4.1/../../../../arm-none-eabi/lib/armv7-m\libg_nano.a(lib_a-nano-svfprintf.o)
                0x00001c5c                _svfiprintf_r
                0x00001c5c                _svfprintf_r
 .text._printf_common
                0x00001e44       0xec c:/program files (x86)/cypress/psoc creator/4.2/psoc creator/import/gnu/arm/5.4.1/bin/../lib/gcc/arm-none-eabi/5.4.1/../../../../arm-none-eabi/lib/armv7-m\libg_nano.a(lib_a-nano-vfprintf_i.o)
                0x00001e44                _printf_common
 .text._printf_i
                0x00001f30      0x24c c:/program files (x86)/cypress/psoc creator/4.2/psoc creator/import/gnu/arm/5.4.1/bin/../lib/gcc/arm-none-eabi/5.4.1/../../../../arm-none-eabi/lib/armv7-m\libg_nano.a(lib_a-nano-vfprintf_i.o)
                0x00001f30                _printf_i
 .text.memchr   0x0000217c       0x1c c:/program files (x86)/cypress/psoc creator/4.2/psoc creator/import/gnu/arm/5.4.1/bin/../lib/gcc/arm-none-eabi/5.4.1/../../../../arm-none-eabi/lib/armv7-m\libg_nano.a(lib_a-memchr-stub.o)
                0x0000217c                memchr
 .text.memmove  0x00002198       0x36 c:/program files (x86)/cypress/psoc creator/4.2/psoc creator/import/gnu/arm/5.4.1/bin/../lib/gcc/arm-none-eabi/5.4.1/../../../../arm-none-eabi/lib/armv7-m\libg_nano.a(lib_a-memmove.o)
                0x00002198                memmove
 *fill*         0x000021ce        0x2 
 .text._free_r  0x000021d0       0x98 c:/program files (x86)/cypress/psoc creator/4.2/psoc creator/import/gnu/arm/5.4.1/bin/../lib/gcc/arm-none-eabi/5.4.1/../../../../arm-none-eabi/lib/armv7-m\libg_nano.a(lib_a-nano-freer.o)
                0x000021d0                _free_r
 .text._malloc_r
                0x00002268       0xbc c:/program files (x86)/cypress/psoc creator/4.2/psoc creator/import/gnu/arm/5.4.1/bin/../lib/gcc/arm-none-eabi/5.4.1/../../../../arm-none-eabi/lib/armv7-m\libg_nano.a(lib_a-nano-mallocr.o)
                0x00002268                _malloc_r
 .text._realloc_r
                0x00002324       0x4c c:/program files (x86)/cypress/psoc creator/4.2/psoc creator/import/gnu/arm/5.4.1/bin/../lib/gcc/arm-none-eabi/5.4.1/../../../../arm-none-eabi/lib/armv7-m\libg_nano.a(lib_a-nano-reallocr.o)
                0x00002324                _realloc_r
 .text._sbrk_r  0x00002370       0x20 c:/program files (x86)/cypress/psoc creator/4.2/psoc creator/import/gnu/arm/5.4.1/bin/../lib/gcc/arm-none-eabi/5.4.1/../../../../arm-none-eabi/lib/armv7-m\libg_nano.a(lib_a-sbrkr.o)
                0x00002370                _sbrk_r
 .text.__malloc_lock
                0x00002390        0x2 c:/program files (x86)/cypress/psoc creator/4.2/psoc creator/import/gnu/arm/5.4.1/bin/../lib/gcc/arm-none-eabi/5.4.1/../../../../arm-none-eabi/lib/armv7-m\libg_nano.a(lib_a-mlock.o)
                0x00002390                __malloc_lock
 .text.__malloc_unlock
                0x00002392        0x2 c:/program files (x86)/cypress/psoc creator/4.2/psoc creator/import/gnu/arm/5.4.1/bin/../lib/gcc/arm-none-eabi/5.4.1/../../../../arm-none-eabi/lib/armv7-m\libg_nano.a(lib_a-mlock.o)
                0x00002392                __malloc_unlock
 .text._malloc_usable_size_r
                0x00002394       0x14 c:/program files (x86)/cypress/psoc creator/4.2/psoc creator/import/gnu/arm/5.4.1/bin/../lib/gcc/arm-none-eabi/5.4.1/../../../../arm-none-eabi/lib/armv7-m\libg_nano.a(lib_a-nano-msizer.o)
                0x00002394                _malloc_usable_size_r
 *(.plt)
 *(.gnu.warning)
 *(.glue_7t)
 .glue_7t       0x000023a8        0x0 linker stubs
 *(.glue_7)
 .glue_7        0x000023a8        0x0 linker stubs
 *(.vfp11_veneer)
 .vfp11_veneer  0x000023a8        0x0 linker stubs
 *(.bootloader)
 *(.ARM.extab* .gnu.linkonce.armextab.*)
 *(.gcc_except_table)

.v4_bx          0x000023a8        0x0
 .v4_bx         0x000023a8        0x0 linker stubs

.iplt           0x000023a8        0x0
 .iplt          0x000023a8        0x0 c:/program files (x86)/cypress/psoc creator/4.2/psoc creator/import/gnu/arm/5.4.1/bin/../lib/gcc/arm-none-eabi/5.4.1/armv7-m/crtbegin.o

.eh_frame_hdr
 *(.eh_frame_hdr)

.eh_frame       0x000023a8        0x4
 *(.eh_frame)
 .eh_frame      0x000023a8        0x0 c:/program files (x86)/cypress/psoc creator/4.2/psoc creator/import/gnu/arm/5.4.1/bin/../lib/gcc/arm-none-eabi/5.4.1/armv7-m/crtbegin.o
 .eh_frame      0x000023a8        0x4 c:/program files (x86)/cypress/psoc creator/4.2/psoc creator/import/gnu/arm/5.4.1/bin/../lib/gcc/arm-none-eabi/5.4.1/armv7-m/crtend.o
                [!provide]                PROVIDE (__exidx_start, .)

.ARM.exidx
 *(.ARM.exidx* .gnu.linkonce.armexidx.*)
                0x000023ac                __exidx_end = .

.rodata         0x000023ac      0x12c
 *(.rodata .rodata.* .gnu.linkonce.r.*)
 .rodata        0x000023ac       0x15 .\ARM_GCC_541\Debug\main.o
 *fill*         0x000023c1        0x3 
 .rodata        0x000023c4       0xa4 .\ARM_GCC_541\Debug\cyfitter_cfg.o
                0x000023c4                ADC_AMux__addrTable
                0x000023cc                ADC_AMux__maskTable
 .rodata.str1.1
                0x00002468        0x2 c:/program files (x86)/cypress/psoc creator/4.2/psoc creator/import/gnu/arm/5.4.1/bin/../lib/gcc/arm-none-eabi/5.4.1/../../../../arm-none-eabi/lib/armv7-m\libg_nano.a(lib_a-impure.o)
 .rodata.str1.1
                0x0000246a       0x11 c:/program files (x86)/cypress/psoc creator/4.2/psoc creator/import/gnu/arm/5.4.1/bin/../lib/gcc/arm-none-eabi/5.4.1/../../../../arm-none-eabi/lib/armv7-m\libg_nano.a(lib_a-nano-svfprintf.o)
 .rodata.str1.1
                0x0000247b       0x22 c:/program files (x86)/cypress/psoc creator/4.2/psoc creator/import/gnu/arm/5.4.1/bin/../lib/gcc/arm-none-eabi/5.4.1/../../../../arm-none-eabi/lib/armv7-m\libg_nano.a(lib_a-nano-vfprintf_i.o)
                0x000024a0                . = ALIGN (0x4)
 *fill*         0x0000249d        0x3 
 *(.init)
 .init          0x000024a0        0x4 c:/program files (x86)/cypress/psoc creator/4.2/psoc creator/import/gnu/arm/5.4.1/bin/../lib/gcc/arm-none-eabi/5.4.1/armv7-m/crti.o
                0x000024a0                _init
 .init          0x000024a4        0x8 c:/program files (x86)/cypress/psoc creator/4.2/psoc creator/import/gnu/arm/5.4.1/bin/../lib/gcc/arm-none-eabi/5.4.1/armv7-m/crtn.o
                0x000024ac                . = ALIGN (0x4)
                0x000024ac                __preinit_array_start = .
 *(.preinit_array)
                0x000024ac                __preinit_array_end = .
                0x000024ac                . = ALIGN (0x4)
                0x000024ac                __init_array_start = .
 *(SORT(.init_array.*))
 *(.init_array)
 .init_array    0x000024ac        0x4 c:/program files (x86)/cypress/psoc creator/4.2/psoc creator/import/gnu/arm/5.4.1/bin/../lib/gcc/arm-none-eabi/5.4.1/armv7-m/crtbegin.o
 .init_array    0x000024b0        0x4 .\ARM_GCC_541\Debug\Cm3Start.o
                0x000024b4                __init_array_end = .
                0x000024b4                . = ALIGN (0x4)
 *(.fini)
 .fini          0x000024b4        0x4 c:/program files (x86)/cypress/psoc creator/4.2/psoc creator/import/gnu/arm/5.4.1/bin/../lib/gcc/arm-none-eabi/5.4.1/armv7-m/crti.o
                0x000024b4                _fini
 .fini          0x000024b8        0x8 c:/program files (x86)/cypress/psoc creator/4.2/psoc creator/import/gnu/arm/5.4.1/bin/../lib/gcc/arm-none-eabi/5.4.1/armv7-m/crtn.o
                0x000024c0                . = ALIGN (0x4)
                0x000024c0                __fini_array_start = .
 *(.fini_array)
 .fini_array    0x000024c0        0x4 c:/program files (x86)/cypress/psoc creator/4.2/psoc creator/import/gnu/arm/5.4.1/bin/../lib/gcc/arm-none-eabi/5.4.1/armv7-m/crtbegin.o
 *(SORT(.fini_array.*))
                0x000024c4                __fini_array_end = .
                0x000024c4                . = ALIGN (0x4)
 *crtbegin.o(.ctors)
 *(EXCLUDE_FILE(*crtend.o) .ctors)
 *(SORT(.ctors.*))
 *crtend.o(.ctors)
                0x000024c4                . = ALIGN (0x4)
 *crtbegin.o(.dtors)
 *(EXCLUDE_FILE(*crtend.o) .dtors)
 *(SORT(.dtors.*))
 *crtend.o(.dtors)
                0x000024c4                . = ALIGN (0x4)
                0x000024c4                __cy_regions = .
                0x000024c4        0x4 LONG 0x24d8 __cy_region_init_ram
                0x000024c8        0x4 LONG 0x1fff80c8 __cy_region_start_data
                0x000024cc        0x4 LONG 0x80 __cy_region_init_size_ram
                0x000024d0        0x4 LONG 0x48 __cy_region_zero_size_ram
                0x000024d4                __cy_regions_end = .
                0x000024d8                . = ALIGN (0x8)
 *fill*         0x000024d4        0x4 
                0x000024d8                _etext = .

.cy_checksum_exclude
                0x000024d8        0x0
 *(.cy_checksum_exclude)

.ramvectors     0x1fff8000       0xc0
                0x1fff8000                __cy_region_start_ram = .
 *(.ramvectors)
 .ramvectors    0x1fff8000       0xc0 .\ARM_GCC_541\Debug\Cm3Start.o
                0x1fff8000                CyRamVectors

.noinit         0x1fff80c0        0x5
 *(.noinit)
 .noinit        0x1fff80c0        0x4 .\ARM_GCC_541\Debug\Cm3Start.o
 .noinit        0x1fff80c4        0x1 .\ARM_GCC_541\Debug\VoltageDisplay_DelSigADC.a(CyLib.o)
                0x1fff80c4                CyResetStatus

.data           0x1fff80c8       0x80 load address 0x000024d8
                0x1fff80c8                __cy_region_start_data = .
 *(.jcr)
 .jcr           0x1fff80c8        0x0 c:/program files (x86)/cypress/psoc creator/4.2/psoc creator/import/gnu/arm/5.4.1/bin/../lib/gcc/arm-none-eabi/5.4.1/armv7-m/crtbegin.o
 .jcr           0x1fff80c8        0x4 c:/program files (x86)/cypress/psoc creator/4.2/psoc creator/import/gnu/arm/5.4.1/bin/../lib/gcc/arm-none-eabi/5.4.1/armv7-m/crtend.o
 *(.got.plt)
 *(.got)
 *(.shdata)
 *(.data .data.* .gnu.linkonce.d.*)
 .data          0x1fff80cc        0x4 .\ARM_GCC_541\Debug\Cm3Start.o
 .data          0x1fff80d0        0x1 .\ARM_GCC_541\Debug\VoltageDisplay_DelSigADC.a(ADC.o)
                0x1fff80d0                ADC_Config
 .data          0x1fff80d1        0x1 .\ARM_GCC_541\Debug\VoltageDisplay_DelSigADC.a(ADC_AMux.o)
 *fill*         0x1fff80d2        0x2 
 .data          0x1fff80d4       0x10 .\ARM_GCC_541\Debug\VoltageDisplay_DelSigADC.a(CyLib.o)
                0x1fff80d4                cydelay_freq_hz
                0x1fff80d8                cydelay_freq_khz
                0x1fff80dc                cydelay_freq_mhz
                0x1fff80e0                cydelay_32k_ms
 .data.impure_data
                0x1fff80e4       0x60 c:/program files (x86)/cypress/psoc creator/4.2/psoc creator/import/gnu/arm/5.4.1/bin/../lib/gcc/arm-none-eabi/5.4.1/../../../../arm-none-eabi/lib/armv7-m\libg_nano.a(lib_a-impure.o)
 .data._impure_ptr
                0x1fff8144        0x4 c:/program files (x86)/cypress/psoc creator/4.2/psoc creator/import/gnu/arm/5.4.1/bin/../lib/gcc/arm-none-eabi/5.4.1/../../../../arm-none-eabi/lib/armv7-m\libg_nano.a(lib_a-impure.o)
                0x1fff8144                _impure_ptr
                0x1fff8148                . = ALIGN (0x8)
 *(.ram)
                0x1fff8148                _edata = .

.igot.plt       0x1fff8148        0x0 load address 0x00002558
 .igot.plt      0x1fff8148        0x0 c:/program files (x86)/cypress/psoc creator/4.2/psoc creator/import/gnu/arm/5.4.1/bin/../lib/gcc/arm-none-eabi/5.4.1/armv7-m/crtbegin.o

.bss            0x1fff8148       0x48 load address 0x00002558
                0x1fff8148                PROVIDE (__bss_start__, .)
 *(.shbss)
 *(.bss .bss.* .gnu.linkonce.b.*)
 .bss           0x1fff8148       0x1c c:/program files (x86)/cypress/psoc creator/4.2/psoc creator/import/gnu/arm/5.4.1/bin/../lib/gcc/arm-none-eabi/5.4.1/armv7-m/crtbegin.o
 *fill*         0x1fff8164        0x4 
 .bss           0x1fff8168        0x4 .\ARM_GCC_541\Debug\cyfitter_cfg.o
 .bss           0x1fff816c        0xc .\ARM_GCC_541\Debug\VoltageDisplay_DelSigADC.a(ADC.o)
                0x1fff816c                ADC_convDone
                0x1fff816d                ADC_stopConversion
                0x1fff816e                ADC_initVar
                0x1fff816f                ADC_started
                0x1fff8170                ADC_Offset
 .bss           0x1fff8178        0x2 .\ARM_GCC_541\Debug\VoltageDisplay_DelSigADC.a(LCD.o)
                0x1fff8178                LCD_enableState
                0x1fff8179                LCD_initVar
 *fill*         0x1fff817a        0x2 
 .bss.__malloc_sbrk_start
                0x1fff817c        0x4 c:/program files (x86)/cypress/psoc creator/4.2/psoc creator/import/gnu/arm/5.4.1/bin/../lib/gcc/arm-none-eabi/5.4.1/../../../../arm-none-eabi/lib/armv7-m\libg_nano.a(lib_a-nano-mallocr.o)
                0x1fff817c                __malloc_sbrk_start
 .bss.__malloc_free_list
                0x1fff8180        0x4 c:/program files (x86)/cypress/psoc creator/4.2/psoc creator/import/gnu/arm/5.4.1/bin/../lib/gcc/arm-none-eabi/5.4.1/../../../../arm-none-eabi/lib/armv7-m\libg_nano.a(lib_a-nano-mallocr.o)
                0x1fff8180                __malloc_free_list
 *(COMMON)
 COMMON         0x1fff8184        0x4 .\ARM_GCC_541\Debug\VoltageDisplay_DelSigADC.a(ADC.o)
                0x1fff8184                ADC_CountsPerVolt
 COMMON         0x1fff8188        0x4 c:/program files (x86)/cypress/psoc creator/4.2/psoc creator/import/gnu/arm/5.4.1/bin/../lib/gcc/arm-none-eabi/5.4.1/../../../../arm-none-eabi/lib/armv7-m\libg_nano.a(lib_a-reent.o)
                0x1fff8188                errno
                0x1fff8190                . = ALIGN (0x8)
 *fill*         0x1fff818c        0x4 
 *(.ram.b)
                0x1fff8190                _end = .
                0x1fff8190                __end = .
                0x1fff8190                PROVIDE (end, .)
                0x1fff8190                PROVIDE (__bss_end__, .)
                0x000024d8                __cy_region_init_ram = LOADADDR (.data)
                0x00000080                __cy_region_init_size_ram = (_edata - ADDR (.data))
                0x00000048                __cy_region_zero_size_ram = (_end - _edata)

.heap           0x1fff8190     0x1000 load address 0x00002558
                0x1fff8190                . = _end
                0x1fff9190                . = (. + 0x1000)
 *fill*         0x1fff8190     0x1000 
                0x1fff9190                __cy_heap_limit = .

.stack          0x20004000     0x4000
                0x20004000                __cy_stack_limit = .
                0x20008000                . = (. + 0x4000)
 *fill*         0x20004000     0x4000 
                0x00000001                ASSERT ((__cy_stack_limit >= __cy_heap_limit), region RAM overflowed with stack)
                0x00000000                cy_checksum_exclude_size = (CY_APPL_LOADABLE == 0x1)?SIZEOF (.cy_checksum_exclude):0x0
                0x00000001                ASSERT ((cy_checksum_exclude_size <= CY_CHECKSUM_EXCLUDE_SIZE), CY_BOOT: Section .cy_checksum_exclude size exceedes specified limit.)

.cyloadermeta
 *(.cyloadermeta)

.cyloadablemeta
 *(.cyloadablemeta)

.cyconfigecc    0x80000000      0x81c
 *(.cyconfigecc)
 .cyconfigecc   0x80000000      0x81c .\ARM_GCC_541\Debug\cymetadata.o
                0x80000000                cy_meta_configecc

.cycustnvl      0x90000000        0x4
 *(.cycustnvl)
 .cycustnvl     0x90000000        0x4 .\ARM_GCC_541\Debug\cymetadata.o
                0x90000000                cy_meta_custnvl

.cywolatch      0x90100000        0x4
 *(.cywolatch)
 .cywolatch     0x90100000        0x4 .\ARM_GCC_541\Debug\cymetadata.o
                0x90100000                cy_meta_wonvl

.cyeeprom       0x90200000        0x0
 *(.cyeeprom)
                0x00000001                ASSERT ((. <= ((0x90200000 + ee_offset) + ee_size)), .cyeeprom data will not fit in EEPROM)

.cyflashprotect
                0x90400000      0x100
 *(.cyflashprotect)
 .cyflashprotect
                0x90400000      0x100 .\ARM_GCC_541\Debug\cymetadata.o
                0x90400000                cy_meta_flashprotect

.cymeta         0x90500000        0xc
 *(.cymeta)
 .cymeta        0x90500000        0xc .\ARM_GCC_541\Debug\cymetadata.o
                0x90500000                cy_metadata

.rel.dyn        0x00002558        0x0 load address 0x9050000c
 .rel.iplt      0x00002558        0x0 c:/program files (x86)/cypress/psoc creator/4.2/psoc creator/import/gnu/arm/5.4.1/bin/../lib/gcc/arm-none-eabi/5.4.1/armv7-m/crtbegin.o

.stab
 *(.stab)

.stabstr
 *(.stabstr)

.debug
 *(.debug)

.line
 *(.line)

.debug_srcinfo
 *(.debug_srcinfo)

.debug_sfnames
 *(.debug_sfnames)

.debug_aranges  0x00000000      0x828
 *(.debug_aranges)
 .debug_aranges
                0x00000000       0x20 .\ARM_GCC_541\Debug\main.o
 .debug_aranges
                0x00000020       0x70 .\ARM_GCC_541\Debug\cyfitter_cfg.o
 .debug_aranges
                0x00000090       0x18 .\ARM_GCC_541\Debug\cymetadata.o
 .debug_aranges
                0x000000a8       0x48 .\ARM_GCC_541\Debug\Cm3Start.o
 .debug_aranges
                0x000000f0       0xe8 .\ARM_GCC_541\Debug\VoltageDisplay_DelSigADC.a(ADC.o)
 .debug_aranges
                0x000001d8       0x38 .\ARM_GCC_541\Debug\VoltageDisplay_DelSigADC.a(ADC_INT.o)
 .debug_aranges
                0x00000210       0x98 .\ARM_GCC_541\Debug\VoltageDisplay_DelSigADC.a(LCD.o)
 .debug_aranges
                0x000002a8       0x30 .\ARM_GCC_541\Debug\VoltageDisplay_DelSigADC.a(ADC_AMux.o)
 .debug_aranges
                0x000002d8       0x70 .\ARM_GCC_541\Debug\VoltageDisplay_DelSigADC.a(ADC_Ext_CP_Clk.o)
 .debug_aranges
                0x00000348       0x80 .\ARM_GCC_541\Debug\VoltageDisplay_DelSigADC.a(ADC_theACLK.o)
 .debug_aranges
                0x000003c8      0x2a0 .\ARM_GCC_541\Debug\VoltageDisplay_DelSigADC.a(CyLib.o)
 .debug_aranges
                0x00000668       0x98 .\ARM_GCC_541\Debug\VoltageDisplay_DelSigADC.a(cyPm.o)
 .debug_aranges
                0x00000700       0x20 .\ARM_GCC_541\Debug\VoltageDisplay_DelSigADC.a(CyBootAsmGnu.o)
 .debug_aranges
                0x00000720       0x88 .\ARM_GCC_541\Debug\VoltageDisplay_DelSigADC.a(CyFlash.o)
 .debug_aranges
                0x000007a8       0x80 .\ARM_GCC_541\Debug\VoltageDisplay_DelSigADC.a(CySpc.o)

.debug_pubnames
 *(.debug_pubnames)

.debug_info     0x00000000     0x391a
 *(.debug_info .gnu.linkonce.wi.*)
 .debug_info    0x00000000      0x192 .\ARM_GCC_541\Debug\main.o
 .debug_info    0x00000192      0x459 .\ARM_GCC_541\Debug\cyfitter_cfg.o
 .debug_info    0x000005eb      0x139 .\ARM_GCC_541\Debug\cymetadata.o
 .debug_info    0x00000724      0x32b .\ARM_GCC_541\Debug\Cm3Start.o
 .debug_info    0x00000a4f      0x72c .\ARM_GCC_541\Debug\VoltageDisplay_DelSigADC.a(ADC.o)
 .debug_info    0x0000117b       0xd3 .\ARM_GCC_541\Debug\VoltageDisplay_DelSigADC.a(ADC_INT.o)
 .debug_info    0x0000124e      0x3cf .\ARM_GCC_541\Debug\VoltageDisplay_DelSigADC.a(LCD.o)
 .debug_info    0x0000161d      0x10a .\ARM_GCC_541\Debug\VoltageDisplay_DelSigADC.a(ADC_AMux.o)
 .debug_info    0x00001727      0x25d .\ARM_GCC_541\Debug\VoltageDisplay_DelSigADC.a(ADC_Ext_CP_Clk.o)
 .debug_info    0x00001984      0x299 .\ARM_GCC_541\Debug\VoltageDisplay_DelSigADC.a(ADC_theACLK.o)
 .debug_info    0x00001c1d      0xe51 .\ARM_GCC_541\Debug\VoltageDisplay_DelSigADC.a(CyLib.o)
 .debug_info    0x00002a6e      0x57a .\ARM_GCC_541\Debug\VoltageDisplay_DelSigADC.a(cyPm.o)
 .debug_info    0x00002fe8       0xb9 .\ARM_GCC_541\Debug\VoltageDisplay_DelSigADC.a(CyBootAsmGnu.o)
 .debug_info    0x000030a1      0x3b9 .\ARM_GCC_541\Debug\VoltageDisplay_DelSigADC.a(CyFlash.o)
 .debug_info    0x0000345a      0x4c0 .\ARM_GCC_541\Debug\VoltageDisplay_DelSigADC.a(CySpc.o)

.debug_abbrev   0x00000000     0x1083
 *(.debug_abbrev)
 .debug_abbrev  0x00000000       0xa8 .\ARM_GCC_541\Debug\main.o
 .debug_abbrev  0x000000a8      0x1a3 .\ARM_GCC_541\Debug\cyfitter_cfg.o
 .debug_abbrev  0x0000024b       0x77 .\ARM_GCC_541\Debug\cymetadata.o
 .debug_abbrev  0x000002c2      0x1d6 .\ARM_GCC_541\Debug\Cm3Start.o
 .debug_abbrev  0x00000498      0x19d .\ARM_GCC_541\Debug\VoltageDisplay_DelSigADC.a(ADC.o)
 .debug_abbrev  0x00000635       0x42 .\ARM_GCC_541\Debug\VoltageDisplay_DelSigADC.a(ADC_INT.o)
 .debug_abbrev  0x00000677      0x120 .\ARM_GCC_541\Debug\VoltageDisplay_DelSigADC.a(LCD.o)
 .debug_abbrev  0x00000797       0x6f .\ARM_GCC_541\Debug\VoltageDisplay_DelSigADC.a(ADC_AMux.o)
 .debug_abbrev  0x00000806      0x11d .\ARM_GCC_541\Debug\VoltageDisplay_DelSigADC.a(ADC_Ext_CP_Clk.o)
 .debug_abbrev  0x00000923      0x11d .\ARM_GCC_541\Debug\VoltageDisplay_DelSigADC.a(ADC_theACLK.o)
 .debug_abbrev  0x00000a40      0x217 .\ARM_GCC_541\Debug\VoltageDisplay_DelSigADC.a(CyLib.o)
 .debug_abbrev  0x00000c57      0x161 .\ARM_GCC_541\Debug\VoltageDisplay_DelSigADC.a(cyPm.o)
 .debug_abbrev  0x00000db8       0x14 .\ARM_GCC_541\Debug\VoltageDisplay_DelSigADC.a(CyBootAsmGnu.o)
 .debug_abbrev  0x00000dcc      0x14b .\ARM_GCC_541\Debug\VoltageDisplay_DelSigADC.a(CyFlash.o)
 .debug_abbrev  0x00000f17      0x16c .\ARM_GCC_541\Debug\VoltageDisplay_DelSigADC.a(CySpc.o)

.debug_line     0x00000000     0x21be
 *(.debug_line)
 .debug_line    0x00000000      0x1b2 .\ARM_GCC_541\Debug\main.o
 .debug_line    0x000001b2      0x23d .\ARM_GCC_541\Debug\cyfitter_cfg.o
 .debug_line    0x000003ef      0x141 .\ARM_GCC_541\Debug\cymetadata.o
 .debug_line    0x00000530      0x1dc .\ARM_GCC_541\Debug\Cm3Start.o
 .debug_line    0x0000070c      0x356 .\ARM_GCC_541\Debug\VoltageDisplay_DelSigADC.a(ADC.o)
 .debug_line    0x00000a62       0x8c .\ARM_GCC_541\Debug\VoltageDisplay_DelSigADC.a(ADC_INT.o)
 .debug_line    0x00000aee      0x1e1 .\ARM_GCC_541\Debug\VoltageDisplay_DelSigADC.a(LCD.o)
 .debug_line    0x00000ccf       0x9d .\ARM_GCC_541\Debug\VoltageDisplay_DelSigADC.a(ADC_AMux.o)
 .debug_line    0x00000d6c      0x1ad .\ARM_GCC_541\Debug\VoltageDisplay_DelSigADC.a(ADC_Ext_CP_Clk.o)
 .debug_line    0x00000f19      0x1ce .\ARM_GCC_541\Debug\VoltageDisplay_DelSigADC.a(ADC_theACLK.o)
 .debug_line    0x000010e7      0x883 .\ARM_GCC_541\Debug\VoltageDisplay_DelSigADC.a(CyLib.o)
 .debug_line    0x0000196a      0x38e .\ARM_GCC_541\Debug\VoltageDisplay_DelSigADC.a(cyPm.o)
 .debug_line    0x00001cf8       0x66 .\ARM_GCC_541\Debug\VoltageDisplay_DelSigADC.a(CyBootAsmGnu.o)
 .debug_line    0x00001d5e      0x22f .\ARM_GCC_541\Debug\VoltageDisplay_DelSigADC.a(CyFlash.o)
 .debug_line    0x00001f8d      0x231 .\ARM_GCC_541\Debug\VoltageDisplay_DelSigADC.a(CySpc.o)

.debug_frame    0x00000000     0x2484
 *(.debug_frame)
 .debug_frame   0x00000000       0x30 .\ARM_GCC_541\Debug\main.o
 .debug_frame   0x00000030      0x1b0 .\ARM_GCC_541\Debug\cyfitter_cfg.o
 .debug_frame   0x000001e0       0xd8 .\ARM_GCC_541\Debug\Cm3Start.o
 .debug_frame   0x000002b8      0x40c .\ARM_GCC_541\Debug\VoltageDisplay_DelSigADC.a(ADC.o)
 .debug_frame   0x000006c4       0xa0 .\ARM_GCC_541\Debug\VoltageDisplay_DelSigADC.a(ADC_INT.o)
 .debug_frame   0x00000764      0x260 .\ARM_GCC_541\Debug\VoltageDisplay_DelSigADC.a(LCD.o)
 .debug_frame   0x000009c4       0x88 .\ARM_GCC_541\Debug\VoltageDisplay_DelSigADC.a(ADC_AMux.o)
 .debug_frame   0x00000a4c      0x1b4 .\ARM_GCC_541\Debug\VoltageDisplay_DelSigADC.a(ADC_Ext_CP_Clk.o)
 .debug_frame   0x00000c00      0x200 .\ARM_GCC_541\Debug\VoltageDisplay_DelSigADC.a(ADC_theACLK.o)
 .debug_frame   0x00000e00      0xc0c .\ARM_GCC_541\Debug\VoltageDisplay_DelSigADC.a(CyLib.o)
 .debug_frame   0x00001a0c      0x234 .\ARM_GCC_541\Debug\VoltageDisplay_DelSigADC.a(cyPm.o)
 .debug_frame   0x00001c40      0x238 .\ARM_GCC_541\Debug\VoltageDisplay_DelSigADC.a(CyFlash.o)
 .debug_frame   0x00001e78      0x228 .\ARM_GCC_541\Debug\VoltageDisplay_DelSigADC.a(CySpc.o)
 .debug_frame   0x000020a0       0x20 c:/program files (x86)/cypress/psoc creator/4.2/psoc creator/import/gnu/arm/5.4.1/bin/../lib/gcc/arm-none-eabi/5.4.1/../../../../arm-none-eabi/lib/armv7-m\libg_nano.a(lib_a-errno.o)
 .debug_frame   0x000020c0       0x28 c:/program files (x86)/cypress/psoc creator/4.2/psoc creator/import/gnu/arm/5.4.1/bin/../lib/gcc/arm-none-eabi/5.4.1/../../../../arm-none-eabi/lib/armv7-m\libg_nano.a(lib_a-exit.o)
 .debug_frame   0x000020e8       0x2c c:/program files (x86)/cypress/psoc creator/4.2/psoc creator/import/gnu/arm/5.4.1/bin/../lib/gcc/arm-none-eabi/5.4.1/../../../../arm-none-eabi/lib/armv7-m\libg_nano.a(lib_a-init.o)
 .debug_frame   0x00002114       0x28 c:/program files (x86)/cypress/psoc creator/4.2/psoc creator/import/gnu/arm/5.4.1/bin/../lib/gcc/arm-none-eabi/5.4.1/../../../../arm-none-eabi/lib/armv7-m\libg_nano.a(lib_a-memcpy-stub.o)
 .debug_frame   0x0000213c       0x20 c:/program files (x86)/cypress/psoc creator/4.2/psoc creator/import/gnu/arm/5.4.1/bin/../lib/gcc/arm-none-eabi/5.4.1/../../../../arm-none-eabi/lib/armv7-m\libg_nano.a(lib_a-memset.o)
 .debug_frame   0x0000215c       0x70 c:/program files (x86)/cypress/psoc creator/4.2/psoc creator/import/gnu/arm/5.4.1/bin/../lib/gcc/arm-none-eabi/5.4.1/../../../../arm-none-eabi/lib/armv7-m\libg_nano.a(lib_a-sprintf.o)
 .debug_frame   0x000021cc       0x90 c:/program files (x86)/cypress/psoc creator/4.2/psoc creator/import/gnu/arm/5.4.1/bin/../lib/gcc/arm-none-eabi/5.4.1/../../../../arm-none-eabi/lib/armv7-m\libg_nano.a(lib_a-nano-svfprintf.o)
 .debug_frame   0x0000225c       0x60 c:/program files (x86)/cypress/psoc creator/4.2/psoc creator/import/gnu/arm/5.4.1/bin/../lib/gcc/arm-none-eabi/5.4.1/../../../../arm-none-eabi/lib/armv7-m\libg_nano.a(lib_a-nano-vfprintf_i.o)
 .debug_frame   0x000022bc       0x28 c:/program files (x86)/cypress/psoc creator/4.2/psoc creator/import/gnu/arm/5.4.1/bin/../lib/gcc/arm-none-eabi/5.4.1/../../../../arm-none-eabi/lib/armv7-m\libg_nano.a(lib_a-memchr-stub.o)
 .debug_frame   0x000022e4       0x28 c:/program files (x86)/cypress/psoc creator/4.2/psoc creator/import/gnu/arm/5.4.1/bin/../lib/gcc/arm-none-eabi/5.4.1/../../../../arm-none-eabi/lib/armv7-m\libg_nano.a(lib_a-memmove.o)
 .debug_frame   0x0000230c       0x38 c:/program files (x86)/cypress/psoc creator/4.2/psoc creator/import/gnu/arm/5.4.1/bin/../lib/gcc/arm-none-eabi/5.4.1/../../../../arm-none-eabi/lib/armv7-m\libg_nano.a(lib_a-nano-freer.o)
 .debug_frame   0x00002344       0x2c c:/program files (x86)/cypress/psoc creator/4.2/psoc creator/import/gnu/arm/5.4.1/bin/../lib/gcc/arm-none-eabi/5.4.1/../../../../arm-none-eabi/lib/armv7-m\libg_nano.a(lib_a-nano-mallocr.o)
 .debug_frame   0x00002370       0x3c c:/program files (x86)/cypress/psoc creator/4.2/psoc creator/import/gnu/arm/5.4.1/bin/../lib/gcc/arm-none-eabi/5.4.1/../../../../arm-none-eabi/lib/armv7-m\libg_nano.a(lib_a-nano-reallocr.o)
 .debug_frame   0x000023ac       0x2c c:/program files (x86)/cypress/psoc creator/4.2/psoc creator/import/gnu/arm/5.4.1/bin/../lib/gcc/arm-none-eabi/5.4.1/../../../../arm-none-eabi/lib/armv7-m\libg_nano.a(lib_a-sbrkr.o)
 .debug_frame   0x000023d8       0x30 c:/program files (x86)/cypress/psoc creator/4.2/psoc creator/import/gnu/arm/5.4.1/bin/../lib/gcc/arm-none-eabi/5.4.1/../../../../arm-none-eabi/lib/armv7-m\libg_nano.a(lib_a-mlock.o)
 .debug_frame   0x00002408       0x20 c:/program files (x86)/cypress/psoc creator/4.2/psoc creator/import/gnu/arm/5.4.1/bin/../lib/gcc/arm-none-eabi/5.4.1/../../../../arm-none-eabi/lib/armv7-m\libg_nano.a(lib_a-nano-msizer.o)
 .debug_frame   0x00002428       0x5c c:/program files (x86)/cypress/psoc creator/4.2/psoc creator/import/gnu/arm/5.4.1/bin/../lib/gcc/arm-none-eabi/5.4.1/../../../../arm-none-eabi/lib/armv7-m\libg_nano.a(lib_a-reent.o)

.debug_str      0x00000000     0x1b90
 *(.debug_str)
 .debug_str     0x00000000      0x1cd .\ARM_GCC_541\Debug\main.o
                                0x221 (size before relaxing)
 .debug_str     0x000001cd      0x1d6 .\ARM_GCC_541\Debug\cyfitter_cfg.o
                                0x385 (size before relaxing)
 .debug_str     0x000003a3       0x7f .\ARM_GCC_541\Debug\cymetadata.o
                                0x20d (size before relaxing)
 .debug_str     0x00000422      0x124 .\ARM_GCC_541\Debug\Cm3Start.o
                                0x300 (size before relaxing)
 .debug_str     0x00000546      0x2f6 .\ARM_GCC_541\Debug\VoltageDisplay_DelSigADC.a(ADC.o)
                                0x508 (size before relaxing)
 .debug_str     0x0000083c       0x45 .\ARM_GCC_541\Debug\VoltageDisplay_DelSigADC.a(ADC_INT.o)
                                0x1e9 (size before relaxing)
 .debug_str     0x00000881      0x177 .\ARM_GCC_541\Debug\VoltageDisplay_DelSigADC.a(LCD.o)
                                0x342 (size before relaxing)
 .debug_str     0x000009f8       0x6f .\ARM_GCC_541\Debug\VoltageDisplay_DelSigADC.a(ADC_AMux.o)
                                0x20c (size before relaxing)
 .debug_str     0x00000a67      0x1b4 .\ARM_GCC_541\Debug\VoltageDisplay_DelSigADC.a(ADC_Ext_CP_Clk.o)
                                0x36b (size before relaxing)
 .debug_str     0x00000c1b      0x18a .\ARM_GCC_541\Debug\VoltageDisplay_DelSigADC.a(ADC_theACLK.o)
                                0x38a (size before relaxing)
 .debug_str     0x00000da5      0x7f7 .\ARM_GCC_541\Debug\VoltageDisplay_DelSigADC.a(CyLib.o)
                                0xa13 (size before relaxing)
 .debug_str     0x0000159c      0x371 .\ARM_GCC_541\Debug\VoltageDisplay_DelSigADC.a(cyPm.o)
                                0x56c (size before relaxing)
 .debug_str     0x0000190d      0x156 .\ARM_GCC_541\Debug\VoltageDisplay_DelSigADC.a(CyFlash.o)
                                0x330 (size before relaxing)
 .debug_str     0x00001a63      0x12d .\ARM_GCC_541\Debug\VoltageDisplay_DelSigADC.a(CySpc.o)
                                0x32a (size before relaxing)

.debug_loc
 *(.debug_loc)

.debug_macinfo
 *(.debug_macinfo)

.debug_ranges   0x00000000      0x720
 *(.debug_ranges)
 .debug_ranges  0x00000000       0x10 .\ARM_GCC_541\Debug\main.o
 .debug_ranges  0x00000010       0x60 .\ARM_GCC_541\Debug\cyfitter_cfg.o
 .debug_ranges  0x00000070       0x38 .\ARM_GCC_541\Debug\Cm3Start.o
 .debug_ranges  0x000000a8       0xd8 .\ARM_GCC_541\Debug\VoltageDisplay_DelSigADC.a(ADC.o)
 .debug_ranges  0x00000180       0x28 .\ARM_GCC_541\Debug\VoltageDisplay_DelSigADC.a(ADC_INT.o)
 .debug_ranges  0x000001a8       0x88 .\ARM_GCC_541\Debug\VoltageDisplay_DelSigADC.a(LCD.o)
 .debug_ranges  0x00000230       0x20 .\ARM_GCC_541\Debug\VoltageDisplay_DelSigADC.a(ADC_AMux.o)
 .debug_ranges  0x00000250       0x60 .\ARM_GCC_541\Debug\VoltageDisplay_DelSigADC.a(ADC_Ext_CP_Clk.o)
 .debug_ranges  0x000002b0       0x70 .\ARM_GCC_541\Debug\VoltageDisplay_DelSigADC.a(ADC_theACLK.o)
 .debug_ranges  0x00000320      0x290 .\ARM_GCC_541\Debug\VoltageDisplay_DelSigADC.a(CyLib.o)
 .debug_ranges  0x000005b0       0x88 .\ARM_GCC_541\Debug\VoltageDisplay_DelSigADC.a(cyPm.o)
 .debug_ranges  0x00000638       0x78 .\ARM_GCC_541\Debug\VoltageDisplay_DelSigADC.a(CyFlash.o)
 .debug_ranges  0x000006b0       0x70 .\ARM_GCC_541\Debug\VoltageDisplay_DelSigADC.a(CySpc.o)

.comment        0x00000000       0x6e
 .comment       0x00000000       0x6e .\ARM_GCC_541\Debug\main.o
                                 0x6f (size before relaxing)
 .comment       0x0000006e       0x6f .\ARM_GCC_541\Debug\cyfitter_cfg.o
 .comment       0x0000006e       0x6f .\ARM_GCC_541\Debug\cymetadata.o
 .comment       0x0000006e       0x6f .\ARM_GCC_541\Debug\Cm3Start.o
 .comment       0x0000006e       0x6f .\ARM_GCC_541\Debug\VoltageDisplay_DelSigADC.a(ADC.o)
 .comment       0x0000006e       0x6f .\ARM_GCC_541\Debug\VoltageDisplay_DelSigADC.a(ADC_INT.o)
 .comment       0x0000006e       0x6f .\ARM_GCC_541\Debug\VoltageDisplay_DelSigADC.a(LCD.o)
 .comment       0x0000006e       0x6f .\ARM_GCC_541\Debug\VoltageDisplay_DelSigADC.a(ADC_AMux.o)
 .comment       0x0000006e       0x6f .\ARM_GCC_541\Debug\VoltageDisplay_DelSigADC.a(ADC_Ext_CP_Clk.o)
 .comment       0x0000006e       0x6f .\ARM_GCC_541\Debug\VoltageDisplay_DelSigADC.a(ADC_theACLK.o)
 .comment       0x0000006e       0x6f .\ARM_GCC_541\Debug\VoltageDisplay_DelSigADC.a(CyLib.o)
 .comment       0x0000006e       0x6f .\ARM_GCC_541\Debug\VoltageDisplay_DelSigADC.a(cyPm.o)
 .comment       0x0000006e       0x6f .\ARM_GCC_541\Debug\VoltageDisplay_DelSigADC.a(CyFlash.o)
 .comment       0x0000006e       0x6f .\ARM_GCC_541\Debug\VoltageDisplay_DelSigADC.a(CySpc.o)

.debug_weaknames
 *(.debug_weaknames)

.debug_funcnames
 *(.debug_funcnames)

.debug_typenames
 *(.debug_typenames)

.debug_varnames
 *(.debug_varnames)

.note.gnu.arm.ident
 *(.note.gnu.arm.ident)

.ARM.attributes
                0x00000000       0x29
 *(.ARM.attributes)
 .ARM.attributes
                0x00000000       0x1d c:/program files (x86)/cypress/psoc creator/4.2/psoc creator/import/gnu/arm/5.4.1/bin/../lib/gcc/arm-none-eabi/5.4.1/armv7-m/crti.o
 .ARM.attributes
                0x0000001d       0x2d c:/program files (x86)/cypress/psoc creator/4.2/psoc creator/import/gnu/arm/5.4.1/bin/../lib/gcc/arm-none-eabi/5.4.1/armv7-m/crtbegin.o
 .ARM.attributes
                0x0000004a       0x1b c:/program files (x86)/cypress/psoc creator/4.2/psoc creator/import/gnu/arm/5.4.1/bin/../lib/gcc/arm-none-eabi/5.4.1/../../../../arm-none-eabi/lib/armv7-m/crt0.o
 .ARM.attributes
                0x00000065       0x33 .\ARM_GCC_541\Debug\main.o
 .ARM.attributes
                0x00000098       0x33 .\ARM_GCC_541\Debug\cyfitter_cfg.o
 .ARM.attributes
                0x000000cb       0x33 .\ARM_GCC_541\Debug\cymetadata.o
 .ARM.attributes
                0x000000fe       0x33 .\ARM_GCC_541\Debug\Cm3Start.o
 .ARM.attributes
                0x00000131       0x33 .\ARM_GCC_541\Debug\VoltageDisplay_DelSigADC.a(ADC.o)
 .ARM.attributes
                0x00000164       0x33 .\ARM_GCC_541\Debug\VoltageDisplay_DelSigADC.a(ADC_INT.o)
 .ARM.attributes
                0x00000197       0x33 .\ARM_GCC_541\Debug\VoltageDisplay_DelSigADC.a(LCD.o)
 .ARM.attributes
                0x000001ca       0x33 .\ARM_GCC_541\Debug\VoltageDisplay_DelSigADC.a(ADC_AMux.o)
 .ARM.attributes
                0x000001fd       0x33 .\ARM_GCC_541\Debug\VoltageDisplay_DelSigADC.a(ADC_Ext_CP_Clk.o)
 .ARM.attributes
                0x00000230       0x33 .\ARM_GCC_541\Debug\VoltageDisplay_DelSigADC.a(ADC_theACLK.o)
 .ARM.attributes
                0x00000263       0x33 .\ARM_GCC_541\Debug\VoltageDisplay_DelSigADC.a(CyLib.o)
 .ARM.attributes
                0x00000296       0x33 .\ARM_GCC_541\Debug\VoltageDisplay_DelSigADC.a(cyPm.o)
 .ARM.attributes
                0x000002c9       0x21 .\ARM_GCC_541\Debug\VoltageDisplay_DelSigADC.a(CyBootAsmGnu.o)
 .ARM.attributes
                0x000002ea       0x33 .\ARM_GCC_541\Debug\VoltageDisplay_DelSigADC.a(CyFlash.o)
 .ARM.attributes
                0x0000031d       0x33 .\ARM_GCC_541\Debug\VoltageDisplay_DelSigADC.a(CySpc.o)
 .ARM.attributes
                0x00000350       0x1d c:/program files (x86)/cypress/psoc creator/4.2/psoc creator/import/gnu/arm/5.4.1/bin/../lib/gcc/arm-none-eabi/5.4.1/armv7-m\libgcc.a(_arm_addsubdf3.o)
 .ARM.attributes
                0x0000036d       0x1d c:/program files (x86)/cypress/psoc creator/4.2/psoc creator/import/gnu/arm/5.4.1/bin/../lib/gcc/arm-none-eabi/5.4.1/armv7-m\libgcc.a(_arm_cmpdf2.o)
 .ARM.attributes
                0x0000038a       0x1d c:/program files (x86)/cypress/psoc creator/4.2/psoc creator/import/gnu/arm/5.4.1/bin/../lib/gcc/arm-none-eabi/5.4.1/armv7-m\libgcc.a(_arm_addsubsf3.o)
 .ARM.attributes
                0x000003a7       0x1d c:/program files (x86)/cypress/psoc creator/4.2/psoc creator/import/gnu/arm/5.4.1/bin/../lib/gcc/arm-none-eabi/5.4.1/armv7-m\libgcc.a(_arm_muldivsf3.o)
 .ARM.attributes
                0x000003c4       0x1d c:/program files (x86)/cypress/psoc creator/4.2/psoc creator/import/gnu/arm/5.4.1/bin/../lib/gcc/arm-none-eabi/5.4.1/armv7-m\libgcc.a(_arm_fixunssfsi.o)
 .ARM.attributes
                0x000003e1       0x2d c:/program files (x86)/cypress/psoc creator/4.2/psoc creator/import/gnu/arm/5.4.1/bin/../lib/gcc/arm-none-eabi/5.4.1/../../../../arm-none-eabi/lib/armv7-m\libg_nano.a(lib_a-errno.o)
 .ARM.attributes
                0x0000040e       0x2d c:/program files (x86)/cypress/psoc creator/4.2/psoc creator/import/gnu/arm/5.4.1/bin/../lib/gcc/arm-none-eabi/5.4.1/../../../../arm-none-eabi/lib/armv7-m\libg_nano.a(lib_a-exit.o)
 .ARM.attributes
                0x0000043b       0x2d c:/program files (x86)/cypress/psoc creator/4.2/psoc creator/import/gnu/arm/5.4.1/bin/../lib/gcc/arm-none-eabi/5.4.1/../../../../arm-none-eabi/lib/armv7-m\libg_nano.a(lib_a-impure.o)
 .ARM.attributes
                0x00000468       0x2d c:/program files (x86)/cypress/psoc creator/4.2/psoc creator/import/gnu/arm/5.4.1/bin/../lib/gcc/arm-none-eabi/5.4.1/../../../../arm-none-eabi/lib/armv7-m\libg_nano.a(lib_a-init.o)
 .ARM.attributes
                0x00000495       0x2d c:/program files (x86)/cypress/psoc creator/4.2/psoc creator/import/gnu/arm/5.4.1/bin/../lib/gcc/arm-none-eabi/5.4.1/../../../../arm-none-eabi/lib/armv7-m\libg_nano.a(lib_a-memcpy-stub.o)
 .ARM.attributes
                0x000004c2       0x2d c:/program files (x86)/cypress/psoc creator/4.2/psoc creator/import/gnu/arm/5.4.1/bin/../lib/gcc/arm-none-eabi/5.4.1/../../../../arm-none-eabi/lib/armv7-m\libg_nano.a(lib_a-memset.o)
 .ARM.attributes
                0x000004ef       0x2d c:/program files (x86)/cypress/psoc creator/4.2/psoc creator/import/gnu/arm/5.4.1/bin/../lib/gcc/arm-none-eabi/5.4.1/../../../../arm-none-eabi/lib/armv7-m\libg_nano.a(lib_a-sprintf.o)
 .ARM.attributes
                0x0000051c       0x2d c:/program files (x86)/cypress/psoc creator/4.2/psoc creator/import/gnu/arm/5.4.1/bin/../lib/gcc/arm-none-eabi/5.4.1/../../../../arm-none-eabi/lib/armv7-m\libg_nano.a(lib_a-nano-svfprintf.o)
 .ARM.attributes
                0x00000549       0x2d c:/program files (x86)/cypress/psoc creator/4.2/psoc creator/import/gnu/arm/5.4.1/bin/../lib/gcc/arm-none-eabi/5.4.1/../../../../arm-none-eabi/lib/armv7-m\libg_nano.a(lib_a-nano-vfprintf_i.o)
 .ARM.attributes
                0x00000576       0x2d c:/program files (x86)/cypress/psoc creator/4.2/psoc creator/import/gnu/arm/5.4.1/bin/../lib/gcc/arm-none-eabi/5.4.1/../../../../arm-none-eabi/lib/armv7-m\libg_nano.a(lib_a-memchr-stub.o)
 .ARM.attributes
                0x000005a3       0x2d c:/program files (x86)/cypress/psoc creator/4.2/psoc creator/import/gnu/arm/5.4.1/bin/../lib/gcc/arm-none-eabi/5.4.1/../../../../arm-none-eabi/lib/armv7-m\libg_nano.a(lib_a-memmove.o)
 .ARM.attributes
                0x000005d0       0x2d c:/program files (x86)/cypress/psoc creator/4.2/psoc creator/import/gnu/arm/5.4.1/bin/../lib/gcc/arm-none-eabi/5.4.1/../../../../arm-none-eabi/lib/armv7-m\libg_nano.a(lib_a-nano-freer.o)
 .ARM.attributes
                0x000005fd       0x2d c:/program files (x86)/cypress/psoc creator/4.2/psoc creator/import/gnu/arm/5.4.1/bin/../lib/gcc/arm-none-eabi/5.4.1/../../../../arm-none-eabi/lib/armv7-m\libg_nano.a(lib_a-nano-mallocr.o)
 .ARM.attributes
                0x0000062a       0x2d c:/program files (x86)/cypress/psoc creator/4.2/psoc creator/import/gnu/arm/5.4.1/bin/../lib/gcc/arm-none-eabi/5.4.1/../../../../arm-none-eabi/lib/armv7-m\libg_nano.a(lib_a-nano-reallocr.o)
 .ARM.attributes
                0x00000657       0x2d c:/program files (x86)/cypress/psoc creator/4.2/psoc creator/import/gnu/arm/5.4.1/bin/../lib/gcc/arm-none-eabi/5.4.1/../../../../arm-none-eabi/lib/armv7-m\libg_nano.a(lib_a-sbrkr.o)
 .ARM.attributes
                0x00000684       0x2d c:/program files (x86)/cypress/psoc creator/4.2/psoc creator/import/gnu/arm/5.4.1/bin/../lib/gcc/arm-none-eabi/5.4.1/../../../../arm-none-eabi/lib/armv7-m\libg_nano.a(lib_a-mlock.o)
 .ARM.attributes
                0x000006b1       0x2d c:/program files (x86)/cypress/psoc creator/4.2/psoc creator/import/gnu/arm/5.4.1/bin/../lib/gcc/arm-none-eabi/5.4.1/../../../../arm-none-eabi/lib/armv7-m\libg_nano.a(lib_a-nano-msizer.o)
 .ARM.attributes
                0x000006de       0x2d c:/program files (x86)/cypress/psoc creator/4.2/psoc creator/import/gnu/arm/5.4.1/bin/../lib/gcc/arm-none-eabi/5.4.1/../../../../arm-none-eabi/lib/armv7-m\libg_nano.a(lib_a-reent.o)
 .ARM.attributes
                0x0000070b       0x2d c:/program files (x86)/cypress/psoc creator/4.2/psoc creator/import/gnu/arm/5.4.1/bin/../lib/gcc/arm-none-eabi/5.4.1/armv7-m/crtend.o
 .ARM.attributes
                0x00000738       0x1d c:/program files (x86)/cypress/psoc creator/4.2/psoc creator/import/gnu/arm/5.4.1/bin/../lib/gcc/arm-none-eabi/5.4.1/armv7-m/crtn.o

/DISCARD/
 *(.note.GNU-stack)
OUTPUT(C:\Users\David\Documents\Technical Topics\PSoC Creator Projects\NotePerfect\VoltageDisplay_DelSigADC.cydsn\ARM_GCC_541\Debug\VoltageDisplay_DelSigADC.elf elf32-littlearm)
